Archive member included because of file (symbol)

/cygdrive/c/cygwin/nxtOSEK/ecrobot/../ecrobot/libecrobot.a(ecrobot_HiTechnic.o)
                              build/lookup.o (ecrobot_get_gyro_sensor)
/cygdrive/c/cygwin/nxtOSEK/ecrobot/../ecrobot/libecrobot.a(ecrobot_interface.o)
                              build/lookup.o (ecrobot_set_motor_speed)
/cygdrive/c/cygwin/nxtOSEK/ecrobot/../ecrobot/libecrobot.a(colorsensor.o)
                              /cygdrive/c/cygwin/nxtOSEK/ecrobot/../ecrobot/libecrobot.a(ecrobot_interface.o) (colorsensor_init)
/cygdrive/c/cygwin/nxtOSEK/ecrobot/../ecrobot/libecrobot.a(uart.oram)
                              build/config/at91sam7s-gnu/irq.oram (uart_isr_C_0)
/cygdrive/c/cygwin/nxtOSEK/ecrobot/../ecrobot/libecrobot.a(systick.oram)
                              build/syslib/at91sam7s-gnu/lego_nxt/hw_sys_timer.oram (systick_low_priority_C)
/cygdrive/c/cygwin/nxtOSEK/ecrobot/../ecrobot/libecrobot.a(byte_fifo.oram)
                              /cygdrive/c/cygwin/nxtOSEK/ecrobot/../ecrobot/libecrobot.a(uart.oram) (byte_fifo_put)
/cygdrive/c/cygwin/nxtOSEK/ecrobot/../ecrobot/libecrobot.a(aic.oram)
                              /cygdrive/c/cygwin/nxtOSEK/ecrobot/../ecrobot/libecrobot.a(uart.oram) (aic_set_vector)
/cygdrive/c/cygwin/nxtOSEK/ecrobot/../ecrobot/libecrobot.a(udp.oram)
                              build/config/at91sam7s-gnu/irq.oram (udp_isr_C)
/cygdrive/c/cygwin/nxtOSEK/ecrobot/../ecrobot/libecrobot.a(twi.oram)
                              build/config/at91sam7s-gnu/irq.oram (twi_isr_C)
/cygdrive/c/cygwin/nxtOSEK/ecrobot/../ecrobot/libecrobot.a(nxt_spi.oram)
                              build/config/at91sam7s-gnu/irq.oram (spi_isr_C)
/cygdrive/c/cygwin/nxtOSEK/ecrobot/../ecrobot/libecrobot.a(nxt_motors.oram)
                              build/lookup.o (nxt_motor_get_count)
/cygdrive/c/cygwin/nxtOSEK/ecrobot/../ecrobot/libecrobot.a(data_abort.oram)
                              build/ecrobot_init.o (data_abort_C)
/cygdrive/c/cygwin/nxtOSEK/ecrobot/../ecrobot/libecrobot.a(display.oram)
                              build/ecrobot_base.o (display_update)
/cygdrive/c/cygwin/nxtOSEK/ecrobot/../ecrobot/libecrobot.a(i2c.oram)
                              build/config/at91sam7s-gnu/irq.oram (i2c_timer_isr_C)
/cygdrive/c/cygwin/nxtOSEK/ecrobot/../ecrobot/libecrobot.a(sound.oram)
                              /cygdrive/c/cygwin/nxtOSEK/ecrobot/../ecrobot/libecrobot.a(ecrobot_interface.o) (sound_get_time)
/cygdrive/c/cygwin/nxtOSEK/ecrobot/../ecrobot/libecrobot.a(bt.oram)
                              build/ecrobot_bluetooth.o (bt_send)
/cygdrive/c/cygwin/nxtOSEK/ecrobot/../ecrobot/libecrobot.a(nxt_avr.oram)
                              build/ecrobot_base.o (nxt_avr_power_down)
/cygdrive/c/cygwin/nxtOSEK/ecrobot/../ecrobot/libecrobot.a(sensors.oram)
                              /cygdrive/c/cygwin/nxtOSEK/ecrobot/../ecrobot/libecrobot.a(ecrobot_interface.o) (unset_digi0)
/cygdrive/c/cygwin/nxtOSEK/ecrobot/../ecrobot/libecrobot.a(sensors1.oram)
                              /cygdrive/c/cygwin/nxtOSEK/ecrobot/../ecrobot/libecrobot.a(colorsensor.o) (sensor_pins)
/cygdrive/c/cygwin/nxtOSEK/ecrobot/../ecrobot/libecrobot.a(nxt_lcd.oram)
                              /cygdrive/c/cygwin/nxtOSEK/ecrobot/../ecrobot/libecrobot.a(display.oram) (nxt_lcd_force_update)
/cygdrive/c/cygwin/nxtOSEK/ecrobot/../ecrobot/libecrobot.a(flash_loader.oram)
                              build/ecrobot_base.o (set_flash_request)
/cygdrive/c/cygwin/nxtOSEK/ecrobot/../ecrobot/libecrobot.a(interrupts.oram)
                              /cygdrive/c/cygwin/nxtOSEK/ecrobot/../ecrobot/libecrobot.a(uart.oram) (interrupts_get_and_disable)
/cygdrive/c/cygwin/nxtOSEK/ecrobot/../ecrobot/libecrobot.a(nxtosek_splash.obmp)
                              build/ecrobot_base.o (nxtosek_splash_bmp_start)
/cygdrive/c/cygwin/nxtOSEK/ecrobot/../ecrobot/libecrobot.a(ecrobot_usb.o)
                              /cygdrive/c/cygwin/nxtOSEK/ecrobot/../ecrobot/libecrobot.a(flash_loader.oram) (ecrobot_init_usb)
/cygdrive/c/cygwin/nxtOSEK/ecrobot/../ecrobot/libecrobot.a(flashprog.oram)
                              /cygdrive/c/cygwin/nxtOSEK/ecrobot/../ecrobot/libecrobot.a(flash_loader.oram) (flash_write_page)
/cygdrive/c/cygwin/nxtOSEK/ecrobot/../ecrobot/libnxtway_gs_balancer.a(balancer.o)
                              build/lookup.o (balance_control)
/cygdrive/C/cygwin/GNUARM/bin/../lib/gcc/arm-elf/4.0.2/thumb/interwork/libgcc.a(_udivsi3.o)
                              build/ecrobot_base.o (__udivsi3)
/cygdrive/C/cygwin/GNUARM/bin/../lib/gcc/arm-elf/4.0.2/thumb/interwork/libgcc.a(_divsi3.o)
                              /cygdrive/c/cygwin/nxtOSEK/ecrobot/../ecrobot/libecrobot.a(uart.oram) (__divsi3)
/cygdrive/C/cygwin/GNUARM/bin/../lib/gcc/arm-elf/4.0.2/thumb/interwork/libgcc.a(_umodsi3.o)
                              /cygdrive/c/cygwin/nxtOSEK/ecrobot/../ecrobot/libecrobot.a(display.oram) (__umodsi3)
[...]
Memory Configuration

Name             Origin             Length             Attributes
vector_ram       0x00200000         0x00000040
ram              0x00200040         0x0000ffc0
*default*        0x00000000         0xffffffff

Linker script and memory map

LOAD build/kernel/alarm.o
LOAD build/kernel/event.o
LOAD build/kernel/interrupt.o
LOAD build/kernel/osctl.o
LOAD build/kernel/resource.o
LOAD build/kernel/task.o
LOAD build/kernel/task_manage.o
LOAD build/config/at91sam7s-gnu/cpu_config.o
LOAD build/config/at91sam7s-gnu/lego_nxt/sys_config.o
LOAD build/./kernel_cfg.o
LOAD build/syscalls.o
LOAD build/ecrobot_bluetooth.o
LOAD build/ecrobot_base.o
LOAD build/ecrobot.o
LOAD build/balancer_param.o
LOAD build/lookup.o
LOAD build/syslib/at91sam7s-gnu/lego_nxt/hw_sys_timer.oram
LOAD build/nxtvm/platform/nxt/vectors.o
LOAD build/config/at91sam7s-gnu/debug.o
LOAD build/config/at91sam7s-gnu/lego_nxt/sys_support.o
LOAD build/nxt_binary_header.o
LOAD build/nxt_entry_point.o
LOAD build/ecrobot_init.o
LOAD build/config/at91sam7s-gnu/cpu_support.oram
LOAD build/config/at91sam7s-gnu/irq.oram
LOAD /cygdrive/c/cygwin/nxtOSEK/ecrobot/../c++/liblejososek.a
LOAD /cygdrive/c/cygwin/nxtOSEK/ecrobot/../ecrobot/libecrobot.a
LOAD /cygdrive/c/cygwin/nxtOSEK/ecrobot/../ecrobot/libnxtway_gs_balancer.a
LOAD /cygdrive/C/cygwin/GNUARM/bin/../lib/gcc/arm-elf/4.0.2/../../../../arm-elf/lib/thumb/interwork/libstdc++.a
LOAD /cygdrive/C/cygwin/GNUARM/bin/../lib/gcc/arm-elf/4.0.2/../../../../arm-elf/lib/thumb/interwork/libm.a
LOAD /cygdrive/C/cygwin/GNUARM/bin/../lib/gcc/arm-elf/4.0.2/thumb/interwork/libgcc.a
LOAD /cygdrive/C/cygwin/GNUARM/bin/../lib/gcc/arm-elf/4.0.2/../../../../arm-elf/lib/thumb/interwork/libc.a
LOAD /cygdrive/C/cygwin/GNUARM/bin/../lib/gcc/arm-elf/4.0.2/thumb/interwork/libgcc.a
                0x00200000                RAM_BASE = 0x200000
                0x00010000                RAM_SIZE = 0x10000

.samba_reserved
                0x00200040     0x1fc0
                0x00202000                . = 0x1fc0
 *fill*         0x00200040     0x1fc0 00
                0x00200040                __samba_ram_start__ = ADDR (.samba_reserved)
                0x00202000                __samba_ram_end__ = (__samba_ram_start__ + SIZEOF (.samba_reserved))

.vectors        0x00200000       0x40 load address 0x00202000
 vectors.o(*.text *.text.*)
 .text          0x00200000       0x38 build/nxtvm/platform/nxt/vectors.o
                0x00200040                . = ALIGN (0x10)
 *fill*         0x00200038        0x8 00
                0x00200000                __vectors_ram_start__ = ADDR (.vectors)
                0x00200040                __vectors_ram_end__ = (ADDR (.vectors) + SIZEOF (.vectors))
                0x00202000                __vectors_load_start__ = LOADADDR (.vectors)
                0x00202040                __vectors_load_end__ = (LOADADDR (.vectors) + SIZEOF (.vectors))

.init           0x00202040      0x280
 *ecrobot_init.o(*.text *.text.*)
 .text          0x00202040      0x280 build/ecrobot_init.o
                0x002021ac                undef_handler
                0x002021b4                prefetch_abort_handler
                0x002021b8                data_abort_handler
                0x002021b0                swi_handler
                0x00202040                start
                0x002021d4                reserved_handler
                0x002022c0                . = ALIGN (0x10)

.ram_text       0x002022c0     0x3850
                0x002022c0                . = ALIGN (0x10)
 *.oram(*.text *.text.* *.glue*)
 .text.systick_isr_C1
                0x002022c0       0x28 build/syslib/at91sam7s-gnu/lego_nxt/hw_sys_timer.oram
                0x002022c0                systick_isr_C1
 *fill*         0x002022e8        0x8 00
 .text          0x002022f0      0x230 build/config/at91sam7s-gnu/cpu_support.oram
                0x002024d0                enable_int
                0x00202370                start_dispatch
                0x00202330                activate_r
                0x002024c8                disable_int
                0x002022f0                dispatch
                0x0020249c                int_return
                0x0020242c                _interrupt
                0x00202360                exit_and_dispatch
                0x002024d8                nop
 .text          0x00202520      0x2c0 build/config/at91sam7s-gnu/irq.oram
                0x00202520                default_isr
                0x002026ac                uart_isr_entry_0
                0x0020262c                twi_isr_entry
                0x002026ec                uart_isr_entry_1
                0x002025ec                spi_isr_entry
                0x0020256c                systick_low_priority_entry
                0x0020272c                nxt_motor_isr_entry
                0x0020276c                i2c_timer_isr_entry
                0x00202520                default_fiq
                0x00202524                systick_isr_entry
                0x00202520                spurious_isr
                0x0020266c                sound_isr_entry
                0x002025ac                udp_isr_entry
 .text.uart_process_isr
                0x002027e0       0x88 /cygdrive/c/cygwin/nxtOSEK/ecrobot/../ecrobot/libecrobot.a(uart.oram)
 .text.uart_isr_C_0
                0x00202868        0xc /cygdrive/c/cygwin/nxtOSEK/ecrobot/../ecrobot/libecrobot.a(uart.oram)
                0x00202868                uart_isr_C_0
 .text.uart_isr_C_1
                0x00202874        0xc /cygdrive/c/cygwin/nxtOSEK/ecrobot/../ecrobot/libecrobot.a(uart.oram)
                0x00202874                uart_isr_C_1
 .text.systick_low_priority_C
                0x00202880       0x1c /cygdrive/c/cygwin/nxtOSEK/ecrobot/../ecrobot/libecrobot.a(systick.oram)
                0x00202880                systick_low_priority_C
 .text.systick_isr_C
                0x0020289c       0x24 /cygdrive/c/cygwin/nxtOSEK/ecrobot/../ecrobot/libecrobot.a(systick.oram)
                0x0020289c                systick_isr_C
 .text.systick_get_ms
                0x002028c0        0xc /cygdrive/c/cygwin/nxtOSEK/ecrobot/../ecrobot/libecrobot.a(systick.oram)
                0x002028c0                systick_get_ms
 .text.systick_wait_ms
                0x002028cc       0x1c /cygdrive/c/cygwin/nxtOSEK/ecrobot/../ecrobot/libecrobot.a(systick.oram)
                0x002028cc                systick_wait_ms
 .text.systick_wait_ns
                0x002028e8       0x1c /cygdrive/c/cygwin/nxtOSEK/ecrobot/../ecrobot/libecrobot.a(systick.oram)
                0x002028e8                systick_wait_ns
 .text.systick_init
                0x00202904       0x58 /cygdrive/c/cygwin/nxtOSEK/ecrobot/../ecrobot/libecrobot.a(systick.oram)
                0x00202904                systick_init
 .text.systick_suspend
                0x0020295c        0xc /cygdrive/c/cygwin/nxtOSEK/ecrobot/../ecrobot/libecrobot.a(systick.oram)
                0x0020295c                systick_suspend
 .text.systick_resume
                0x00202968        0xc /cygdrive/c/cygwin/nxtOSEK/ecrobot/../ecrobot/libecrobot.a(systick.oram)
                0x00202968                systick_resume
 .text.byte_fifo_put
                0x00202974       0x58 /cygdrive/c/cygwin/nxtOSEK/ecrobot/../ecrobot/libecrobot.a(byte_fifo.oram)
                0x00202974                byte_fifo_put
 .text.byte_fifo_get
                0x002029cc       0x2c /cygdrive/c/cygwin/nxtOSEK/ecrobot/../ecrobot/libecrobot.a(byte_fifo.oram)
                0x002029cc                byte_fifo_get
 .text.aic_initialise
                0x002029f8       0x5c /cygdrive/c/cygwin/nxtOSEK/ecrobot/../ecrobot/libecrobot.a(aic.oram)
                0x002029f8                aic_initialise
 .text.aic_set_vector
                0x00202a54       0x30 /cygdrive/c/cygwin/nxtOSEK/ecrobot/../ecrobot/libecrobot.a(aic.oram)
                0x00202a54                aic_set_vector
 .text.aic_mask_on
                0x00202a84       0x24 /cygdrive/c/cygwin/nxtOSEK/ecrobot/../ecrobot/libecrobot.a(aic.oram)
                0x00202a84                aic_mask_on
 .text.aic_mask_off
                0x00202aa8       0x24 /cygdrive/c/cygwin/nxtOSEK/ecrobot/../ecrobot/libecrobot.a(aic.oram)
                0x00202aa8                aic_mask_off
 .text.aic_clear
                0x00202acc       0x24 /cygdrive/c/cygwin/nxtOSEK/ecrobot/../ecrobot/libecrobot.a(aic.oram)
                0x00202acc                aic_clear
 .text.reset    0x00202af0       0x4c /cygdrive/c/cygwin/nxtOSEK/ecrobot/../ecrobot/libecrobot.a(udp.oram)
 .text.udp_send_null
                0x00202b3c       0x2c /cygdrive/c/cygwin/nxtOSEK/ecrobot/../ecrobot/libecrobot.a(udp.oram)
 .text.udp_send_stall
                0x00202b68       0x2c /cygdrive/c/cygwin/nxtOSEK/ecrobot/../ecrobot/libecrobot.a(udp.oram)
 .text.udp_send_control
                0x00202b94       0x60 /cygdrive/c/cygwin/nxtOSEK/ecrobot/../ecrobot/libecrobot.a(udp.oram)
 .text.udp_isr_C
                0x00202bf4      0x7d0 /cygdrive/c/cygwin/nxtOSEK/ecrobot/../ecrobot/libecrobot.a(udp.oram)
                0x00202bf4                udp_isr_C
 .text.twi_status
                0x002033c4       0x20 /cygdrive/c/cygwin/nxtOSEK/ecrobot/../ecrobot/libecrobot.a(twi.oram)
                0x002033c4                twi_status
 .text.twi_isr_C
                0x002033e4       0xc4 /cygdrive/c/cygwin/nxtOSEK/ecrobot/../ecrobot/libecrobot.a(twi.oram)
                0x002033e4                twi_isr_C
 .text.twi_reset
                0x002034a8       0xb4 /cygdrive/c/cygwin/nxtOSEK/ecrobot/../ecrobot/libecrobot.a(twi.oram)
                0x002034a8                twi_reset
 .text.twi_init
                0x0020355c       0x4c /cygdrive/c/cygwin/nxtOSEK/ecrobot/../ecrobot/libecrobot.a(twi.oram)
                0x0020355c                twi_init
 .text.twi_start_read
                0x002035a8       0x60 /cygdrive/c/cygwin/nxtOSEK/ecrobot/../ecrobot/libecrobot.a(twi.oram)
                0x002035a8                twi_start_read
 .text.twi_start_write
                0x00203608       0x64 /cygdrive/c/cygwin/nxtOSEK/ecrobot/../ecrobot/libecrobot.a(twi.oram)
                0x00203608                twi_start_write
 .text.spi_set_mode
                0x0020366c       0x40 /cygdrive/c/cygwin/nxtOSEK/ecrobot/../ecrobot/libecrobot.a(nxt_spi.oram)
 .text.spi_isr_C
                0x002036ac       0x8c /cygdrive/c/cygwin/nxtOSEK/ecrobot/../ecrobot/libecrobot.a(nxt_spi.oram)
                0x002036ac                spi_isr_C
 .text.nxt_spi_init
                0x00203738      0x12c /cygdrive/c/cygwin/nxtOSEK/ecrobot/../ecrobot/libecrobot.a(nxt_spi.oram)
                0x00203738                nxt_spi_init
 .text.nxt_spi_write
                0x00203864       0x44 /cygdrive/c/cygwin/nxtOSEK/ecrobot/../ecrobot/libecrobot.a(nxt_spi.oram)
                0x00203864                nxt_spi_write
 .text.nxt_spi_set_display
                0x002038a8       0x10 /cygdrive/c/cygwin/nxtOSEK/ecrobot/../ecrobot/libecrobot.a(nxt_spi.oram)
                0x002038a8                nxt_spi_set_display
 .text.nxt_spi_refresh
                0x002038b8       0x24 /cygdrive/c/cygwin/nxtOSEK/ecrobot/../ecrobot/libecrobot.a(nxt_spi.oram)
                0x002038b8                nxt_spi_refresh
 .text.nxt_motor_get_count
                0x002038dc       0x14 /cygdrive/c/cygwin/nxtOSEK/ecrobot/../ecrobot/libecrobot.a(nxt_motors.oram)
                0x002038dc                nxt_motor_get_count
 .text.nxt_motor_set_count
                0x002038f0       0x10 /cygdrive/c/cygwin/nxtOSEK/ecrobot/../ecrobot/libecrobot.a(nxt_motors.oram)
                0x002038f0                nxt_motor_set_count
 .text.nxt_motor_set_speed
                0x00203900       0x34 /cygdrive/c/cygwin/nxtOSEK/ecrobot/../ecrobot/libecrobot.a(nxt_motors.oram)
                0x00203900                nxt_motor_set_speed
 .text.nxt_motor_1kHz_process
                0x00203934       0x28 /cygdrive/c/cygwin/nxtOSEK/ecrobot/../ecrobot/libecrobot.a(nxt_motors.oram)
                0x00203934                nxt_motor_1kHz_process
 .text.nxt_motor_quad_decode
                0x0020395c       0x30 /cygdrive/c/cygwin/nxtOSEK/ecrobot/../ecrobot/libecrobot.a(nxt_motors.oram)
                0x0020395c                nxt_motor_quad_decode
 .text.nxt_motor_isr_C
                0x0020398c       0x88 /cygdrive/c/cygwin/nxtOSEK/ecrobot/../ecrobot/libecrobot.a(nxt_motors.oram)
                0x0020398c                nxt_motor_isr_C
 .text.nxt_motor_init
                0x00203a14       0x68 /cygdrive/c/cygwin/nxtOSEK/ecrobot/../ecrobot/libecrobot.a(nxt_motors.oram)
                0x00203a14                nxt_motor_init
 .text.data_abort_C
                0x00203a7c       0x7c /cygdrive/c/cygwin/nxtOSEK/ecrobot/../ecrobot/libecrobot.a(data_abort.oram)
                0x00203a7c                data_abort_C
 .text.display_update
                0x00203af8       0x14 /cygdrive/c/cygwin/nxtOSEK/ecrobot/../ecrobot/libecrobot.a(display.oram)
                0x00203af8                display_update
 .text.display_force_update
                0x00203b0c        0xc /cygdrive/c/cygwin/nxtOSEK/ecrobot/../ecrobot/libecrobot.a(display.oram)
                0x00203b0c                display_force_update
 .text.display_clear
                0x00203b18       0x24 /cygdrive/c/cygwin/nxtOSEK/ecrobot/../ecrobot/libecrobot.a(display.oram)
                0x00203b18                display_clear
 .text.display_goto_xy
                0x00203b3c       0x14 /cygdrive/c/cygwin/nxtOSEK/ecrobot/../ecrobot/libecrobot.a(display.oram)
                0x00203b3c                display_goto_xy
 .text.display_char
                0x00203b50       0x60 /cygdrive/c/cygwin/nxtOSEK/ecrobot/../ecrobot/libecrobot.a(display.oram)
                0x00203b50                display_char
 .text.display_string
                0x00203bb0       0x3c /cygdrive/c/cygwin/nxtOSEK/ecrobot/../ecrobot/libecrobot.a(display.oram)
                0x00203bb0                display_string
 .text.display_hex
                0x00203bec       0x50 /cygdrive/c/cygwin/nxtOSEK/ecrobot/../ecrobot/libecrobot.a(display.oram)
                0x00203bec                display_hex
 .text.display_unsigned_worker
                0x00203c3c       0x70 /cygdrive/c/cygwin/nxtOSEK/ecrobot/../ecrobot/libecrobot.a(display.oram)
 .text.display_unsigned
                0x00203cac        0xc /cygdrive/c/cygwin/nxtOSEK/ecrobot/../ecrobot/libecrobot.a(display.oram)
                0x00203cac                display_unsigned
 .text.display_int
                0x00203cb8       0x14 /cygdrive/c/cygwin/nxtOSEK/ecrobot/../ecrobot/libecrobot.a(display.oram)
                0x00203cb8                display_int
 .text.display_bitmap_copy
                0x00203ccc       0x5c /cygdrive/c/cygwin/nxtOSEK/ecrobot/../ecrobot/libecrobot.a(display.oram)
                0x00203ccc                display_bitmap_copy
 .text.display_init
                0x00203d28       0x50 /cygdrive/c/cygwin/nxtOSEK/ecrobot/../ecrobot/libecrobot.a(display.oram)
                0x00203d28                display_init
 .text.i2c_timer_isr_C
                0x00203d78      0x314 /cygdrive/c/cygwin/nxtOSEK/ecrobot/../ecrobot/libecrobot.a(i2c.oram)
                0x00203d78                i2c_timer_isr_C
 .text.i2c_disable
                0x0020408c       0x20 /cygdrive/c/cygwin/nxtOSEK/ecrobot/../ecrobot/libecrobot.a(i2c.oram)
                0x0020408c                i2c_disable
 .text.i2c_enable
                0x002040ac       0x40 /cygdrive/c/cygwin/nxtOSEK/ecrobot/../ecrobot/libecrobot.a(i2c.oram)
                0x002040ac                i2c_enable
 .text.i2c_init
                0x002040ec       0xa4 /cygdrive/c/cygwin/nxtOSEK/ecrobot/../ecrobot/libecrobot.a(i2c.oram)
                0x002040ec                i2c_init
 .text.i2c_busy
                0x00204190       0x24 /cygdrive/c/cygwin/nxtOSEK/ecrobot/../ecrobot/libecrobot.a(i2c.oram)
                0x00204190                i2c_busy
 .text.i2c_start_transaction
                0x002041b4      0x108 /cygdrive/c/cygwin/nxtOSEK/ecrobot/../ecrobot/libecrobot.a(i2c.oram)
                0x002041b4                i2c_start_transaction
 .text.set_vol  0x002042bc       0xa4 /cygdrive/c/cygwin/nxtOSEK/ecrobot/../ecrobot/libecrobot.a(sound.oram)
 .text.sound_fill_sample_buffer
                0x00204360       0xe4 /cygdrive/c/cygwin/nxtOSEK/ecrobot/../ecrobot/libecrobot.a(sound.oram)
                0x00204360                sound_fill_sample_buffer
 .text.sound_freq_vol
                0x00204444      0x1e4 /cygdrive/c/cygwin/nxtOSEK/ecrobot/../ecrobot/libecrobot.a(sound.oram)
                0x00204444                sound_freq_vol
 .text.sound_init
                0x00204628       0xa0 /cygdrive/c/cygwin/nxtOSEK/ecrobot/../ecrobot/libecrobot.a(sound.oram)
                0x00204628                sound_init
 .text.sound_isr_C
                0x002046c8      0x144 /cygdrive/c/cygwin/nxtOSEK/ecrobot/../ecrobot/libecrobot.a(sound.oram)
                0x002046c8                sound_isr_C
 .text.bt_init  0x0020480c      0x1c0 /cygdrive/c/cygwin/nxtOSEK/ecrobot/../ecrobot/libecrobot.a(bt.oram)
                0x0020480c                bt_init
 .text.bt_send  0x002049cc       0x5c /cygdrive/c/cygwin/nxtOSEK/ecrobot/../ecrobot/libecrobot.a(bt.oram)
                0x002049cc                bt_send
 .text.bt_write
                0x00204a28       0x70 /cygdrive/c/cygwin/nxtOSEK/ecrobot/../ecrobot/libecrobot.a(bt.oram)
                0x00204a28                bt_write
 .text.bt_pending
                0x00204a98       0x50 /cygdrive/c/cygwin/nxtOSEK/ecrobot/../ecrobot/libecrobot.a(bt.oram)
                0x00204a98                bt_pending
 .text.bt_clear_arm7_cmd
                0x00204ae8       0x10 /cygdrive/c/cygwin/nxtOSEK/ecrobot/../ecrobot/libecrobot.a(bt.oram)
                0x00204ae8                bt_clear_arm7_cmd
 .text.bt_set_arm7_cmd
                0x00204af8       0x10 /cygdrive/c/cygwin/nxtOSEK/ecrobot/../ecrobot/libecrobot.a(bt.oram)
                0x00204af8                bt_set_arm7_cmd
 .text.bt_receive
                0x00204b08      0x160 /cygdrive/c/cygwin/nxtOSEK/ecrobot/../ecrobot/libecrobot.a(bt.oram)
                0x00204b08                bt_receive
 .text.bt_read  0x00204c68      0x140 /cygdrive/c/cygwin/nxtOSEK/ecrobot/../ecrobot/libecrobot.a(bt.oram)
                0x00204c68                bt_read
 .text.bt_reset
                0x00204da8       0x84 /cygdrive/c/cygwin/nxtOSEK/ecrobot/../ecrobot/libecrobot.a(bt.oram)
                0x00204da8                bt_reset
 .text.nxt_avr_power_down
                0x00204e2c       0x10 /cygdrive/c/cygwin/nxtOSEK/ecrobot/../ecrobot/libecrobot.a(nxt_avr.oram)
                0x00204e2c                nxt_avr_power_down
 .text.nxt_avr_link_init
                0x00204e3c       0x20 /cygdrive/c/cygwin/nxtOSEK/ecrobot/../ecrobot/libecrobot.a(nxt_avr.oram)
                0x00204e3c                nxt_avr_link_init
 .text.nxt_avr_init
                0x00204e5c       0x6c /cygdrive/c/cygwin/nxtOSEK/ecrobot/../ecrobot/libecrobot.a(nxt_avr.oram)
                0x00204e5c                nxt_avr_init
 .text.nxt_avr_1kHz_update
                0x00204ec8      0x1cc /cygdrive/c/cygwin/nxtOSEK/ecrobot/../ecrobot/libecrobot.a(nxt_avr.oram)
                0x00204ec8                nxt_avr_1kHz_update
 .text.buttons_get
                0x00205094        0xc /cygdrive/c/cygwin/nxtOSEK/ecrobot/../ecrobot/libecrobot.a(nxt_avr.oram)
                0x00205094                buttons_get
 .text.battery_voltage
                0x002050a0       0x28 /cygdrive/c/cygwin/nxtOSEK/ecrobot/../ecrobot/libecrobot.a(nxt_avr.oram)
                0x002050a0                battery_voltage
 .text.sensor_adc
                0x002050c8       0x20 /cygdrive/c/cygwin/nxtOSEK/ecrobot/../ecrobot/libecrobot.a(nxt_avr.oram)
                0x002050c8                sensor_adc
 .text.nxt_avr_set_motor
                0x002050e8       0x34 /cygdrive/c/cygwin/nxtOSEK/ecrobot/../ecrobot/libecrobot.a(nxt_avr.oram)
                0x002050e8                nxt_avr_set_motor
 .text.nxt_avr_set_input_power
                0x0020511c       0x3c /cygdrive/c/cygwin/nxtOSEK/ecrobot/../ecrobot/libecrobot.a(nxt_avr.oram)
                0x0020511c                nxt_avr_set_input_power
 .text.unset_digi0
                0x00205158       0x44 /cygdrive/c/cygwin/nxtOSEK/ecrobot/../ecrobot/libecrobot.a(sensors.oram)
                0x00205158                unset_digi0
 .text.unset_digi1
                0x0020519c       0x44 /cygdrive/c/cygwin/nxtOSEK/ecrobot/../ecrobot/libecrobot.a(sensors.oram)
                0x0020519c                unset_digi1
 .text.init_sensors
                0x002051e0       0x4c /cygdrive/c/cygwin/nxtOSEK/ecrobot/../ecrobot/libecrobot.a(sensors.oram)
                0x002051e0                init_sensors
 .text.set_digi0
                0x0020522c       0x44 /cygdrive/c/cygwin/nxtOSEK/ecrobot/../ecrobot/libecrobot.a(sensors.oram)
                0x0020522c                set_digi0
 .text.nxt_lcd_command
                0x00205270       0x18 /cygdrive/c/cygwin/nxtOSEK/ecrobot/../ecrobot/libecrobot.a(nxt_lcd.oram)
                0x00205270                nxt_lcd_command
 .text.nxt_lcd_set_col
                0x00205288       0x24 /cygdrive/c/cygwin/nxtOSEK/ecrobot/../ecrobot/libecrobot.a(nxt_lcd.oram)
                0x00205288                nxt_lcd_set_col
 .text.nxt_lcd_set_multiplex_rate
                0x002052ac       0x18 /cygdrive/c/cygwin/nxtOSEK/ecrobot/../ecrobot/libecrobot.a(nxt_lcd.oram)
                0x002052ac                nxt_lcd_set_multiplex_rate
 .text.nxt_lcd_set_page_address
                0x002052c4       0x18 /cygdrive/c/cygwin/nxtOSEK/ecrobot/../ecrobot/libecrobot.a(nxt_lcd.oram)
                0x002052c4                nxt_lcd_set_page_address
 .text.nxt_lcd_set_pot
                0x002052dc       0x1c /cygdrive/c/cygwin/nxtOSEK/ecrobot/../ecrobot/libecrobot.a(nxt_lcd.oram)
                0x002052dc                nxt_lcd_set_pot
 .text.nxt_lcd_set_ram_address_control
                0x002052f8       0x18 /cygdrive/c/cygwin/nxtOSEK/ecrobot/../ecrobot/libecrobot.a(nxt_lcd.oram)
                0x002052f8                nxt_lcd_set_ram_address_control
 .text.nxt_lcd_enable
                0x00205310       0x14 /cygdrive/c/cygwin/nxtOSEK/ecrobot/../ecrobot/libecrobot.a(nxt_lcd.oram)
                0x00205310                nxt_lcd_enable
 .text.nxt_lcd_set_map_control
                0x00205324       0x18 /cygdrive/c/cygwin/nxtOSEK/ecrobot/../ecrobot/libecrobot.a(nxt_lcd.oram)
                0x00205324                nxt_lcd_set_map_control
 .text.nxt_lcd_reset
                0x0020533c        0xc /cygdrive/c/cygwin/nxtOSEK/ecrobot/../ecrobot/libecrobot.a(nxt_lcd.oram)
                0x0020533c                nxt_lcd_reset
 .text.nxt_lcd_set_bias_ratio
                0x00205348       0x18 /cygdrive/c/cygwin/nxtOSEK/ecrobot/../ecrobot/libecrobot.a(nxt_lcd.oram)
                0x00205348                nxt_lcd_set_bias_ratio
 .text.nxt_lcd_force_update
                0x00205360       0x30 /cygdrive/c/cygwin/nxtOSEK/ecrobot/../ecrobot/libecrobot.a(nxt_lcd.oram)
                0x00205360                nxt_lcd_force_update
 .text.nxt_lcd_update
                0x00205390        0xc /cygdrive/c/cygwin/nxtOSEK/ecrobot/../ecrobot/libecrobot.a(nxt_lcd.oram)
                0x00205390                nxt_lcd_update
 .text.nxt_lcd_power_up
                0x0020539c       0x48 /cygdrive/c/cygwin/nxtOSEK/ecrobot/../ecrobot/libecrobot.a(nxt_lcd.oram)
                0x0020539c                nxt_lcd_power_up
 .text.nxt_lcd_power_down
                0x002053e4        0xc /cygdrive/c/cygwin/nxtOSEK/ecrobot/../ecrobot/libecrobot.a(nxt_lcd.oram)
                0x002053e4                nxt_lcd_power_down
 .text.nxt_lcd_init
                0x002053f0       0x18 /cygdrive/c/cygwin/nxtOSEK/ecrobot/../ecrobot/libecrobot.a(nxt_lcd.oram)
                0x002053f0                nxt_lcd_init
 .text.verify_flash_page
                0x00205408       0x34 /cygdrive/c/cygwin/nxtOSEK/ecrobot/../ecrobot/libecrobot.a(flash_loader.oram)
 .text.set_flash_request
                0x0020543c       0x38 /cygdrive/c/cygwin/nxtOSEK/ecrobot/../ecrobot/libecrobot.a(flash_loader.oram)
                0x0020543c                set_flash_request
 .text.nxt_device_init
                0x00205474       0x38 /cygdrive/c/cygwin/nxtOSEK/ecrobot/../ecrobot/libecrobot.a(flash_loader.oram)
                0x00205474                nxt_device_init
 .text          0x002054ac       0x68 /cygdrive/c/cygwin/nxtOSEK/ecrobot/../ecrobot/libecrobot.a(interrupts.oram)
                0x00205504                fiq_enable
                0x002054ac                interrupts_get_and_disable
                0x002054e0                fiq_get_and_disable
                0x002054d0                interrupts_enable
 .text.flash_write_page
                0x00205514       0xc0 /cygdrive/c/cygwin/nxtOSEK/ecrobot/../ecrobot/libecrobot.a(flashprog.oram)
                0x00205514                flash_write_page
                0x002055e0                . = ALIGN (0x10)
 *fill*         0x002055d4        0xc 00
 *.oram(*.rodata *.rodata.*)
 .rodata.ld     0x002055e0        0x4 /cygdrive/c/cygwin/nxtOSEK/ecrobot/../ecrobot/libecrobot.a(udp.oram)
 .rodata.cfd    0x002055e4       0x20 /cygdrive/c/cygwin/nxtOSEK/ecrobot/../ecrobot/libecrobot.a(udp.oram)
 .rodata.dd     0x00205604       0x12 /cygdrive/c/cygwin/nxtOSEK/ecrobot/../ecrobot/libecrobot.a(udp.oram)
 *fill*         0x00205616        0x2 00
 .rodata.str1.4
                0x00205618       0x22 /cygdrive/c/cygwin/nxtOSEK/ecrobot/../ecrobot/libecrobot.a(data_abort.oram)
                                 0x24 (size before relaxing)
 .rodata.font   0x0020563a      0x280 /cygdrive/c/cygwin/nxtOSEK/ecrobot/../ecrobot/libecrobot.a(display.oram)
 *fill*         0x002058ba        0x2 00
 .rodata.str1.4
                0x002058bc       0x76 /cygdrive/c/cygwin/nxtOSEK/ecrobot/../ecrobot/libecrobot.a(display.oram)
                                 0x78 (size before relaxing)
 *fill*         0x00205932        0x2 00
 .rodata.i2c_pin
                0x00205934       0x20 /cygdrive/c/cygwin/nxtOSEK/ecrobot/../ecrobot/libecrobot.a(i2c.oram)
 .rodata.i2c_timer_isr_C
                0x00205954       0x38 /cygdrive/c/cygwin/nxtOSEK/ecrobot/../ecrobot/libecrobot.a(i2c.oram)
 .rodata.logvol
                0x0020598c        0xc /cygdrive/c/cygwin/nxtOSEK/ecrobot/../ecrobot/libecrobot.a(sound.oram)
                0x0020598c                logvol
 .rodata.silence
                0x00205998       0x40 /cygdrive/c/cygwin/nxtOSEK/ecrobot/../ecrobot/libecrobot.a(sound.oram)
                0x00205998                silence
 .rodata.sine   0x002059d8       0x10 /cygdrive/c/cygwin/nxtOSEK/ecrobot/../ecrobot/libecrobot.a(sound.oram)
                0x002059d8                sine
 .rodata.sample_pattern
                0x002059e8       0x84 /cygdrive/c/cygwin/nxtOSEK/ecrobot/../ecrobot/libecrobot.a(sound.oram)
                0x002059e8                sample_pattern
 .rodata        0x00205a6c        0xc /cygdrive/c/cygwin/nxtOSEK/ecrobot/../ecrobot/libecrobot.a(sound.oram)
 .rodata.avr_brainwash_string
                0x00205a78       0x30 /cygdrive/c/cygwin/nxtOSEK/ecrobot/../ecrobot/libecrobot.a(nxt_avr.oram)
                0x00205a78                avr_brainwash_string
 .rodata.nxt_avr_1kHz_update
                0x00205aa8       0x14 /cygdrive/c/cygwin/nxtOSEK/ecrobot/../ecrobot/libecrobot.a(nxt_avr.oram)
 .rodata.C.33.1823
                0x00205abc       0x10 /cygdrive/c/cygwin/nxtOSEK/ecrobot/../ecrobot/libecrobot.a(sensors.oram)
 .rodata.C.37.1857
                0x00205acc       0x10 /cygdrive/c/cygwin/nxtOSEK/ecrobot/../ecrobot/libecrobot.a(sensors.oram)
 .rodata.C.31.1806
                0x00205adc       0x10 /cygdrive/c/cygwin/nxtOSEK/ecrobot/../ecrobot/libecrobot.a(sensors.oram)
 .rodata.str1.4
                0x00205aec       0x23 /cygdrive/c/cygwin/nxtOSEK/ecrobot/../ecrobot/libecrobot.a(flash_loader.oram)
                                 0x24 (size before relaxing)
                0x00205b10                . = ALIGN (0x10)
 *fill*         0x00205b0f        0x1 00
                0x002022c0                __ramtext_ram_start__ = ADDR (.ram_text)
                0x00205b10                __ramtext_ram_end__ = (ADDR (.ram_text) + SIZEOF (.ram_text))
                0x002022c0                __ramtext_load_start__ = LOADADDR (.ram_text)
                0x00205b10                __ramtext_load_end__ = (__ramtext_load_start__ + SIZEOF (.ram_text))

.wav_data       0x00205b10        0x0
 *.owav(*.data *.data.*)
                0x00205b10                . = ALIGN (0x10)

.bmp_data       0x00205b10      0x440
 *.obmp(*.data *.data.*)
 .data          0x00205b10      0x43e /cygdrive/c/cygwin/nxtOSEK/ecrobot/../ecrobot/libecrobot.a(nxtosek_splash.obmp)
                0x00205b10                nxtosek_splash_bmp_start
                0x00205f4e                nxtosek_splash_bmp_end
                0x00205f50                . = ALIGN (0x10)
 *fill*         0x00205f4e        0x2 00

.spr_data       0x00205f50        0x0
 *.ospr(*.data *.data.*)
                0x00205f50                . = ALIGN (0x10)

.data           0x00205f50       0xb0
 *(*.data *.data.*)
 .data.bt_status
                0x00205f50        0x1 build/ecrobot_bluetooth.o
 *fill*         0x00205f51        0x3 00
 .data.K_THETADOT
                0x00205f54        0x4 build/balancer_param.o
                0x00205f54                K_THETADOT
 .data.K_PHIDOT
                0x00205f58        0x4 build/balancer_param.o
                0x00205f58                K_PHIDOT
 .data.K_I      0x00205f5c        0x4 build/balancer_param.o
                0x00205f5c                K_I
 .data.K_F      0x00205f60       0x10 build/balancer_param.o
                0x00205f60                K_F
 .data.A_R      0x00205f70        0x4 build/balancer_param.o
                0x00205f70                A_R
 .data.A_D      0x00205f74        0x4 build/balancer_param.o
                0x00205f74                A_D
 .data.tail_mode
                0x00205f78        0x4 build/lookup.o
                0x00205f78                tail_mode
 .data.t_Kp     0x00205f7c        0x4 build/lookup.o
 .data.target_sonar
                0x00205f80        0x4 build/lookup.o
 .data.Kd       0x00205f84        0x4 build/lookup.o
 .data.Ki       0x00205f88        0x4 build/lookup.o
 .data.Kp       0x00205f8c        0x4 build/lookup.o
 .data.distance_state
                0x00205f90       0x10 /cygdrive/c/cygwin/nxtOSEK/ecrobot/../ecrobot/libecrobot.a(ecrobot_interface.o)
 .data.deviceStatus
                0x00205fa0        0x1 /cygdrive/c/cygwin/nxtOSEK/ecrobot/../ecrobot/libecrobot.a(ecrobot_interface.o)
 .bss.data.2752
                0x00205fa1        0x4 /cygdrive/c/cygwin/nxtOSEK/ecrobot/../ecrobot/libecrobot.a(ecrobot_interface.o)
 .data.named    0x00205fa5       0x22 /cygdrive/c/cygwin/nxtOSEK/ecrobot/../ecrobot/libecrobot.a(udp.oram)
 .data.snd      0x00205fc7       0x1a /cygdrive/c/cygwin/nxtOSEK/ecrobot/../ecrobot/libecrobot.a(udp.oram)
 *fill*         0x00205fe1        0x3 00
 .data.configured
                0x00205fe4        0x4 /cygdrive/c/cygwin/nxtOSEK/ecrobot/../ecrobot/libecrobot.a(udp.oram)
 .data.mode     0x00205fe8        0x1 /cygdrive/c/cygwin/nxtOSEK/ecrobot/../ecrobot/libecrobot.a(nxt_spi.oram)
                0x00205fe8                mode
 *fill*         0x00205fe9        0x3 00
 .bss.data      0x00205fec        0x4 /cygdrive/c/cygwin/nxtOSEK/ecrobot/../ecrobot/libecrobot.a(nxt_spi.oram)
                0x00205fec                data
 .data.display_auto_update
                0x00205ff0        0x4 /cygdrive/c/cygwin/nxtOSEK/ecrobot/../ecrobot/libecrobot.a(display.oram)
                0x00205ff0                display_auto_update
 .data.display_buffer
                0x00205ff4        0x4 /cygdrive/c/cygwin/nxtOSEK/ecrobot/../ecrobot/libecrobot.a(display.oram)
                0x00206000                . = ALIGN (0x10)
 *fill*         0x00205ff8        0x8 00
                0x00205f50                __data_ram_start__ = ADDR (.data)
                0x00206000                __data_ram_end__ = (ADDR (.data) + SIZEOF (.data))
                0x00205f50                __data_load_start__ = LOADADDR (.data)
                0x00206000                __data_load_end__ = (__data_load_start__ + SIZEOF (.data))

.text           0x00206000     0x38f0
                0x00206000                . = ALIGN (0x10)
 *(*.text *.text.* *.glue*)
 .text.enqueue_alarm
                0x00206000       0x90 build/kernel/alarm.o
 .text.alarm_initialize
                0x00206090       0x98 build/kernel/alarm.o
                0x00206090                alarm_initialize
 .text.SignalCounter
                0x00206128      0x134 build/kernel/alarm.o
                0x00206128                SignalCounter
 .text.StartOS  0x0020625c       0x58 build/kernel/osctl.o
                0x0020625c                StartOS
 .text.ShutdownOS
                0x002062b4       0x4c build/kernel/osctl.o
                0x002062b4                ShutdownOS
 .text.call_pretaskhook
                0x00206300       0x24 build/kernel/osctl.o
                0x00206300                call_pretaskhook
 .text.call_errorhook
                0x00206324       0x78 build/kernel/osctl.o
                0x00206324                call_errorhook
 .text.call_posttaskhook
                0x0020639c       0x24 build/kernel/osctl.o
                0x0020639c                call_posttaskhook
 .text.resource_initialize
                0x002063c0       0x2c build/kernel/resource.o
                0x002063c0                resource_initialize
 .text.search_schedtsk
                0x002063ec       0x94 build/kernel/task.o
                0x002063ec                search_schedtsk
 .text.make_runnable
                0x00206480       0xac build/kernel/task.o
                0x00206480                make_runnable
 .text.make_active
                0x0020652c       0x78 build/kernel/task.o
                0x0020652c                make_active
 .text.task_initialize
                0x002065a4       0x90 build/kernel/task.o
                0x002065a4                task_initialize
 .text.ActivateTask
                0x00206634       0x8c build/kernel/task_manage.o
                0x00206634                ActivateTask
 .text.TerminateTask
                0x002066c0       0x74 build/kernel/task_manage.o
                0x002066c0                TerminateTask
 .text.cpu_initialize
                0x00206734        0x4 build/config/at91sam7s-gnu/cpu_config.o
                0x00206734                cpu_initialize
 .text.cpu_terminate
                0x00206738        0x4 build/config/at91sam7s-gnu/cpu_config.o
                0x00206738                cpu_terminate
 .text.sys_initialize
                0x0020673c        0x4 build/config/at91sam7s-gnu/lego_nxt/sys_config.o
                0x0020673c                sys_initialize
 .text.sys_exit
                0x00206740        0x4 build/config/at91sam7s-gnu/lego_nxt/sys_config.o
                0x00206740                sys_exit
 .text._activate_alarm_cyclic_alarm1
                0x00206744        0xc build/./kernel_cfg.o
 .text._activate_alarm_cyclic_alarm2
                0x00206750        0xc build/./kernel_cfg.o
 .text._activate_alarm_cyclic_alarm3
                0x0020675c        0xc build/./kernel_cfg.o
 .text._activate_alarm_cyclic_alarm4
                0x00206768        0xc build/./kernel_cfg.o
 .text.object_initialize
                0x00206774       0x14 build/./kernel_cfg.o
                0x00206774                object_initialize
 .text.ecrobot_get_bt_status
                0x00206788       0x10 build/ecrobot_bluetooth.o
                0x00206788                ecrobot_get_bt_status
 .text.close_bt_stream
                0x00206798       0x2c build/ecrobot_bluetooth.o
 .text.ecrobot_send_bt_packet
                0x002067c4       0x54 build/ecrobot_bluetooth.o
                0x002067c4                ecrobot_send_bt_packet
 .text.ecrobot_send_bt
                0x00206818       0x40 build/ecrobot_bluetooth.o
                0x00206818                ecrobot_send_bt
 .text.ecrobot_read_bt
                0x00206858       0x24 build/ecrobot_bluetooth.o
                0x00206858                ecrobot_read_bt
 .text.send_bt_command
                0x0020687c       0x40 build/ecrobot_bluetooth.o
 .text.ecrobot_term_bt_connection
                0x002068bc       0x48 build/ecrobot_bluetooth.o
                0x002068bc                ecrobot_term_bt_connection
 .text.read_bt_command
                0x00206904       0x5c build/ecrobot_bluetooth.o
 .text.open_bt_stream
                0x00206960       0x50 build/ecrobot_bluetooth.o
 .text.ecrobot_get_bt_device_address
                0x002069b0       0x6c build/ecrobot_bluetooth.o
                0x002069b0                ecrobot_get_bt_device_address
 .text.ecrobot_init_bt_slave
                0x00206a1c      0x12c build/ecrobot_bluetooth.o
                0x00206a1c                ecrobot_init_bt_slave
 .text.init_OS_flag
                0x00206b48        0xc build/ecrobot_base.o
                0x00206b48                init_OS_flag
 .text.set_OS_flag
                0x00206b54        0xc build/ecrobot_base.o
                0x00206b54                set_OS_flag
 .text.get_OS_flag
                0x00206b60        0xc build/ecrobot_base.o
                0x00206b60                get_OS_flag
 .text.cpp_constructor
                0x00206b6c       0x28 build/ecrobot_base.o
                0x00206b6c                cpp_constructor
 .text.cpp_destructor
                0x00206b94       0x28 build/ecrobot_base.o
                0x00206b94                cpp_destructor
 .text.execution_mode
                0x00206bbc       0x24 build/ecrobot_base.o
                0x00206bbc                execution_mode
 .text.show_main_screen
                0x00206be0       0x48 build/ecrobot_base.o
                0x00206be0                show_main_screen
 .text.display_status_bar
                0x00206c28       0x5c build/ecrobot_base.o
                0x00206c28                display_status_bar
 .text.restart_NXT
                0x00206c84       0x2c build/ecrobot_base.o
                0x00206c84                restart_NXT
 .text.shutdown_NXT
                0x00206cb0       0x2c build/ecrobot_base.o
                0x00206cb0                shutdown_NXT
 .text.check_NXT_buttons
                0x00206cdc       0x38 build/ecrobot_base.o
                0x00206cdc                check_NXT_buttons
 .text.show_bd_addr
                0x00206d14       0x44 build/ecrobot_base.o
                0x00206d14                show_bd_addr
 .text.show_bd_addr_err
                0x00206d58       0x3c build/ecrobot_base.o
                0x00206d58                show_bd_addr_err
 .text.add_status_info
                0x00206d94       0x68 build/ecrobot_base.o
                0x00206d94                add_status_info
 .text.show_splash_screen
                0x00206dfc       0x90 build/ecrobot_base.o
                0x00206dfc                show_splash_screen
 .text.main     0x00206e8c      0x10c build/ecrobot.o
                0x00206e8c                main
 .text.ecrobot_device_initialize
                0x00206f98       0x4c build/lookup.o
                0x00206f98                ecrobot_device_initialize
 .text.ecrobot_device_terminate
                0x00206fe4       0x50 build/lookup.o
                0x00206fe4                ecrobot_device_terminate
 .text.StartupHook
                0x00207034        0x4 build/lookup.o
                0x00207034                StartupHook
 .text.ShutdownHook
                0x00207038        0x4 build/lookup.o
                0x00207038                ShutdownHook
 .text.PreTaskHook
                0x0020703c        0x4 build/lookup.o
                0x0020703c                PreTaskHook
 .text.PostTaskHook
                0x00207040        0x4 build/lookup.o
                0x00207040                PostTaskHook
 .text.ErrorHook
                0x00207044        0x4 build/lookup.o
                0x00207044                ErrorHook
 .text.user_1ms_isr_type2
                0x00207048       0x1c build/lookup.o
                0x00207048                user_1ms_isr_type2
 .text.RA_speed
                0x00207064       0x4c build/lookup.o
                0x00207064                RA_speed
 .text.RA_linetrace_PID
                0x002070b0      0x190 build/lookup.o
                0x002070b0                RA_linetrace_PID
 .text.RA_wheels
                0x00207240       0x2c build/lookup.o
                0x00207240                RA_wheels
 .text.sonarcheck
                0x0020726c       0x28 build/lookup.o
                0x0020726c                sonarcheck
 .text.taildown
                0x00207294      0x154 build/lookup.o
                0x00207294                taildown
 .text.tail_mode_change
                0x002073e8       0x54 build/lookup.o
                0x002073e8                tail_mode_change
 .text.logSend  0x0020743c       0x8c build/lookup.o
                0x0020743c                logSend
 .text.RN_calibrate
                0x002074c8      0x148 build/lookup.o
                0x002074c8                RN_calibrate
 .text.RN_modesetting
                0x00207610      0x128 build/lookup.o
                0x00207610                RN_modesetting
 .text.TaskMainActionTask
                0x00207738       0x14 build/lookup.o
                0x00207738                TaskMainActionTask
 .text.TaskMainDisplayTask
                0x0020774c       0x14 build/lookup.o
                0x0020774c                TaskMainDisplayTask
 .text.TaskMainLogTask
                0x00207760       0x64 build/lookup.o
                0x00207760                TaskMainLogTask
 .text.RN_setting
                0x002077c4      0x1f0 build/lookup.o
                0x002077c4                RN_setting
 .text.TaskMainActionTask2
                0x002079b4       0x10 build/lookup.o
                0x002079b4                TaskMainActionTask2
 .text.ecrobot_get_gyro_sensor
                0x002079c4       0x14 /cygdrive/c/cygwin/nxtOSEK/ecrobot/../ecrobot/libecrobot.a(ecrobot_HiTechnic.o)
                0x002079c4                ecrobot_get_gyro_sensor
 .text.ecrobot_set_motor_speed
                0x002079d8       0x14 /cygdrive/c/cygwin/nxtOSEK/ecrobot/../ecrobot/libecrobot.a(ecrobot_interface.o)
                0x002079d8                ecrobot_set_motor_speed
 .text.ecrobot_get_motor_rev
                0x002079ec       0x10 /cygdrive/c/cygwin/nxtOSEK/ecrobot/../ecrobot/libecrobot.a(ecrobot_interface.o)
                0x002079ec                ecrobot_get_motor_rev
 .text.ecrobot_set_motor_rev
                0x002079fc       0x10 /cygdrive/c/cygwin/nxtOSEK/ecrobot/../ecrobot/libecrobot.a(ecrobot_interface.o)
                0x002079fc                ecrobot_set_motor_rev
 .text.ecrobot_set_light_sensor_active
                0x00207a0c       0x10 /cygdrive/c/cygwin/nxtOSEK/ecrobot/../ecrobot/libecrobot.a(ecrobot_interface.o)
                0x00207a0c                ecrobot_set_light_sensor_active
 .text.ecrobot_set_light_sensor_inactive
                0x00207a1c       0x10 /cygdrive/c/cygwin/nxtOSEK/ecrobot/../ecrobot/libecrobot.a(ecrobot_interface.o)
                0x00207a1c                ecrobot_set_light_sensor_inactive
 .text.ecrobot_get_light_sensor
                0x00207a2c       0x14 /cygdrive/c/cygwin/nxtOSEK/ecrobot/../ecrobot/libecrobot.a(ecrobot_interface.o)
                0x00207a2c                ecrobot_get_light_sensor
 .text.ecrobot_get_touch_sensor
                0x00207a40       0x20 /cygdrive/c/cygwin/nxtOSEK/ecrobot/../ecrobot/libecrobot.a(ecrobot_interface.o)
                0x00207a40                ecrobot_get_touch_sensor
 .text.ecrobot_init_i2c
                0x00207a60       0x2c /cygdrive/c/cygwin/nxtOSEK/ecrobot/../ecrobot/libecrobot.a(ecrobot_interface.o)
                0x00207a60                ecrobot_init_i2c
 .text.getDistance
                0x00207a8c       0x20 /cygdrive/c/cygwin/nxtOSEK/ecrobot/../ecrobot/libecrobot.a(ecrobot_interface.o)
 .text.ecrobot_init_sonar_sensor
                0x00207aac       0x10 /cygdrive/c/cygwin/nxtOSEK/ecrobot/../ecrobot/libecrobot.a(ecrobot_interface.o)
                0x00207aac                ecrobot_init_sonar_sensor
 .text.ecrobot_get_sonar_sensor
                0x00207abc       0x48 /cygdrive/c/cygwin/nxtOSEK/ecrobot/../ecrobot/libecrobot.a(ecrobot_interface.o)
                0x00207abc                ecrobot_get_sonar_sensor
 .text.ecrobot_term_sonar_sensor
                0x00207b04       0x20 /cygdrive/c/cygwin/nxtOSEK/ecrobot/../ecrobot/libecrobot.a(ecrobot_interface.o)
                0x00207b04                ecrobot_term_sonar_sensor
 .text.ecrobot_get_battery_voltage
                0x00207b24        0xc /cygdrive/c/cygwin/nxtOSEK/ecrobot/../ecrobot/libecrobot.a(ecrobot_interface.o)
                0x00207b24                ecrobot_get_battery_voltage
 .text.ecrobot_get_button_state
                0x00207b30        0xc /cygdrive/c/cygwin/nxtOSEK/ecrobot/../ecrobot/libecrobot.a(ecrobot_interface.o)
                0x00207b30                ecrobot_get_button_state
 .text.ecrobot_init_nxtstate
                0x00207b3c       0x28 /cygdrive/c/cygwin/nxtOSEK/ecrobot/../ecrobot/libecrobot.a(ecrobot_interface.o)
                0x00207b3c                ecrobot_init_nxtstate
 .text.ecrobot_poll_nxtstate
                0x00207b64       0x64 /cygdrive/c/cygwin/nxtOSEK/ecrobot/../ecrobot/libecrobot.a(ecrobot_interface.o)
                0x00207b64                ecrobot_poll_nxtstate
 .text.ecrobot_setDeviceInitialized
                0x00207bc8       0x18 /cygdrive/c/cygwin/nxtOSEK/ecrobot/../ecrobot/libecrobot.a(ecrobot_interface.o)
                0x00207bc8                ecrobot_setDeviceInitialized
 .text.ecrobot_initDeviceStatus
                0x00207be0        0xc /cygdrive/c/cygwin/nxtOSEK/ecrobot/../ecrobot/libecrobot.a(ecrobot_interface.o)
                0x00207be0                ecrobot_initDeviceStatus
 .text.ecrobot_bmp2lcd
                0x00207bec      0x1c8 /cygdrive/c/cygwin/nxtOSEK/ecrobot/../ecrobot/libecrobot.a(ecrobot_interface.o)
                0x00207bec                ecrobot_bmp2lcd
 .text.ecrobot_status_monitor
                0x00207db4      0x138 /cygdrive/c/cygwin/nxtOSEK/ecrobot/../ecrobot/libecrobot.a(ecrobot_interface.o)
                0x00207db4                ecrobot_status_monitor
 .text.ecrobot_sound_tone
                0x00207eec        0xc /cygdrive/c/cygwin/nxtOSEK/ecrobot/../ecrobot/libecrobot.a(ecrobot_interface.o)
                0x00207eec                ecrobot_sound_tone
 .text.balance_control
                0x00207ef8      0x254 /cygdrive/c/cygwin/nxtOSEK/ecrobot/../ecrobot/libnxtway_gs_balancer.a(balancer.o)
                0x00207ef8                balance_control
 .text          0x0020814c       0x8c /cygdrive/C/cygwin/GNUARM/bin/../lib/gcc/arm-elf/4.0.2/thumb/interwork/libgcc.a(_udivsi3.o)
                0x0020814c                __udivsi3
                0x002081c8                __aeabi_uidivmod
 .text          0x002081d8       0xa4 /cygdrive/C/cygwin/GNUARM/bin/../lib/gcc/arm-elf/4.0.2/thumb/interwork/libgcc.a(_divsi3.o)
                0x002081d8                __divsi3
                0x0020826c                __aeabi_idivmod
 .text          0x0020827c       0xc8 /cygdrive/C/cygwin/GNUARM/bin/../lib/gcc/arm-elf/4.0.2/thumb/interwork/libgcc.a(_umodsi3.o)
                0x0020827c                __umodsi3
 .text          0x00208344       0xd8 /cygdrive/C/cygwin/GNUARM/bin/../lib/gcc/arm-elf/4.0.2/thumb/interwork/libgcc.a(_modsi3.o)
                0x00208344                __modsi3
 .text          0x0020841c        0x4 /cygdrive/C/cygwin/GNUARM/bin/../lib/gcc/arm-elf/4.0.2/thumb/interwork/libgcc.a(_dvmd_tls.o)
                0x0020841c                __aeabi_ldiv0
                0x0020841c                __div0
                0x0020841c                __aeabi_idiv0
 .text          0x00208420      0x430 /cygdrive/C/cygwin/GNUARM/bin/../lib/gcc/arm-elf/4.0.2/thumb/interwork/libgcc.a(_addsubdf3.o)
                0x002087e4                __floatdidf
                0x00208764                __floatsidf
                0x0020873c                __aeabi_ui2d
                0x00208420                __aeabi_drsub
                0x00208790                __extendsfdf2
                0x0020842c                __adddf3
                0x0020873c                __floatunsidf
                0x0020842c                __aeabi_dadd
                0x002087d0                __aeabi_ul2d
                0x00208428                __aeabi_dsub
                0x002087d0                __floatundidf
                0x00208764                __aeabi_i2d
                0x002087e4                __aeabi_l2d
                0x00208790                __aeabi_f2d
                0x00208428                __subdf3
 .text          0x00208850      0x49c /cygdrive/C/cygwin/GNUARM/bin/../lib/gcc/arm-elf/4.0.2/thumb/interwork/libgcc.a(_muldivdf3.o)
                0x00208ae0                __aeabi_ddiv
                0x00208850                __aeabi_dmul
                0x00208ae0                __divdf3
                0x00208850                __muldf3
 .text          0x00208cec       0xa0 /cygdrive/C/cygwin/GNUARM/bin/../lib/gcc/arm-elf/4.0.2/thumb/interwork/libgcc.a(_truncdfsf2.o)
                0x00208cec                __aeabi_d2f
                0x00208cec                __truncdfsf2
 .text          0x00208d8c      0x2ac /cygdrive/C/cygwin/GNUARM/bin/../lib/gcc/arm-elf/4.0.2/thumb/interwork/libgcc.a(_addsubsf3.o)
                0x00208d98                __aeabi_fadd
                0x00208d94                __subsf3
                0x00208f5c                __aeabi_i2f
                0x00208d94                __aeabi_fsub
                0x00208f8c                __floatdisf
                0x00208f5c                __floatsisf
                0x00208f7c                __floatundisf
                0x00208f54                __aeabi_ui2f
                0x00208f8c                __aeabi_l2f
                0x00208f7c                __aeabi_ul2f
                0x00208d8c                __aeabi_frsub
                0x00208f54                __floatunsisf
                0x00208d98                __addsf3
 .text          0x00209038      0x2f8 /cygdrive/C/cygwin/GNUARM/bin/../lib/gcc/arm-elf/4.0.2/thumb/interwork/libgcc.a(_muldivsf3.o)
                0x002091d0                __divsf3
                0x002091d0                __aeabi_fdiv
                0x00209038                __mulsf3
                0x00209038                __aeabi_fmul
 .text          0x00209330      0x110 /cygdrive/C/cygwin/GNUARM/bin/../lib/gcc/arm-elf/4.0.2/thumb/interwork/libgcc.a(_cmpsf2.o)
                0x00209428                __aeabi_fcmpgt
                0x00209338                __lesf2
                0x00209340                __nesf2
                0x00209410                __aeabi_fcmpge
                0x00209330                __gtsf2
                0x002093f8                __aeabi_fcmple
                0x00209340                __eqsf2
                0x00209340                __cmpsf2
                0x00209338                __ltsf2
                0x002093b0                __aeabi_cfcmple
                0x00209330                __gesf2
                0x002093c8                __aeabi_fcmpeq
                0x002093a0                __aeabi_cfrcmple
                0x002093e0                __aeabi_fcmplt
                0x002093b0                __aeabi_cfcmpeq
 .text          0x00209440       0x5c /cygdrive/C/cygwin/GNUARM/bin/../lib/gcc/arm-elf/4.0.2/thumb/interwork/libgcc.a(_fixsfsi.o)
                0x00209440                __fixsfsi
                0x00209440                __aeabi_f2iz
 .text          0x0020949c       0x68 /cygdrive/C/cygwin/GNUARM/bin/../lib/gcc/arm-elf/4.0.2/../../../../arm-elf/lib/thumb/interwork/libc.a(memcpy.o)
                0x0020949c                memcpy
 .text          0x00209504       0x68 /cygdrive/C/cygwin/GNUARM/bin/../lib/gcc/arm-elf/4.0.2/../../../../arm-elf/lib/thumb/interwork/libc.a(memset.o)
                0x00209504                memset
 .text          0x0020956c       0x60 /cygdrive/C/cygwin/GNUARM/bin/../lib/gcc/arm-elf/4.0.2/../../../../arm-elf/lib/thumb/interwork/libc.a(strcpy.o)
                0x0020956c                strcpy
 .text          0x002095cc       0x48 /cygdrive/C/cygwin/GNUARM/bin/../lib/gcc/arm-elf/4.0.2/../../../../arm-elf/lib/thumb/interwork/libc.a(strlen.o)
                0x002095cc                strlen
 .glue_7        0x00209614       0x30 /cygdrive/C/cygwin/GNUARM/bin/../lib/gcc/arm-elf/4.0.2/../../../../arm-elf/lib/thumb/interwork/libc.a(strncpy.o)
                0x0020962c                __call_posttaskhook_from_arm
                0x00209615                __ecrobot_debug1_from_arm
                0x00209621                __ecrobot_debug2_from_arm
                0x00209638                __call_pretaskhook_from_arm
 .glue_7t       0x00209644       0xd8 /cygdrive/C/cygwin/GNUARM/bin/../lib/gcc/arm-elf/4.0.2/../../../../arm-elf/lib/thumb/interwork/libc.a(strncpy.o)
                0x00209670                __start_change_to_arm
                0x002096ec                __interrupts_get_and_disable_from_thumb
                0x00209714                ____lesf2_from_thumb
                0x002096e5                ____gtdf2_from_thumb
                0x00209664                __exit_and_dispatch_from_thumb
                0x00209704                ____divsf3_from_thumb
                0x00209710                ____gesf2_change_to_arm
                0x002096c8                ____fixsfsi_change_to_arm
                0x00209680                ____addsf3_change_to_arm
                0x002096c4                ____fixsfsi_from_thumb
                0x00209674                ____floatsisf_from_thumb
                0x0020968c                ____extendsfdf2_from_thumb
                0x00209668                __exit_and_dispatch_change_to_arm
                0x00209644                __disable_int_from_thumb
                0x0020970c                ____gesf2_from_thumb
                0x0020965c                __start_dispatch_from_thumb
                0x002096cc                ____ltsf2_from_thumb
                0x0020969d                ____fixdfsi_from_thumb
                0x002096b8                ____divdf3_change_to_arm
                0x00209718                ____lesf2_change_to_arm
                0x0020966c                __start_from_thumb
                0x002096ac                ____truncdfsf2_from_thumb
                0x00209698                ____muldf3_change_to_arm
                0x00209708                ____divsf3_change_to_arm
                0x002096a0                ____fixdfsi_change_to_arm
                0x002096b4                ____divdf3_from_thumb
                0x0020964c                __enable_int_from_thumb
                0x00209654                __dispatch_from_thumb
                0x002096f8                __interrupts_enable_change_to_arm
                0x002096d4                ____gtsf2_from_thumb
                0x002096f0                __interrupts_get_and_disable_change_to_arm
                0x00209658                __dispatch_change_to_arm
                0x002096c0                ____mulsf3_change_to_arm
                0x002096a8                ____adddf3_change_to_arm
                0x002096e8                ____gtdf2_change_to_arm
                0x002096b0                ____truncdfsf2_change_to_arm
                0x00209690                ____extendsfdf2_change_to_arm
                0x002096dd                ____floatsidf_from_thumb
                0x00209678                ____floatsisf_change_to_arm
                0x002096fd                __display_bios_status_from_thumb
                0x00209684                ____subsf3_from_thumb
                0x002096a4                ____adddf3_from_thumb
                0x002096d8                ____gtsf2_change_to_arm
                0x00209648                __disable_int_change_to_arm
                0x002096d0                ____ltsf2_change_to_arm
                0x002096bc                ____mulsf3_from_thumb
                0x0020967c                ____addsf3_from_thumb
                0x00209694                ____muldf3_from_thumb
                0x00209688                ____subsf3_change_to_arm
                0x00209650                __enable_int_change_to_arm
                0x002096e0                ____floatsidf_change_to_arm
                0x002096f4                __interrupts_enable_from_thumb
                0x00209700                __display_bios_status_change_to_arm
                0x00209660                __start_dispatch_change_to_arm
                0x00209720                . = ALIGN (0x10)
 *fill*         0x0020971c        0x4 00
 *(*.rodata *.rodata.*)
 .rodata.search_table.966
                0x00209720        0xf build/kernel/task.o
 *fill*         0x0020972f        0x1 00
 .rodata.alminib_cycle
                0x00209730       0x10 build/./kernel_cfg.o
                0x00209730                alminib_cycle
 .rodata.alminib_almval
                0x00209740       0x10 build/./kernel_cfg.o
                0x00209740                alminib_almval
 .rodata.alminib_autosta
                0x00209750        0x4 build/./kernel_cfg.o
                0x00209750                alminib_autosta
 .rodata.alminib_cback
                0x00209754       0x10 build/./kernel_cfg.o
                0x00209754                alminib_cback
 .rodata.alminib_cntid
                0x00209764        0x4 build/./kernel_cfg.o
                0x00209764                alminib_cntid
 .rodata.cntinib_tickbase
                0x00209768        0x4 build/./kernel_cfg.o
                0x00209768                cntinib_tickbase
 .rodata.cntinib_maxval2
                0x0020976c        0x4 build/./kernel_cfg.o
                0x0020976c                cntinib_maxval2
 .rodata.cntinib_maxval
                0x00209770        0x4 build/./kernel_cfg.o
                0x00209770                cntinib_maxval
 .rodata.SysTimerCnt
                0x00209774        0x1 build/./kernel_cfg.o
                0x00209774                SysTimerCnt
 *fill*         0x00209775        0x1 00
 .rodata.tinib_stksz
                0x00209776        0x8 build/./kernel_cfg.o
                0x00209776                tinib_stksz
 *fill*         0x0020977e        0x2 00
 .rodata.tinib_stk
                0x00209780       0x10 build/./kernel_cfg.o
                0x00209780                tinib_stk
 .rodata.tinib_task
                0x00209790       0x10 build/./kernel_cfg.o
                0x00209790                tinib_task
 .rodata.tinib_autoact
                0x002097a0        0x4 build/./kernel_cfg.o
                0x002097a0                tinib_autoact
 .rodata.tinib_maxact
                0x002097a4        0x4 build/./kernel_cfg.o
                0x002097a4                tinib_maxact
 .rodata.tinib_exepri
                0x002097a8        0x4 build/./kernel_cfg.o
                0x002097a8                tinib_exepri
 .rodata.tinib_inipri
                0x002097ac        0x4 build/./kernel_cfg.o
                0x002097ac                tinib_inipri
 .rodata.tnum_exttask
                0x002097b0        0x1 build/./kernel_cfg.o
                0x002097b0                tnum_exttask
 .rodata.tnum_task
                0x002097b1        0x1 build/./kernel_cfg.o
                0x002097b1                tnum_task
 .rodata.tnum_resource
                0x002097b2        0x1 build/./kernel_cfg.o
                0x002097b2                tnum_resource
 .rodata.tnum_counter
                0x002097b3        0x1 build/./kernel_cfg.o
                0x002097b3                tnum_counter
 .rodata.tnum_alarm
                0x002097b4        0x1 build/./kernel_cfg.o
                0x002097b4                tnum_alarm
 *fill*         0x002097b5        0x3 00
 .rodata.exec_addr
                0x002097b8        0x4 build/ecrobot_base.o
                0x002097b8                exec_addr
 .rodata.str1.4
                0x002097bc       0x80 build/ecrobot_base.o
 .rodata.BATTERY_OFFSET
                0x0020983c        0x4 build/balancer_param.o
                0x0020983c                BATTERY_OFFSET
 .rodata.BATTERY_GAIN
                0x00209840        0x4 build/balancer_param.o
                0x00209840                BATTERY_GAIN
 .rodata.target_subsystem_name
                0x00209844        0x8 build/lookup.o
                0x00209844                target_subsystem_name
 .rodata.str1.4
                0x0020984c        0xb build/lookup.o
                                  0xc (size before relaxing)
 *fill*         0x00209857        0x1 00
 .rodata.RN_setting
                0x00209858       0x18 build/lookup.o
 .rodata.str1.4
                0x00209870       0x7c /cygdrive/c/cygwin/nxtOSEK/ecrobot/../ecrobot/libecrobot.a(ecrobot_interface.o)
                                 0x84 (size before relaxing)
                0x002098f0                . = ALIGN (0x10)
 *fill*         0x002098ec        0x4 00
 *(*.gnu.linkonce.* .gcc_except_table)
                0x002098f0                . = ALIGN (0x10)

.tors           0x002098f0        0x0
                0x002098f0                . = ALIGN (0x10)
                0x002098f0                __ctor_begin = .
 *(*.ctors*)
                0x002098f0                __ctor_end = .
                0x002098f0                . = ALIGN (0x10)
                0x002098f0                __dtor_begin = .
 *(*.dtors*)
                0x002098f0                __dtor_end = .
                0x002098f0                . = ALIGN (0x10)

.bss            0x002098f0     0x1ad8
 *(*.bss *.bss.*)
 .bss.ready_primap
                0x002098f0        0x2 build/kernel/task.o
 .bss.ready_queue_last
                0x002098f2       0x10 build/kernel/task.o
 .bss.ready_queue_first
                0x00209902       0x10 build/kernel/task.o
 *fill*         0x00209912        0x2 00
 .bss._stack_LogTask
                0x00209914      0x200 build/./kernel_cfg.o
 .bss._stack_DisplayTask
                0x00209b14      0x200 build/./kernel_cfg.o
 .bss._stack_ActionTask2
                0x00209d14      0x200 build/./kernel_cfg.o
 .bss._stack_ActionTask
                0x00209f14      0x200 build/./kernel_cfg.o
 .bss.receiveBuf
                0x0020a114       0x80 build/ecrobot_bluetooth.o
 .bss.sendBuf   0x0020a194      0x100 build/ecrobot_bluetooth.o
 .bss.handle    0x0020a294        0x1 build/ecrobot_bluetooth.o
 *fill*         0x0020a295        0x3 00
 .bss.status_bar_position
                0x0020a298        0x4 build/ecrobot_base.o
 .bss.last_act_time.2745
                0x0020a29c        0x4 build/ecrobot_base.o
 .bss.lcd.2674  0x0020a2a0      0x320 build/ecrobot_base.o
 .bss.OS_flag   0x0020a5c0        0x4 build/ecrobot_base.o
 .bss.status_bar
                0x0020a5c4       0x10 build/ecrobot_base.o
 .bss.setting_mode
                0x0020a5d4        0x4 build/lookup.o
                0x0020a5d4                setting_mode
 .bss.runner_mode
                0x0020a5d8        0x4 build/lookup.o
                0x0020a5d8                runner_mode
 .bss.t_count   0x0020a5dc        0x4 build/lookup.o
 .bss.t_angle   0x0020a5e0        0x4 build/lookup.o
 .bss.t_value   0x0020a5e4        0x4 build/lookup.o
 .bss.wait_count
                0x0020a5e8        0x4 build/lookup.o
 .bss.gyro_offset
                0x0020a5ec        0x4 build/lookup.o
 .bss.t_up      0x0020a5f0        0x4 build/lookup.o
 .bss.t_count_limit
                0x0020a5f4        0x4 build/lookup.o
 .bss.t_Ki      0x0020a5f8        0x4 build/lookup.o
 .bss.counter   0x0020a5fc        0x4 build/lookup.o
 .bss.bf_hensa  0x0020a600        0x4 build/lookup.o
 .bss.d_hensa   0x0020a604        0x4 build/lookup.o
 .bss.i_hensa   0x0020a608        0x4 build/lookup.o
 .bss.forward_speed.3010
                0x0020a60c        0x4 build/lookup.o
 .bss.t_speed.3063
                0x0020a610        0x4 build/lookup.o
 .bss.t_ihensa.3062
                0x0020a614        0x4 build/lookup.o
 .bss.t_hensa.3061
                0x0020a618        0x4 build/lookup.o
 .bss.flag.3105
                0x0020a61c        0x4 build/lookup.o
 .bss.sonarflag
                0x0020a620        0x4 build/lookup.o
 .bss.hensa     0x0020a624        0x4 build/lookup.o
 .bss.GRAY_VALUE
                0x0020a628        0x4 build/lookup.o
 .bss.WHITE_VALUE
                0x0020a62c        0x4 build/lookup.o
 .bss.BLACK_VALUE
                0x0020a630        0x4 build/lookup.o
 .bss.buttons_i
                0x0020a634        0x4 /cygdrive/c/cygwin/nxtOSEK/ecrobot/../ecrobot/libecrobot.a(ecrobot_interface.o)
 .bss.buttons_states
                0x0020a638       0x14 /cygdrive/c/cygwin/nxtOSEK/ecrobot/../ecrobot/libecrobot.a(ecrobot_interface.o)
 .bss.ecrobot_inputs
                0x0020a64c        0x8 /cygdrive/c/cygwin/nxtOSEK/ecrobot/../ecrobot/libecrobot.a(ecrobot_interface.o)
 .bss.systick_ms
                0x0020a654        0x4 /cygdrive/c/cygwin/nxtOSEK/ecrobot/../ecrobot/libecrobot.a(systick.oram)
 .bss.delayedEnable
                0x0020a658        0x1 /cygdrive/c/cygwin/nxtOSEK/ecrobot/../ecrobot/libecrobot.a(udp.oram)
 *fill*         0x0020a659        0x3 00
 .bss.outCnt    0x0020a65c        0x4 /cygdrive/c/cygwin/nxtOSEK/ecrobot/../ecrobot/libecrobot.a(udp.oram)
 .bss.outPtr    0x0020a660        0x4 /cygdrive/c/cygwin/nxtOSEK/ecrobot/../ecrobot/libecrobot.a(udp.oram)
 .bss.newAddress
                0x0020a664        0x4 /cygdrive/c/cygwin/nxtOSEK/ecrobot/../ecrobot/libecrobot.a(udp.oram)
 .bss.currentRxBank
                0x0020a668        0x4 /cygdrive/c/cygwin/nxtOSEK/ecrobot/../ecrobot/libecrobot.a(udp.oram)
 .bss.currentFeatures
                0x0020a66c        0x4 /cygdrive/c/cygwin/nxtOSEK/ecrobot/../ecrobot/libecrobot.a(udp.oram)
 .bss.currentConfig
                0x0020a670        0x1 /cygdrive/c/cygwin/nxtOSEK/ecrobot/../ecrobot/libecrobot.a(udp.oram)
 *fill*         0x0020a671        0x3 00
 .bss.twi_mask  0x0020a674        0x4 /cygdrive/c/cygwin/nxtOSEK/ecrobot/../ecrobot/libecrobot.a(twi.oram)
 .bss.twi_ptr   0x0020a678        0x4 /cygdrive/c/cygwin/nxtOSEK/ecrobot/../ecrobot/libecrobot.a(twi.oram)
 .bss.twi_pending
                0x0020a67c        0x4 /cygdrive/c/cygwin/nxtOSEK/ecrobot/../ecrobot/libecrobot.a(twi.oram)
 .bss.twi_state
                0x0020a680        0x4 /cygdrive/c/cygwin/nxtOSEK/ecrobot/../ecrobot/libecrobot.a(twi.oram)
 .bss.page      0x0020a684        0x1 /cygdrive/c/cygwin/nxtOSEK/ecrobot/../ecrobot/libecrobot.a(nxt_spi.oram)
                0x0020a684                page
 .bss.dirty     0x0020a685        0x1 /cygdrive/c/cygwin/nxtOSEK/ecrobot/../ecrobot/libecrobot.a(nxt_spi.oram)
                0x0020a685                dirty
 *fill*         0x0020a686        0x2 00
 .bss.display   0x0020a688        0x4 /cygdrive/c/cygwin/nxtOSEK/ecrobot/../ecrobot/libecrobot.a(nxt_spi.oram)
                0x0020a688                display
 .bss.interrupts_this_period
                0x0020a68c        0x4 /cygdrive/c/cygwin/nxtOSEK/ecrobot/../ecrobot/libecrobot.a(nxt_motors.oram)
 .bss.nxt_motor_initialised
                0x0020a690        0x4 /cygdrive/c/cygwin/nxtOSEK/ecrobot/../ecrobot/libecrobot.a(nxt_motors.oram)
 .bss.motor     0x0020a694       0x30 /cygdrive/c/cygwin/nxtOSEK/ecrobot/../ecrobot/libecrobot.a(nxt_motors.oram)
 .bss.display_tick
                0x0020a6c4        0x4 /cygdrive/c/cygwin/nxtOSEK/ecrobot/../ecrobot/libecrobot.a(display.oram)
                0x0020a6c4                display_tick
 .bss.display_array
                0x0020a6c8      0x388 /cygdrive/c/cygwin/nxtOSEK/ecrobot/../ecrobot/libecrobot.a(display.oram)
 .bss.i2c_int_count
                0x0020aa50        0x4 /cygdrive/c/cygwin/nxtOSEK/ecrobot/../ecrobot/libecrobot.a(i2c.oram)
 .bss.i2c_port  0x0020aa54      0x170 /cygdrive/c/cygwin/nxtOSEK/ecrobot/../ecrobot/libecrobot.a(i2c.oram)
 .bss.sound_mode
                0x0020abc4        0x1 /cygdrive/c/cygwin/nxtOSEK/ecrobot/../ecrobot/libecrobot.a(sound.oram)
                0x0020abc4                sound_mode
 *fill*         0x0020abc5        0x3 00
 .bss.in_buf_idx
                0x0020abc8        0x4 /cygdrive/c/cygwin/nxtOSEK/ecrobot/../ecrobot/libecrobot.a(bt.oram)
 .bss.buf_ptr   0x0020abcc        0x4 /cygdrive/c/cygwin/nxtOSEK/ecrobot/../ecrobot/libecrobot.a(bt.oram)
 .bss.out_buf   0x0020abd0      0x200 /cygdrive/c/cygwin/nxtOSEK/ecrobot/../ecrobot/libecrobot.a(bt.oram)
 .bss.out_buf_ptr
                0x0020add0        0x1 /cygdrive/c/cygwin/nxtOSEK/ecrobot/../ecrobot/libecrobot.a(bt.oram)
 .bss.in_buf_in_ptr
                0x0020add1        0x1 /cygdrive/c/cygwin/nxtOSEK/ecrobot/../ecrobot/libecrobot.a(bt.oram)
 .bss.in_buf    0x0020add2      0x100 /cygdrive/c/cygwin/nxtOSEK/ecrobot/../ecrobot/libecrobot.a(bt.oram)
 *fill*         0x0020aed2        0x2 00
 .bss.link_state
                0x0020aed4        0x4 /cygdrive/c/cygwin/nxtOSEK/ecrobot/../ecrobot/libecrobot.a(nxt_avr.oram)
 .bss.update_count
                0x0020aed8        0x4 /cygdrive/c/cygwin/nxtOSEK/ecrobot/../ecrobot/libecrobot.a(nxt_avr.oram)
 .bss.nxt_avr_stats
                0x0020aedc       0x14 /cygdrive/c/cygwin/nxtOSEK/ecrobot/../ecrobot/libecrobot.a(nxt_avr.oram)
 .bss.debounce_cnt
                0x0020aef0        0x2 /cygdrive/c/cygwin/nxtOSEK/ecrobot/../ecrobot/libecrobot.a(nxt_avr.oram)
 .bss.debounce_state
                0x0020aef2        0x2 /cygdrive/c/cygwin/nxtOSEK/ecrobot/../ecrobot/libecrobot.a(nxt_avr.oram)
 .bss.button_state
                0x0020aef4        0x2 /cygdrive/c/cygwin/nxtOSEK/ecrobot/../ecrobot/libecrobot.a(nxt_avr.oram)
 .bss.prev_buttons
                0x0020aef6        0x2 /cygdrive/c/cygwin/nxtOSEK/ecrobot/../ecrobot/libecrobot.a(nxt_avr.oram)
 .bss.from_buf  0x0020aef8        0x4 /cygdrive/c/cygwin/nxtOSEK/ecrobot/../ecrobot/libecrobot.a(nxt_avr.oram)
 .bss.io_from_avr
                0x0020aefc        0x4 /cygdrive/c/cygwin/nxtOSEK/ecrobot/../ecrobot/libecrobot.a(nxt_avr.oram)
 .bss.data_from_avr
                0x0020af00       0x1a /cygdrive/c/cygwin/nxtOSEK/ecrobot/../ecrobot/libecrobot.a(nxt_avr.oram)
 .bss.data_to_avr
                0x0020af1a        0x9 /cygdrive/c/cygwin/nxtOSEK/ecrobot/../ecrobot/libecrobot.a(nxt_avr.oram)
 .bss.io_to_avr
                0x0020af23        0x8 /cygdrive/c/cygwin/nxtOSEK/ecrobot/../ecrobot/libecrobot.a(nxt_avr.oram)
 *fill*         0x0020af2b        0x1 00
 .bss.display   0x0020af2c        0x4 /cygdrive/c/cygwin/nxtOSEK/ecrobot/../ecrobot/libecrobot.a(nxt_lcd.oram)
 .bss.ud_thetadot_cmd_lpf
                0x0020af30        0x4 /cygdrive/c/cygwin/nxtOSEK/ecrobot/../ecrobot/libnxtway_gs_balancer.a(balancer.o)
 .bss.ud_theta_ref
                0x0020af34        0x4 /cygdrive/c/cygwin/nxtOSEK/ecrobot/../ecrobot/libnxtway_gs_balancer.a(balancer.o)
 .bss.ud_theta_lpf
                0x0020af38        0x4 /cygdrive/c/cygwin/nxtOSEK/ecrobot/../ecrobot/libnxtway_gs_balancer.a(balancer.o)
 .bss.ud_psi    0x0020af3c        0x4 /cygdrive/c/cygwin/nxtOSEK/ecrobot/../ecrobot/libnxtway_gs_balancer.a(balancer.o)
 .bss.ud_err_theta
                0x0020af40        0x4 /cygdrive/c/cygwin/nxtOSEK/ecrobot/../ecrobot/libnxtway_gs_balancer.a(balancer.o)
                0x0020af50                . = ALIGN (0x10)
 *fill*         0x0020af44        0xc 00
                0x0020af50                __bss_end__ = .
 COMMON         0x0020af50        0x2 build/kernel/interrupt.o
                0x0020af50                runisr
                0x0020af51                sus_all_cnt
 *fill*         0x0020af52        0x2 00
 COMMON         0x0020af54       0x10 build/kernel/osctl.o
                0x0020af54                callevel
                0x0020af55                _errorhook_svcid
                0x0020af56                appmode
                0x0020af58                _errorhook_par1
                0x0020af5c                _errorhook_par3
                0x0020af60                _errorhook_par2
 COMMON         0x0020af64        0x3 build/kernel/task.o
                0x0020af64                runtsk
                0x0020af65                schedtsk
                0x0020af66                nextpri
 *fill*         0x0020af67        0x1 00
 COMMON         0x0020af68       0x70 build/./kernel_cfg.o
                0x0020af68                tcb_waievt
                0x0020af6c                rescb_prevpri
                0x0020af6d                almcb_prev
                0x0020af71                tcb_lastres
                0x0020af78                almcb_almval
                0x0020af88                tcxb_pc
                0x0020af98                tcb_next
                0x0020af9c                tcb_curpri
                0x0020afa0                tcb_tstat
                0x0020afa4                isrcb_lastres
                0x0020afa5                cntcb_almque
                0x0020afa6                rescb_prevres
                0x0020afa7                tcb_actcnt
                0x0020afac                tcb_curevt
                0x0020afb0                almcb_cycle
                0x0020afc0                tcxb_sp
                0x0020afd0                almcb_next
                0x0020afd4                cntcb_curval
 COMMON         0x0020afd8       0x84 build/lookup.o
                0x0020afd8                pwm_r
                0x0020afd9                cmd_forward
                0x0020afda                pwm_l
                0x0020afdb                cmd_turn
                0x0020afdc                rx_buf
 COMMON         0x0020b05c       0x44 /cygdrive/c/cygwin/nxtOSEK/ecrobot/../ecrobot/libecrobot.a(uart.oram)
                0x0020b05c                uart
 COMMON         0x0020b0a0        0x4 /cygdrive/c/cygwin/nxtOSEK/ecrobot/../ecrobot/libecrobot.a(data_abort.oram)
                0x0020b0a0                data_abort_pc
 COMMON         0x0020b0a4        0x8 /cygdrive/c/cygwin/nxtOSEK/ecrobot/../ecrobot/libecrobot.a(display.oram)
                0x0020b0a4                display_x
                0x0020b0a8                display_y
 COMMON         0x0020b0ac      0x31c /cygdrive/c/cygwin/nxtOSEK/ecrobot/../ecrobot/libecrobot.a(sound.oram)
                0x0020b0ac                sample
                0x002098f0                __bss_start__ = ADDR (.bss)
                0x0020b3c8                __bss_end__ = (ADDR (.bss) + SIZEOF (.bss))
                0x0020b3c8                PROVIDE (end, .)

.heap_area      0x0020b3c8     0x47b0
                0x0020fb78                . = (. + (0x20fb78 - end))
 *fill*         0x0020b3c8     0x47b0 00

.stack          0x0020fb78      0x488
                0x0020fbf8                . = (. + 0x80)
 *fill*         0x0020fb78       0x80 00
                0x0020fc00                . = ALIGN (0x10)
 *fill*         0x0020fbf8        0x8 00
                0x0020fc00                __irq_stack__ = .
                0x0020fc00                __system_stack_bottom__ = .
                0x00210000                . = (. + 0x400)
 *fill*         0x0020fc00      0x400 00
                0x00210000                . = ALIGN (0x10)
                0x00210000                __system_stack__ = .
                0x00210000                __system_stack_top__ = .
                0x0020fb78                __stack_start__ = ADDR (.stack)
                0x00210000                __stack_end__ = (ADDR (.stack) + SIZEOF (.stack))
OUTPUT(lookup_ram.elf elf32-littlearm)

.comment        0x00000000      0x384
 .comment       0x00000000       0x12 build/kernel/alarm.o
 .comment       0x00000012       0x12 build/kernel/event.o
 .comment       0x00000024       0x12 build/kernel/interrupt.o
 .comment       0x00000036       0x12 build/kernel/osctl.o
 .comment       0x00000048       0x12 build/kernel/resource.o
 .comment       0x0000005a       0x12 build/kernel/task.o
 .comment       0x0000006c       0x12 build/kernel/task_manage.o
 .comment       0x0000007e       0x12 build/config/at91sam7s-gnu/cpu_config.o
 .comment       0x00000090       0x12 build/config/at91sam7s-gnu/lego_nxt/sys_config.o
 .comment       0x000000a2       0x12 build/./kernel_cfg.o
 .comment       0x000000b4       0x12 build/syscalls.o
 .comment       0x000000c6       0x12 build/ecrobot_bluetooth.o
 .comment       0x000000d8       0x12 build/ecrobot_base.o
 .comment       0x000000ea       0x12 build/ecrobot.o
 .comment       0x000000fc       0x12 build/balancer_param.o
 .comment       0x0000010e       0x12 build/lookup.o
 .comment       0x00000120       0x12 build/syslib/at91sam7s-gnu/lego_nxt/hw_sys_timer.oram
 .comment       0x00000132       0x12 /cygdrive/c/cygwin/nxtOSEK/ecrobot/../ecrobot/libecrobot.a(ecrobot_HiTechnic.o)
 .comment       0x00000144       0x12 /cygdrive/c/cygwin/nxtOSEK/ecrobot/../ecrobot/libecrobot.a(ecrobot_interface.o)
 .comment       0x00000156       0x12 /cygdrive/c/cygwin/nxtOSEK/ecrobot/../ecrobot/libecrobot.a(colorsensor.o)
 .comment       0x00000168       0x12 /cygdrive/c/cygwin/nxtOSEK/ecrobot/../ecrobot/libecrobot.a(uart.oram)
 .comment       0x0000017a       0x12 /cygdrive/c/cygwin/nxtOSEK/ecrobot/../ecrobot/libecrobot.a(systick.oram)
 .comment       0x0000018c       0x12 /cygdrive/c/cygwin/nxtOSEK/ecrobot/../ecrobot/libecrobot.a(byte_fifo.oram)
 .comment       0x0000019e       0x12 /cygdrive/c/cygwin/nxtOSEK/ecrobot/../ecrobot/libecrobot.a(aic.oram)
 .comment       0x000001b0       0x12 /cygdrive/c/cygwin/nxtOSEK/ecrobot/../ecrobot/libecrobot.a(udp.oram)
 .comment       0x000001c2       0x12 /cygdrive/c/cygwin/nxtOSEK/ecrobot/../ecrobot/libecrobot.a(twi.oram)
 .comment       0x000001d4       0x12 /cygdrive/c/cygwin/nxtOSEK/ecrobot/../ecrobot/libecrobot.a(nxt_spi.oram)
 .comment       0x000001e6       0x12 /cygdrive/c/cygwin/nxtOSEK/ecrobot/../ecrobot/libecrobot.a(nxt_motors.oram)
 .comment       0x000001f8       0x12 /cygdrive/c/cygwin/nxtOSEK/ecrobot/../ecrobot/libecrobot.a(data_abort.oram)
 .comment       0x0000020a       0x12 /cygdrive/c/cygwin/nxtOSEK/ecrobot/../ecrobot/libecrobot.a(display.oram)
 .comment       0x0000021c       0x12 /cygdrive/c/cygwin/nxtOSEK/ecrobot/../ecrobot/libecrobot.a(i2c.oram)
 .comment       0x0000022e       0x12 /cygdrive/c/cygwin/nxtOSEK/ecrobot/../ecrobot/libecrobot.a(sound.oram)
 .comment       0x00000240       0x12 /cygdrive/c/cygwin/nxtOSEK/ecrobot/../ecrobot/libecrobot.a(bt.oram)
 .comment       0x00000252       0x12 /cygdrive/c/cygwin/nxtOSEK/ecrobot/../ecrobot/libecrobot.a(nxt_avr.oram)
 .comment       0x00000264       0x12 /cygdrive/c/cygwin/nxtOSEK/ecrobot/../ecrobot/libecrobot.a(sensors.oram)
 .comment       0x00000276       0x12 /cygdrive/c/cygwin/nxtOSEK/ecrobot/../ecrobot/libecrobot.a(sensors1.oram)
 .comment       0x00000288       0x12 /cygdrive/c/cygwin/nxtOSEK/ecrobot/../ecrobot/libecrobot.a(nxt_lcd.oram)
 .comment       0x0000029a       0x12 /cygdrive/c/cygwin/nxtOSEK/ecrobot/../ecrobot/libecrobot.a(flash_loader.oram)
 .comment       0x000002ac       0x12 /cygdrive/c/cygwin/nxtOSEK/ecrobot/../ecrobot/libecrobot.a(ecrobot_usb.o)
 .comment       0x000002be       0x12 /cygdrive/c/cygwin/nxtOSEK/ecrobot/../ecrobot/libecrobot.a(flashprog.oram)
 .comment       0x000002d0       0x12 /cygdrive/c/cygwin/nxtOSEK/ecrobot/../ecrobot/libnxtway_gs_balancer.a(balancer.o)
 .comment       0x000002e2       0x12 /cygdrive/C/cygwin/GNUARM/bin/../lib/gcc/arm-elf/4.0.2/thumb/interwork/libgcc.a(_muldi3.o)
 .comment       0x000002f4       0x12 /cygdrive/C/cygwin/GNUARM/bin/../lib/gcc/arm-elf/4.0.2/thumb/interwork/libgcc.a(_divdi3.o)
 .comment       0x00000306       0x12 /cygdrive/C/cygwin/GNUARM/bin/../lib/gcc/arm-elf/4.0.2/thumb/interwork/libgcc.a(_clz.o)
 .comment       0x00000318       0x12 /cygdrive/C/cygwin/GNUARM/bin/../lib/gcc/arm-elf/4.0.2/../../../../arm-elf/lib/thumb/interwork/libc.a(memcpy.o)
 .comment       0x0000032a       0x12 /cygdrive/C/cygwin/GNUARM/bin/../lib/gcc/arm-elf/4.0.2/../../../../arm-elf/lib/thumb/interwork/libc.a(memset.o)
 .comment       0x0000033c       0x12 /cygdrive/C/cygwin/GNUARM/bin/../lib/gcc/arm-elf/4.0.2/../../../../arm-elf/lib/thumb/interwork/libc.a(strcmp.o)
 .comment       0x0000034e       0x12 /cygdrive/C/cygwin/GNUARM/bin/../lib/gcc/arm-elf/4.0.2/../../../../arm-elf/lib/thumb/interwork/libc.a(strcpy.o)
 .comment       0x00000360       0x12 /cygdrive/C/cygwin/GNUARM/bin/../lib/gcc/arm-elf/4.0.2/../../../../arm-elf/lib/thumb/interwork/libc.a(strlen.o)
 .comment       0x00000372       0x12 /cygdrive/C/cygwin/GNUARM/bin/../lib/gcc/arm-elf/4.0.2/../../../../arm-elf/lib/thumb/interwork/libc.a(strncpy.o)

.debug_line     0x00000000      0xf97
 .debug_line    0x00000000       0x70 /cygdrive/C/cygwin/GNUARM/bin/../lib/gcc/arm-elf/4.0.2/thumb/interwork/libgcc.a(_udivsi3.o)
 .debug_line    0x00000070       0x7c /cygdrive/C/cygwin/GNUARM/bin/../lib/gcc/arm-elf/4.0.2/thumb/interwork/libgcc.a(_divsi3.o)
 .debug_line    0x000000ec       0x68 /cygdrive/C/cygwin/GNUARM/bin/../lib/gcc/arm-elf/4.0.2/thumb/interwork/libgcc.a(_umodsi3.o)
 .debug_line    0x00000154       0x71 /cygdrive/C/cygwin/GNUARM/bin/../lib/gcc/arm-elf/4.0.2/thumb/interwork/libgcc.a(_modsi3.o)
 .debug_line    0x000001c5       0x5a /cygdrive/C/cygwin/GNUARM/bin/../lib/gcc/arm-elf/4.0.2/thumb/interwork/libgcc.a(_dvmd_tls.o)
 .debug_line    0x0000021f      0x162 /cygdrive/C/cygwin/GNUARM/bin/../lib/gcc/arm-elf/4.0.2/thumb/interwork/libgcc.a(_addsubdf3.o)
 .debug_line    0x00000381      0x177 /cygdrive/C/cygwin/GNUARM/bin/../lib/gcc/arm-elf/4.0.2/thumb/interwork/libgcc.a(_muldivdf3.o)
 .debug_line    0x000004f8       0xa4 /cygdrive/C/cygwin/GNUARM/bin/../lib/gcc/arm-elf/4.0.2/thumb/interwork/libgcc.a(_cmpdf2.o)
 .debug_line    0x0000059c       0x6f /cygdrive/C/cygwin/GNUARM/bin/../lib/gcc/arm-elf/4.0.2/thumb/interwork/libgcc.a(_fixdfsi.o)
 .debug_line    0x0000060b       0x80 /cygdrive/C/cygwin/GNUARM/bin/../lib/gcc/arm-elf/4.0.2/thumb/interwork/libgcc.a(_truncdfsf2.o)
 .debug_line    0x0000068b      0x110 /cygdrive/C/cygwin/GNUARM/bin/../lib/gcc/arm-elf/4.0.2/thumb/interwork/libgcc.a(_addsubsf3.o)
 .debug_line    0x0000079b      0x11a /cygdrive/C/cygwin/GNUARM/bin/../lib/gcc/arm-elf/4.0.2/thumb/interwork/libgcc.a(_muldivsf3.o)
 .debug_line    0x000008b5       0x98 /cygdrive/C/cygwin/GNUARM/bin/../lib/gcc/arm-elf/4.0.2/thumb/interwork/libgcc.a(_cmpsf2.o)
 .debug_line    0x0000094d       0x6f /cygdrive/C/cygwin/GNUARM/bin/../lib/gcc/arm-elf/4.0.2/thumb/interwork/libgcc.a(_fixsfsi.o)
 .debug_line    0x000009bc       0x61 /cygdrive/C/cygwin/GNUARM/bin/../lib/gcc/arm-elf/4.0.2/thumb/interwork/libgcc.a(_muldi3.o)
 .debug_line    0x00000a1d      0x122 /cygdrive/C/cygwin/GNUARM/bin/../lib/gcc/arm-elf/4.0.2/thumb/interwork/libgcc.a(_divdi3.o)
 .debug_line    0x00000b3f       0x48 /cygdrive/C/cygwin/GNUARM/bin/../lib/gcc/arm-elf/4.0.2/thumb/interwork/libgcc.a(_clz.o)
 .debug_line    0x00000b87       0xc3 /cygdrive/C/cygwin/GNUARM/bin/../lib/gcc/arm-elf/4.0.2/../../../../arm-elf/lib/thumb/interwork/libc.a(memcpy.o)
 .debug_line    0x00000c4a       0xd4 /cygdrive/C/cygwin/GNUARM/bin/../lib/gcc/arm-elf/4.0.2/../../../../arm-elf/lib/thumb/interwork/libc.a(memset.o)
 .debug_line    0x00000d1e       0x88 /cygdrive/C/cygwin/GNUARM/bin/../lib/gcc/arm-elf/4.0.2/../../../../arm-elf/lib/thumb/interwork/libc.a(strcmp.o)
 .debug_line    0x00000da6       0x80 /cygdrive/C/cygwin/GNUARM/bin/../lib/gcc/arm-elf/4.0.2/../../../../arm-elf/lib/thumb/interwork/libc.a(strcpy.o)
 .debug_line    0x00000e26       0xaf /cygdrive/C/cygwin/GNUARM/bin/../lib/gcc/arm-elf/4.0.2/../../../../arm-elf/lib/thumb/interwork/libc.a(strlen.o)
 .debug_line    0x00000ed5       0xc2 /cygdrive/C/cygwin/GNUARM/bin/../lib/gcc/arm-elf/4.0.2/../../../../arm-elf/lib/thumb/interwork/libc.a(strncpy.o)

.debug_info     0x00000000     0x15f0
 .debug_info    0x00000000       0x6a /cygdrive/C/cygwin/GNUARM/bin/../lib/gcc/arm-elf/4.0.2/thumb/interwork/libgcc.a(_udivsi3.o)
 .debug_info    0x0000006a       0x6a /cygdrive/C/cygwin/GNUARM/bin/../lib/gcc/arm-elf/4.0.2/thumb/interwork/libgcc.a(_divsi3.o)
 .debug_info    0x000000d4       0x6a /cygdrive/C/cygwin/GNUARM/bin/../lib/gcc/arm-elf/4.0.2/thumb/interwork/libgcc.a(_umodsi3.o)
 .debug_info    0x0000013e       0x6a /cygdrive/C/cygwin/GNUARM/bin/../lib/gcc/arm-elf/4.0.2/thumb/interwork/libgcc.a(_modsi3.o)
 .debug_info    0x000001a8       0x6a /cygdrive/C/cygwin/GNUARM/bin/../lib/gcc/arm-elf/4.0.2/thumb/interwork/libgcc.a(_dvmd_tls.o)
 .debug_info    0x00000212       0x69 /cygdrive/C/cygwin/GNUARM/bin/../lib/gcc/arm-elf/4.0.2/thumb/interwork/libgcc.a(_addsubdf3.o)
 .debug_info    0x0000027b       0x69 /cygdrive/C/cygwin/GNUARM/bin/../lib/gcc/arm-elf/4.0.2/thumb/interwork/libgcc.a(_muldivdf3.o)
 .debug_info    0x000002e4       0x69 /cygdrive/C/cygwin/GNUARM/bin/../lib/gcc/arm-elf/4.0.2/thumb/interwork/libgcc.a(_cmpdf2.o)
 .debug_info    0x0000034d       0x69 /cygdrive/C/cygwin/GNUARM/bin/../lib/gcc/arm-elf/4.0.2/thumb/interwork/libgcc.a(_fixdfsi.o)
 .debug_info    0x000003b6       0x69 /cygdrive/C/cygwin/GNUARM/bin/../lib/gcc/arm-elf/4.0.2/thumb/interwork/libgcc.a(_truncdfsf2.o)
 .debug_info    0x0000041f       0x69 /cygdrive/C/cygwin/GNUARM/bin/../lib/gcc/arm-elf/4.0.2/thumb/interwork/libgcc.a(_addsubsf3.o)
 .debug_info    0x00000488       0x69 /cygdrive/C/cygwin/GNUARM/bin/../lib/gcc/arm-elf/4.0.2/thumb/interwork/libgcc.a(_muldivsf3.o)
 .debug_info    0x000004f1       0x69 /cygdrive/C/cygwin/GNUARM/bin/../lib/gcc/arm-elf/4.0.2/thumb/interwork/libgcc.a(_cmpsf2.o)
 .debug_info    0x0000055a       0x69 /cygdrive/C/cygwin/GNUARM/bin/../lib/gcc/arm-elf/4.0.2/thumb/interwork/libgcc.a(_fixsfsi.o)
 .debug_info    0x000005c3      0x20e /cygdrive/C/cygwin/GNUARM/bin/../lib/gcc/arm-elf/4.0.2/thumb/interwork/libgcc.a(_muldi3.o)
 .debug_info    0x000007d1      0x758 /cygdrive/C/cygwin/GNUARM/bin/../lib/gcc/arm-elf/4.0.2/thumb/interwork/libgcc.a(_divdi3.o)
 .debug_info    0x00000f29       0xc9 /cygdrive/C/cygwin/GNUARM/bin/../lib/gcc/arm-elf/4.0.2/thumb/interwork/libgcc.a(_clz.o)
 .debug_info    0x00000ff2      0x10d /cygdrive/C/cygwin/GNUARM/bin/../lib/gcc/arm-elf/4.0.2/../../../../arm-elf/lib/thumb/interwork/libc.a(memcpy.o)
 .debug_info    0x000010ff      0x111 /cygdrive/C/cygwin/GNUARM/bin/../lib/gcc/arm-elf/4.0.2/../../../../arm-elf/lib/thumb/interwork/libc.a(memset.o)
 .debug_info    0x00001210       0xd9 /cygdrive/C/cygwin/GNUARM/bin/../lib/gcc/arm-elf/4.0.2/../../../../arm-elf/lib/thumb/interwork/libc.a(strcmp.o)
 .debug_info    0x000012e9      0x10c /cygdrive/C/cygwin/GNUARM/bin/../lib/gcc/arm-elf/4.0.2/../../../../arm-elf/lib/thumb/interwork/libc.a(strcpy.o)
 .debug_info    0x000013f5       0xd5 /cygdrive/C/cygwin/GNUARM/bin/../lib/gcc/arm-elf/4.0.2/../../../../arm-elf/lib/thumb/interwork/libc.a(strlen.o)
 .debug_info    0x000014ca      0x126 /cygdrive/C/cygwin/GNUARM/bin/../lib/gcc/arm-elf/4.0.2/../../../../arm-elf/lib/thumb/interwork/libc.a(strncpy.o)

.debug_abbrev   0x00000000      0x715
 .debug_abbrev  0x00000000       0x14 /cygdrive/C/cygwin/GNUARM/bin/../lib/gcc/arm-elf/4.0.2/thumb/interwork/libgcc.a(_udivsi3.o)
 .debug_abbrev  0x00000014       0x14 /cygdrive/C/cygwin/GNUARM/bin/../lib/gcc/arm-elf/4.0.2/thumb/interwork/libgcc.a(_divsi3.o)
 .debug_abbrev  0x00000028       0x14 /cygdrive/C/cygwin/GNUARM/bin/../lib/gcc/arm-elf/4.0.2/thumb/interwork/libgcc.a(_umodsi3.o)
 .debug_abbrev  0x0000003c       0x14 /cygdrive/C/cygwin/GNUARM/bin/../lib/gcc/arm-elf/4.0.2/thumb/interwork/libgcc.a(_modsi3.o)
 .debug_abbrev  0x00000050       0x14 /cygdrive/C/cygwin/GNUARM/bin/../lib/gcc/arm-elf/4.0.2/thumb/interwork/libgcc.a(_dvmd_tls.o)
 .debug_abbrev  0x00000064       0x14 /cygdrive/C/cygwin/GNUARM/bin/../lib/gcc/arm-elf/4.0.2/thumb/interwork/libgcc.a(_addsubdf3.o)
 .debug_abbrev  0x00000078       0x14 /cygdrive/C/cygwin/GNUARM/bin/../lib/gcc/arm-elf/4.0.2/thumb/interwork/libgcc.a(_muldivdf3.o)
 .debug_abbrev  0x0000008c       0x14 /cygdrive/C/cygwin/GNUARM/bin/../lib/gcc/arm-elf/4.0.2/thumb/interwork/libgcc.a(_cmpdf2.o)
 .debug_abbrev  0x000000a0       0x14 /cygdrive/C/cygwin/GNUARM/bin/../lib/gcc/arm-elf/4.0.2/thumb/interwork/libgcc.a(_fixdfsi.o)
 .debug_abbrev  0x000000b4       0x14 /cygdrive/C/cygwin/GNUARM/bin/../lib/gcc/arm-elf/4.0.2/thumb/interwork/libgcc.a(_truncdfsf2.o)
 .debug_abbrev  0x000000c8       0x14 /cygdrive/C/cygwin/GNUARM/bin/../lib/gcc/arm-elf/4.0.2/thumb/interwork/libgcc.a(_addsubsf3.o)
 .debug_abbrev  0x000000dc       0x14 /cygdrive/C/cygwin/GNUARM/bin/../lib/gcc/arm-elf/4.0.2/thumb/interwork/libgcc.a(_muldivsf3.o)
 .debug_abbrev  0x000000f0       0x14 /cygdrive/C/cygwin/GNUARM/bin/../lib/gcc/arm-elf/4.0.2/thumb/interwork/libgcc.a(_cmpsf2.o)
 .debug_abbrev  0x00000104       0x14 /cygdrive/C/cygwin/GNUARM/bin/../lib/gcc/arm-elf/4.0.2/thumb/interwork/libgcc.a(_fixsfsi.o)
 .debug_abbrev  0x00000118       0xec /cygdrive/C/cygwin/GNUARM/bin/../lib/gcc/arm-elf/4.0.2/thumb/interwork/libgcc.a(_muldi3.o)
 .debug_abbrev  0x00000204      0x174 /cygdrive/C/cygwin/GNUARM/bin/../lib/gcc/arm-elf/4.0.2/thumb/interwork/libgcc.a(_divdi3.o)
 .debug_abbrev  0x00000378       0x61 /cygdrive/C/cygwin/GNUARM/bin/../lib/gcc/arm-elf/4.0.2/thumb/interwork/libgcc.a(_clz.o)
 .debug_abbrev  0x000003d9       0x99 /cygdrive/C/cygwin/GNUARM/bin/../lib/gcc/arm-elf/4.0.2/../../../../arm-elf/lib/thumb/interwork/libc.a(memcpy.o)
 .debug_abbrev  0x00000472       0x9a /cygdrive/C/cygwin/GNUARM/bin/../lib/gcc/arm-elf/4.0.2/../../../../arm-elf/lib/thumb/interwork/libc.a(memset.o)
 .debug_abbrev  0x0000050c       0x71 /cygdrive/C/cygwin/GNUARM/bin/../lib/gcc/arm-elf/4.0.2/../../../../arm-elf/lib/thumb/interwork/libc.a(strcmp.o)
 .debug_abbrev  0x0000057d       0x80 /cygdrive/C/cygwin/GNUARM/bin/../lib/gcc/arm-elf/4.0.2/../../../../arm-elf/lib/thumb/interwork/libc.a(strcpy.o)
 .debug_abbrev  0x000005fd       0x8b /cygdrive/C/cygwin/GNUARM/bin/../lib/gcc/arm-elf/4.0.2/../../../../arm-elf/lib/thumb/interwork/libc.a(strlen.o)
 .debug_abbrev  0x00000688       0x8d /cygdrive/C/cygwin/GNUARM/bin/../lib/gcc/arm-elf/4.0.2/../../../../arm-elf/lib/thumb/interwork/libc.a(strncpy.o)

.debug_aranges  0x00000000      0x2c0
 .debug_aranges
                0x00000000       0x20 /cygdrive/C/cygwin/GNUARM/bin/../lib/gcc/arm-elf/4.0.2/thumb/interwork/libgcc.a(_udivsi3.o)
 .debug_aranges
                0x00000020       0x20 /cygdrive/C/cygwin/GNUARM/bin/../lib/gcc/arm-elf/4.0.2/thumb/interwork/libgcc.a(_divsi3.o)
 .debug_aranges
                0x00000040       0x20 /cygdrive/C/cygwin/GNUARM/bin/../lib/gcc/arm-elf/4.0.2/thumb/interwork/libgcc.a(_umodsi3.o)
 .debug_aranges
                0x00000060       0x20 /cygdrive/C/cygwin/GNUARM/bin/../lib/gcc/arm-elf/4.0.2/thumb/interwork/libgcc.a(_modsi3.o)
 .debug_aranges
                0x00000080       0x20 /cygdrive/C/cygwin/GNUARM/bin/../lib/gcc/arm-elf/4.0.2/thumb/interwork/libgcc.a(_dvmd_tls.o)
 .debug_aranges
                0x000000a0       0x20 /cygdrive/C/cygwin/GNUARM/bin/../lib/gcc/arm-elf/4.0.2/thumb/interwork/libgcc.a(_addsubdf3.o)
 .debug_aranges
                0x000000c0       0x20 /cygdrive/C/cygwin/GNUARM/bin/../lib/gcc/arm-elf/4.0.2/thumb/interwork/libgcc.a(_muldivdf3.o)
 .debug_aranges
                0x000000e0       0x20 /cygdrive/C/cygwin/GNUARM/bin/../lib/gcc/arm-elf/4.0.2/thumb/interwork/libgcc.a(_cmpdf2.o)
 .debug_aranges
                0x00000100       0x20 /cygdrive/C/cygwin/GNUARM/bin/../lib/gcc/arm-elf/4.0.2/thumb/interwork/libgcc.a(_fixdfsi.o)
 .debug_aranges
                0x00000120       0x20 /cygdrive/C/cygwin/GNUARM/bin/../lib/gcc/arm-elf/4.0.2/thumb/interwork/libgcc.a(_truncdfsf2.o)
 .debug_aranges
                0x00000140       0x20 /cygdrive/C/cygwin/GNUARM/bin/../lib/gcc/arm-elf/4.0.2/thumb/interwork/libgcc.a(_addsubsf3.o)
 .debug_aranges
                0x00000160       0x20 /cygdrive/C/cygwin/GNUARM/bin/../lib/gcc/arm-elf/4.0.2/thumb/interwork/libgcc.a(_muldivsf3.o)
 .debug_aranges
                0x00000180       0x20 /cygdrive/C/cygwin/GNUARM/bin/../lib/gcc/arm-elf/4.0.2/thumb/interwork/libgcc.a(_cmpsf2.o)
 .debug_aranges
                0x000001a0       0x20 /cygdrive/C/cygwin/GNUARM/bin/../lib/gcc/arm-elf/4.0.2/thumb/interwork/libgcc.a(_fixsfsi.o)
 .debug_aranges
                0x000001c0       0x20 /cygdrive/C/cygwin/GNUARM/bin/../lib/gcc/arm-elf/4.0.2/thumb/interwork/libgcc.a(_muldi3.o)
 .debug_aranges
                0x000001e0       0x20 /cygdrive/C/cygwin/GNUARM/bin/../lib/gcc/arm-elf/4.0.2/thumb/interwork/libgcc.a(_divdi3.o)
 .debug_aranges
                0x00000200       0x20 /cygdrive/C/cygwin/GNUARM/bin/../lib/gcc/arm-elf/4.0.2/../../../../arm-elf/lib/thumb/interwork/libc.a(memcpy.o)
 .debug_aranges
                0x00000220       0x20 /cygdrive/C/cygwin/GNUARM/bin/../lib/gcc/arm-elf/4.0.2/../../../../arm-elf/lib/thumb/interwork/libc.a(memset.o)
 .debug_aranges
                0x00000240       0x20 /cygdrive/C/cygwin/GNUARM/bin/../lib/gcc/arm-elf/4.0.2/../../../../arm-elf/lib/thumb/interwork/libc.a(strcmp.o)
 .debug_aranges
                0x00000260       0x20 /cygdrive/C/cygwin/GNUARM/bin/../lib/gcc/arm-elf/4.0.2/../../../../arm-elf/lib/thumb/interwork/libc.a(strcpy.o)
 .debug_aranges
                0x00000280       0x20 /cygdrive/C/cygwin/GNUARM/bin/../lib/gcc/arm-elf/4.0.2/../../../../arm-elf/lib/thumb/interwork/libc.a(strlen.o)
 .debug_aranges
                0x000002a0       0x20 /cygdrive/C/cygwin/GNUARM/bin/../lib/gcc/arm-elf/4.0.2/../../../../arm-elf/lib/thumb/interwork/libc.a(strncpy.o)

.debug_frame    0x00000000      0x180
 .debug_frame   0x00000000       0x38 /cygdrive/C/cygwin/GNUARM/bin/../lib/gcc/arm-elf/4.0.2/thumb/interwork/libgcc.a(_muldi3.o)
 .debug_frame   0x00000038       0x3c /cygdrive/C/cygwin/GNUARM/bin/../lib/gcc/arm-elf/4.0.2/thumb/interwork/libgcc.a(_divdi3.o)
 .debug_frame   0x00000074       0x2c /cygdrive/C/cygwin/GNUARM/bin/../lib/gcc/arm-elf/4.0.2/../../../../arm-elf/lib/thumb/interwork/libc.a(memcpy.o)
 .debug_frame   0x000000a0       0x2c /cygdrive/C/cygwin/GNUARM/bin/../lib/gcc/arm-elf/4.0.2/../../../../arm-elf/lib/thumb/interwork/libc.a(memset.o)
 .debug_frame   0x000000cc       0x2c /cygdrive/C/cygwin/GNUARM/bin/../lib/gcc/arm-elf/4.0.2/../../../../arm-elf/lib/thumb/interwork/libc.a(strcmp.o)