Archive member included because of file (symbol)

../../nxtOSEK/ecrobot/../ecrobot/libecrobot.a(ecrobot_HiTechnic.o)
                              build/Kaidan.o (ecrobot_get_gyro_sensor)
../../nxtOSEK/ecrobot/../ecrobot/libecrobot.a(ecrobot_interface.o)
                              build/Kaidan.o (ecrobot_set_motor_speed)
../../nxtOSEK/ecrobot/../ecrobot/libecrobot.a(colorsensor.o)
                              ../../nxtOSEK/ecrobot/../ecrobot/libecrobot.a(ecrobot_interface.o) (colorsensor_init)
../../nxtOSEK/ecrobot/../ecrobot/libecrobot.a(uart.oram)
                              build/config/at91sam7s-gnu/irq.oram (uart_isr_C_0)
../../nxtOSEK/ecrobot/../ecrobot/libecrobot.a(systick.oram)
                              build/syslib/at91sam7s-gnu/lego_nxt/hw_sys_timer.oram (systick_low_priority_C)
../../nxtOSEK/ecrobot/../ecrobot/libecrobot.a(byte_fifo.oram)
                              ../../nxtOSEK/ecrobot/../ecrobot/libecrobot.a(uart.oram) (byte_fifo_put)
../../nxtOSEK/ecrobot/../ecrobot/libecrobot.a(aic.oram)
                              ../../nxtOSEK/ecrobot/../ecrobot/libecrobot.a(uart.oram) (aic_set_vector)
../../nxtOSEK/ecrobot/../ecrobot/libecrobot.a(udp.oram)
                              build/config/at91sam7s-gnu/irq.oram (udp_isr_C)
../../nxtOSEK/ecrobot/../ecrobot/libecrobot.a(twi.oram)
                              build/config/at91sam7s-gnu/irq.oram (twi_isr_C)
../../nxtOSEK/ecrobot/../ecrobot/libecrobot.a(nxt_spi.oram)
                              build/config/at91sam7s-gnu/irq.oram (spi_isr_C)
../../nxtOSEK/ecrobot/../ecrobot/libecrobot.a(nxt_motors.oram)
                              build/Kaidan.o (nxt_motor_get_count)
../../nxtOSEK/ecrobot/../ecrobot/libecrobot.a(data_abort.oram)
                              build/ecrobot_init.o (data_abort_C)
../../nxtOSEK/ecrobot/../ecrobot/libecrobot.a(display.oram)
                              build/ecrobot_base.o (display_update)
../../nxtOSEK/ecrobot/../ecrobot/libecrobot.a(i2c.oram)
                              build/config/at91sam7s-gnu/irq.oram (i2c_timer_isr_C)
../../nxtOSEK/ecrobot/../ecrobot/libecrobot.a(sound.oram)
                              ../../nxtOSEK/ecrobot/../ecrobot/libecrobot.a(ecrobot_interface.o) (sound_get_time)
../../nxtOSEK/ecrobot/../ecrobot/libecrobot.a(bt.oram)
                              build/ecrobot_bluetooth.o (bt_send)
../../nxtOSEK/ecrobot/../ecrobot/libecrobot.a(nxt_avr.oram)
                              build/ecrobot_base.o (nxt_avr_power_down)
../../nxtOSEK/ecrobot/../ecrobot/libecrobot.a(sensors.oram)
                              ../../nxtOSEK/ecrobot/../ecrobot/libecrobot.a(ecrobot_interface.o) (unset_digi0)
../../nxtOSEK/ecrobot/../ecrobot/libecrobot.a(sensors1.oram)
                              ../../nxtOSEK/ecrobot/../ecrobot/libecrobot.a(colorsensor.o) (sensor_pins)
../../nxtOSEK/ecrobot/../ecrobot/libecrobot.a(nxt_lcd.oram)
                              ../../nxtOSEK/ecrobot/../ecrobot/libecrobot.a(display.oram) (nxt_lcd_force_update)
../../nxtOSEK/ecrobot/../ecrobot/libecrobot.a(flash_loader.oram)
                              build/ecrobot_base.o (set_flash_request)
../../nxtOSEK/ecrobot/../ecrobot/libecrobot.a(interrupts.oram)
                              ../../nxtOSEK/ecrobot/../ecrobot/libecrobot.a(uart.oram) (interrupts_get_and_disable)
../../nxtOSEK/ecrobot/../ecrobot/libecrobot.a(nxtosek_splash.obmp)
                              build/ecrobot_base.o (nxtosek_splash_bmp_start)
../../nxtOSEK/ecrobot/../ecrobot/libecrobot.a(ecrobot_usb.o)
                              ../../nxtOSEK/ecrobot/../ecrobot/libecrobot.a(flash_loader.oram) (ecrobot_init_usb)
../../nxtOSEK/ecrobot/../ecrobot/libecrobot.a(flashprog.oram)
                              ../../nxtOSEK/ecrobot/../ecrobot/libecrobot.a(flash_loader.oram) (flash_write_page)
../../nxtOSEK/ecrobot/../ecrobot/libnxtway_gs_balancer.a(balancer.o)
                              build/Kaidan.o (balance_control)
/cygdrive/C/cygwin/GNUARM/bin/../lib/gcc/arm-elf/4.0.2/thumb/interwork/libgcc.a(_udivsi3.o)
                              build/ecrobot_base.o (__udivsi3)
/cygdrive/C/cygwin/GNUARM/bin/../lib/gcc/arm-elf/4.0.2/thumb/interwork/libgcc.a(_divsi3.o)
                              ../../nxtOSEK/ecrobot/../ecrobot/libecrobot.a(uart.oram) (__divsi3)
/cygdrive/C/cygwin/GNUARM/bin/../lib/gcc/arm-elf/4.0.2/thumb/interwork/libgcc.a(_umodsi3.o)
                              ../../nxtOSEK/ecrobot/../ecrobot/libecrobot.a(display.oram) (__umodsi3)
/cygdrive/C/cygwin/GNUARM/bin/../lib/gcc/arm-elf/4.0.2/thumb/interwork/libgcc.a(_modsi3.o)
                              ../../nxtOSEK/ecrobot/../ecrobot/libecrobot.a(sound.oram) (__modsi3)
/cygdrive/C/cygwin/GNUARM/bin/../lib/gcc/arm-elf/4.0.2/thumb/interwork/libgcc.a(_dvmd_tls.o)
                              /cygdrive/C/cygwin/GNUARM/bin/../lib/gcc/arm-elf/4.0.2/thumb/interwork/libgcc.a(_udivsi3.o) (__div0)
/cygdrive/C/cygwin/GNUARM/bin/../lib/gcc/arm-elf/4.0.2/thumb/interwork/libgcc.a(_addsubdf3.o)
[...]
Memory Configuration

Name             Origin             Length             Attributes
vector_ram       0x00200000         0x00000040
ram              0x00200040         0x0000ffc0
*default*        0x00000000         0xffffffff

Linker script and memory map

LOAD build/kernel/alarm.o
LOAD build/kernel/event.o
LOAD build/kernel/interrupt.o
LOAD build/kernel/osctl.o
LOAD build/kernel/resource.o
LOAD build/kernel/task.o
LOAD build/kernel/task_manage.o
LOAD build/config/at91sam7s-gnu/cpu_config.o
LOAD build/config/at91sam7s-gnu/lego_nxt/sys_config.o
LOAD build/./kernel_cfg.o
LOAD build/syscalls.o
LOAD build/ecrobot_bluetooth.o
LOAD build/ecrobot_base.o
LOAD build/ecrobot.o
LOAD build/balancer_param.o
LOAD build/Kaidan.o
LOAD build/logSend.o
LOAD build/syslib/at91sam7s-gnu/lego_nxt/hw_sys_timer.oram
LOAD build/nxtvm/platform/nxt/vectors.o
LOAD build/config/at91sam7s-gnu/debug.o
LOAD build/config/at91sam7s-gnu/lego_nxt/sys_support.o
LOAD build/nxt_binary_header.o
LOAD build/nxt_entry_point.o
LOAD build/ecrobot_init.o
LOAD build/config/at91sam7s-gnu/cpu_support.oram
LOAD build/config/at91sam7s-gnu/irq.oram
LOAD ../../nxtOSEK/ecrobot/../c++/liblejososek.a
LOAD ../../nxtOSEK/ecrobot/../ecrobot/libecrobot.a
LOAD ../../nxtOSEK/ecrobot/../ecrobot/libnxtway_gs_balancer.a
LOAD /cygdrive/C/cygwin/GNUARM/bin/../lib/gcc/arm-elf/4.0.2/../../../../arm-elf/lib/thumb/interwork/libstdc++.a
LOAD /cygdrive/C/cygwin/GNUARM/bin/../lib/gcc/arm-elf/4.0.2/../../../../arm-elf/lib/thumb/interwork/libm.a
LOAD /cygdrive/C/cygwin/GNUARM/bin/../lib/gcc/arm-elf/4.0.2/thumb/interwork/libgcc.a
LOAD /cygdrive/C/cygwin/GNUARM/bin/../lib/gcc/arm-elf/4.0.2/../../../../arm-elf/lib/thumb/interwork/libc.a
LOAD /cygdrive/C/cygwin/GNUARM/bin/../lib/gcc/arm-elf/4.0.2/thumb/interwork/libgcc.a
                0x00200000                RAM_BASE = 0x200000
                0x00010000                RAM_SIZE = 0x10000

.samba_reserved
                0x00200040     0x1fc0
                0x00202000                . = 0x1fc0
 *fill*         0x00200040     0x1fc0 00
                0x00200040                __samba_ram_start__ = ADDR (.samba_reserved)
                0x00202000                __samba_ram_end__ = (__samba_ram_start__ + SIZEOF (.samba_reserved))

.vectors        0x00200000       0x40 load address 0x00202000
 vectors.o(*.text *.text.*)
 .text          0x00200000       0x38 build/nxtvm/platform/nxt/vectors.o
                0x00200040                . = ALIGN (0x10)
 *fill*         0x00200038        0x8 00
                0x00200000                __vectors_ram_start__ = ADDR (.vectors)
                0x00200040                __vectors_ram_end__ = (ADDR (.vectors) + SIZEOF (.vectors))
                0x00202000                __vectors_load_start__ = LOADADDR (.vectors)
                0x00202040                __vectors_load_end__ = (LOADADDR (.vectors) + SIZEOF (.vectors))

.init           0x00202040      0x280
 *ecrobot_init.o(*.text *.text.*)
 .text          0x00202040      0x280 build/ecrobot_init.o
                0x002021ac                undef_handler
                0x002021b4                prefetch_abort_handler
                0x002021b8                data_abort_handler
                0x002021b0                swi_handler
                0x00202040                start
                0x002021d4                reserved_handler
                0x002022c0                . = ALIGN (0x10)

.ram_text       0x002022c0     0x35a0
                0x002022c0                . = ALIGN (0x10)
 *.oram(*.text *.text.* *.glue*)
 .text.systick_isr_C1
                0x002022c0       0x28 build/syslib/at91sam7s-gnu/lego_nxt/hw_sys_timer.oram
                0x002022c0                systick_isr_C1
 *fill*         0x002022e8        0x8 00
 .text          0x002022f0      0x230 build/config/at91sam7s-gnu/cpu_support.oram
                0x002024d0                enable_int
                0x00202370                start_dispatch
                0x00202330                activate_r
                0x002024c8                disable_int
                0x002022f0                dispatch
                0x0020249c                int_return
                0x0020242c                _interrupt
                0x00202360                exit_and_dispatch
                0x002024d8                nop
 .text          0x00202520      0x2c0 build/config/at91sam7s-gnu/irq.oram
                0x00202520                default_isr
                0x002026ac                uart_isr_entry_0
                0x0020262c                twi_isr_entry
                0x002026ec                uart_isr_entry_1
                0x002025ec                spi_isr_entry
                0x0020256c                systick_low_priority_entry
                0x0020272c                nxt_motor_isr_entry
                0x0020276c                i2c_timer_isr_entry
                0x00202520                default_fiq
                0x00202524                systick_isr_entry
                0x00202520                spurious_isr
                0x0020266c                sound_isr_entry
                0x002025ac                udp_isr_entry
 .text.uart_process_isr
                0x002027e0       0x88 ../../nxtOSEK/ecrobot/../ecrobot/libecrobot.a(uart.oram)
 .text.uart_isr_C_0
                0x00202868        0xc ../../nxtOSEK/ecrobot/../ecrobot/libecrobot.a(uart.oram)
                0x00202868                uart_isr_C_0
 .text.uart_isr_C_1
                0x00202874        0xc ../../nxtOSEK/ecrobot/../ecrobot/libecrobot.a(uart.oram)
                0x00202874                uart_isr_C_1
 .text.systick_low_priority_C
                0x00202880       0x1c ../../nxtOSEK/ecrobot/../ecrobot/libecrobot.a(systick.oram)
                0x00202880                systick_low_priority_C
 .text.systick_isr_C
                0x0020289c       0x24 ../../nxtOSEK/ecrobot/../ecrobot/libecrobot.a(systick.oram)
                0x0020289c                systick_isr_C
 .text.systick_get_ms
                0x002028c0        0xc ../../nxtOSEK/ecrobot/../ecrobot/libecrobot.a(systick.oram)
                0x002028c0                systick_get_ms
 .text.systick_wait_ms
                0x002028cc       0x1c ../../nxtOSEK/ecrobot/../ecrobot/libecrobot.a(systick.oram)
                0x002028cc                systick_wait_ms
 .text.systick_wait_ns
                0x002028e8       0x1c ../../nxtOSEK/ecrobot/../ecrobot/libecrobot.a(systick.oram)
                0x002028e8                systick_wait_ns
 .text.systick_init
                0x00202904       0x58 ../../nxtOSEK/ecrobot/../ecrobot/libecrobot.a(systick.oram)
                0x00202904                systick_init
 .text.systick_suspend
                0x0020295c        0xc ../../nxtOSEK/ecrobot/../ecrobot/libecrobot.a(systick.oram)
                0x0020295c                systick_suspend
 .text.systick_resume
                0x00202968        0xc ../../nxtOSEK/ecrobot/../ecrobot/libecrobot.a(systick.oram)
                0x00202968                systick_resume
 .text.byte_fifo_put
                0x00202974       0x58 ../../nxtOSEK/ecrobot/../ecrobot/libecrobot.a(byte_fifo.oram)
                0x00202974                byte_fifo_put
 .text.byte_fifo_get
                0x002029cc       0x2c ../../nxtOSEK/ecrobot/../ecrobot/libecrobot.a(byte_fifo.oram)
                0x002029cc                byte_fifo_get
 .text.aic_initialise
                0x002029f8       0x5c ../../nxtOSEK/ecrobot/../ecrobot/libecrobot.a(aic.oram)
                0x002029f8                aic_initialise
 .text.aic_set_vector
                0x00202a54       0x30 ../../nxtOSEK/ecrobot/../ecrobot/libecrobot.a(aic.oram)
                0x00202a54                aic_set_vector
 .text.aic_mask_on
                0x00202a84       0x24 ../../nxtOSEK/ecrobot/../ecrobot/libecrobot.a(aic.oram)
                0x00202a84                aic_mask_on
 .text.aic_mask_off
                0x00202aa8       0x24 ../../nxtOSEK/ecrobot/../ecrobot/libecrobot.a(aic.oram)
                0x00202aa8                aic_mask_off
 .text.aic_clear
                0x00202acc       0x24 ../../nxtOSEK/ecrobot/../ecrobot/libecrobot.a(aic.oram)
                0x00202acc                aic_clear
 .text.reset    0x00202af0       0x4c ../../nxtOSEK/ecrobot/../ecrobot/libecrobot.a(udp.oram)
 .text.udp_send_null
                0x00202b3c       0x2c ../../nxtOSEK/ecrobot/../ecrobot/libecrobot.a(udp.oram)
 .text.udp_send_stall
                0x00202b68       0x2c ../../nxtOSEK/ecrobot/../ecrobot/libecrobot.a(udp.oram)
 .text.udp_send_control
                0x00202b94       0x60 ../../nxtOSEK/ecrobot/../ecrobot/libecrobot.a(udp.oram)
 .text.udp_isr_C
                0x00202bf4      0x7d0 ../../nxtOSEK/ecrobot/../ecrobot/libecrobot.a(udp.oram)
                0x00202bf4                udp_isr_C
 .text.twi_status
                0x002033c4       0x20 ../../nxtOSEK/ecrobot/../ecrobot/libecrobot.a(twi.oram)
                0x002033c4                twi_status
 .text.twi_isr_C
                0x002033e4       0xc4 ../../nxtOSEK/ecrobot/../ecrobot/libecrobot.a(twi.oram)
                0x002033e4                twi_isr_C
 .text.twi_reset
                0x002034a8       0xb4 ../../nxtOSEK/ecrobot/../ecrobot/libecrobot.a(twi.oram)
                0x002034a8                twi_reset
 .text.twi_init
                0x0020355c       0x4c ../../nxtOSEK/ecrobot/../ecrobot/libecrobot.a(twi.oram)
                0x0020355c                twi_init
 .text.twi_start_read
                0x002035a8       0x60 ../../nxtOSEK/ecrobot/../ecrobot/libecrobot.a(twi.oram)
                0x002035a8                twi_start_read
 .text.twi_start_write
                0x00203608       0x64 ../../nxtOSEK/ecrobot/../ecrobot/libecrobot.a(twi.oram)
                0x00203608                twi_start_write
 .text.spi_set_mode
                0x0020366c       0x40 ../../nxtOSEK/ecrobot/../ecrobot/libecrobot.a(nxt_spi.oram)
 .text.spi_isr_C
                0x002036ac       0x8c ../../nxtOSEK/ecrobot/../ecrobot/libecrobot.a(nxt_spi.oram)
                0x002036ac                spi_isr_C
 .text.nxt_spi_init
                0x00203738      0x12c ../../nxtOSEK/ecrobot/../ecrobot/libecrobot.a(nxt_spi.oram)
                0x00203738                nxt_spi_init
 .text.nxt_spi_write
                0x00203864       0x44 ../../nxtOSEK/ecrobot/../ecrobot/libecrobot.a(nxt_spi.oram)
                0x00203864                nxt_spi_write
 .text.nxt_spi_set_display
                0x002038a8       0x10 ../../nxtOSEK/ecrobot/../ecrobot/libecrobot.a(nxt_spi.oram)
                0x002038a8                nxt_spi_set_display
 .text.nxt_spi_refresh
                0x002038b8       0x24 ../../nxtOSEK/ecrobot/../ecrobot/libecrobot.a(nxt_spi.oram)
                0x002038b8                nxt_spi_refresh
 .text.nxt_motor_get_count
                0x002038dc       0x14 ../../nxtOSEK/ecrobot/../ecrobot/libecrobot.a(nxt_motors.oram)
                0x002038dc                nxt_motor_get_count
 .text.nxt_motor_set_count
                0x002038f0       0x10 ../../nxtOSEK/ecrobot/../ecrobot/libecrobot.a(nxt_motors.oram)
                0x002038f0                nxt_motor_set_count
 .text.nxt_motor_set_speed
                0x00203900       0x34 ../../nxtOSEK/ecrobot/../ecrobot/libecrobot.a(nxt_motors.oram)
                0x00203900                nxt_motor_set_speed
 .text.nxt_motor_1kHz_process
                0x00203934       0x28 ../../nxtOSEK/ecrobot/../ecrobot/libecrobot.a(nxt_motors.oram)
                0x00203934                nxt_motor_1kHz_process
 .text.nxt_motor_quad_decode
                0x0020395c       0x30 ../../nxtOSEK/ecrobot/../ecrobot/libecrobot.a(nxt_motors.oram)
                0x0020395c                nxt_motor_quad_decode
 .text.nxt_motor_isr_C
                0x0020398c       0x88 ../../nxtOSEK/ecrobot/../ecrobot/libecrobot.a(nxt_motors.oram)
                0x0020398c                nxt_motor_isr_C
 .text.nxt_motor_init
                0x00203a14       0x68 ../../nxtOSEK/ecrobot/../ecrobot/libecrobot.a(nxt_motors.oram)
                0x00203a14                nxt_motor_init
 .text.data_abort_C
                0x00203a7c       0x7c ../../nxtOSEK/ecrobot/../ecrobot/libecrobot.a(data_abort.oram)
                0x00203a7c                data_abort_C
 .text.display_update
                0x00203af8       0x14 ../../nxtOSEK/ecrobot/../ecrobot/libecrobot.a(display.oram)
                0x00203af8                display_update
 .text.display_force_update
                0x00203b0c        0xc ../../nxtOSEK/ecrobot/../ecrobot/libecrobot.a(display.oram)
                0x00203b0c                display_force_update
 .text.display_clear
                0x00203b18       0x24 ../../nxtOSEK/ecrobot/../ecrobot/libecrobot.a(display.oram)
                0x00203b18                display_clear
 .text.display_goto_xy
                0x00203b3c       0x14 ../../nxtOSEK/ecrobot/../ecrobot/libecrobot.a(display.oram)
                0x00203b3c                display_goto_xy
 .text.display_char
                0x00203b50       0x60 ../../nxtOSEK/ecrobot/../ecrobot/libecrobot.a(display.oram)
                0x00203b50                display_char
 .text.display_string
                0x00203bb0       0x3c ../../nxtOSEK/ecrobot/../ecrobot/libecrobot.a(display.oram)
                0x00203bb0                display_string
 .text.display_hex
                0x00203bec       0x50 ../../nxtOSEK/ecrobot/../ecrobot/libecrobot.a(display.oram)
                0x00203bec                display_hex
 .text.display_unsigned_worker
                0x00203c3c       0x70 ../../nxtOSEK/ecrobot/../ecrobot/libecrobot.a(display.oram)
 .text.display_unsigned
                0x00203cac        0xc ../../nxtOSEK/ecrobot/../ecrobot/libecrobot.a(display.oram)
                0x00203cac                display_unsigned
 .text.display_int
                0x00203cb8       0x14 ../../nxtOSEK/ecrobot/../ecrobot/libecrobot.a(display.oram)
                0x00203cb8                display_int
 .text.display_bitmap_copy
                0x00203ccc       0x5c ../../nxtOSEK/ecrobot/../ecrobot/libecrobot.a(display.oram)
                0x00203ccc                display_bitmap_copy
 .text.display_init
                0x00203d28       0x50 ../../nxtOSEK/ecrobot/../ecrobot/libecrobot.a(display.oram)
                0x00203d28                display_init
 .text.i2c_timer_isr_C
                0x00203d78      0x314 ../../nxtOSEK/ecrobot/../ecrobot/libecrobot.a(i2c.oram)
                0x00203d78                i2c_timer_isr_C
 .text.i2c_disable
                0x0020408c       0x20 ../../nxtOSEK/ecrobot/../ecrobot/libecrobot.a(i2c.oram)
                0x0020408c                i2c_disable
 .text.i2c_init
                0x002040ac       0xa4 ../../nxtOSEK/ecrobot/../ecrobot/libecrobot.a(i2c.oram)
                0x002040ac                i2c_init
 .text.set_vol  0x00204150       0xa4 ../../nxtOSEK/ecrobot/../ecrobot/libecrobot.a(sound.oram)
 .text.sound_fill_sample_buffer
                0x002041f4       0xe4 ../../nxtOSEK/ecrobot/../ecrobot/libecrobot.a(sound.oram)
                0x002041f4                sound_fill_sample_buffer
 .text.sound_freq_vol
                0x002042d8      0x1e4 ../../nxtOSEK/ecrobot/../ecrobot/libecrobot.a(sound.oram)
                0x002042d8                sound_freq_vol
 .text.sound_init
                0x002044bc       0xa0 ../../nxtOSEK/ecrobot/../ecrobot/libecrobot.a(sound.oram)
                0x002044bc                sound_init
 .text.sound_isr_C
                0x0020455c      0x144 ../../nxtOSEK/ecrobot/../ecrobot/libecrobot.a(sound.oram)
                0x0020455c                sound_isr_C
 .text.bt_init  0x002046a0      0x1c0 ../../nxtOSEK/ecrobot/../ecrobot/libecrobot.a(bt.oram)
                0x002046a0                bt_init
 .text.bt_send  0x00204860       0x5c ../../nxtOSEK/ecrobot/../ecrobot/libecrobot.a(bt.oram)
                0x00204860                bt_send
 .text.bt_write
                0x002048bc       0x70 ../../nxtOSEK/ecrobot/../ecrobot/libecrobot.a(bt.oram)
                0x002048bc                bt_write
 .text.bt_pending
                0x0020492c       0x50 ../../nxtOSEK/ecrobot/../ecrobot/libecrobot.a(bt.oram)
                0x0020492c                bt_pending
 .text.bt_clear_arm7_cmd
                0x0020497c       0x10 ../../nxtOSEK/ecrobot/../ecrobot/libecrobot.a(bt.oram)
                0x0020497c                bt_clear_arm7_cmd
 .text.bt_set_arm7_cmd
                0x0020498c       0x10 ../../nxtOSEK/ecrobot/../ecrobot/libecrobot.a(bt.oram)
                0x0020498c                bt_set_arm7_cmd
 .text.bt_receive
                0x0020499c      0x160 ../../nxtOSEK/ecrobot/../ecrobot/libecrobot.a(bt.oram)
                0x0020499c                bt_receive
 .text.bt_reset
                0x00204afc       0x84 ../../nxtOSEK/ecrobot/../ecrobot/libecrobot.a(bt.oram)
                0x00204afc                bt_reset
 .text.nxt_avr_power_down
                0x00204b80       0x10 ../../nxtOSEK/ecrobot/../ecrobot/libecrobot.a(nxt_avr.oram)
                0x00204b80                nxt_avr_power_down
 .text.nxt_avr_link_init
                0x00204b90       0x20 ../../nxtOSEK/ecrobot/../ecrobot/libecrobot.a(nxt_avr.oram)
                0x00204b90                nxt_avr_link_init
 .text.nxt_avr_init
                0x00204bb0       0x6c ../../nxtOSEK/ecrobot/../ecrobot/libecrobot.a(nxt_avr.oram)
                0x00204bb0                nxt_avr_init
 .text.nxt_avr_1kHz_update
                0x00204c1c      0x1cc ../../nxtOSEK/ecrobot/../ecrobot/libecrobot.a(nxt_avr.oram)
                0x00204c1c                nxt_avr_1kHz_update
 .text.buttons_get
                0x00204de8        0xc ../../nxtOSEK/ecrobot/../ecrobot/libecrobot.a(nxt_avr.oram)
                0x00204de8                buttons_get
 .text.battery_voltage
                0x00204df4       0x28 ../../nxtOSEK/ecrobot/../ecrobot/libecrobot.a(nxt_avr.oram)
                0x00204df4                battery_voltage
 .text.sensor_adc
                0x00204e1c       0x20 ../../nxtOSEK/ecrobot/../ecrobot/libecrobot.a(nxt_avr.oram)
                0x00204e1c                sensor_adc
 .text.nxt_avr_set_motor
                0x00204e3c       0x34 ../../nxtOSEK/ecrobot/../ecrobot/libecrobot.a(nxt_avr.oram)
                0x00204e3c                nxt_avr_set_motor
 .text.nxt_avr_set_input_power
                0x00204e70       0x3c ../../nxtOSEK/ecrobot/../ecrobot/libecrobot.a(nxt_avr.oram)
                0x00204e70                nxt_avr_set_input_power
 .text.unset_digi0
                0x00204eac       0x44 ../../nxtOSEK/ecrobot/../ecrobot/libecrobot.a(sensors.oram)
                0x00204eac                unset_digi0
 .text.unset_digi1
                0x00204ef0       0x44 ../../nxtOSEK/ecrobot/../ecrobot/libecrobot.a(sensors.oram)
                0x00204ef0                unset_digi1
 .text.init_sensors
                0x00204f34       0x4c ../../nxtOSEK/ecrobot/../ecrobot/libecrobot.a(sensors.oram)
                0x00204f34                init_sensors
 .text.set_digi0
                0x00204f80       0x44 ../../nxtOSEK/ecrobot/../ecrobot/libecrobot.a(sensors.oram)
                0x00204f80                set_digi0
 .text.nxt_lcd_command
                0x00204fc4       0x18 ../../nxtOSEK/ecrobot/../ecrobot/libecrobot.a(nxt_lcd.oram)
                0x00204fc4                nxt_lcd_command
 .text.nxt_lcd_set_col
                0x00204fdc       0x24 ../../nxtOSEK/ecrobot/../ecrobot/libecrobot.a(nxt_lcd.oram)
                0x00204fdc                nxt_lcd_set_col
 .text.nxt_lcd_set_multiplex_rate
                0x00205000       0x18 ../../nxtOSEK/ecrobot/../ecrobot/libecrobot.a(nxt_lcd.oram)
                0x00205000                nxt_lcd_set_multiplex_rate
 .text.nxt_lcd_set_page_address
                0x00205018       0x18 ../../nxtOSEK/ecrobot/../ecrobot/libecrobot.a(nxt_lcd.oram)
                0x00205018                nxt_lcd_set_page_address
 .text.nxt_lcd_set_pot
                0x00205030       0x1c ../../nxtOSEK/ecrobot/../ecrobot/libecrobot.a(nxt_lcd.oram)
                0x00205030                nxt_lcd_set_pot
 .text.nxt_lcd_set_ram_address_control
                0x0020504c       0x18 ../../nxtOSEK/ecrobot/../ecrobot/libecrobot.a(nxt_lcd.oram)
                0x0020504c                nxt_lcd_set_ram_address_control
 .text.nxt_lcd_enable
                0x00205064       0x14 ../../nxtOSEK/ecrobot/../ecrobot/libecrobot.a(nxt_lcd.oram)
                0x00205064                nxt_lcd_enable
 .text.nxt_lcd_set_map_control
                0x00205078       0x18 ../../nxtOSEK/ecrobot/../ecrobot/libecrobot.a(nxt_lcd.oram)
                0x00205078                nxt_lcd_set_map_control
 .text.nxt_lcd_reset
                0x00205090        0xc ../../nxtOSEK/ecrobot/../ecrobot/libecrobot.a(nxt_lcd.oram)
                0x00205090                nxt_lcd_reset
 .text.nxt_lcd_set_bias_ratio
                0x0020509c       0x18 ../../nxtOSEK/ecrobot/../ecrobot/libecrobot.a(nxt_lcd.oram)
                0x0020509c                nxt_lcd_set_bias_ratio
 .text.nxt_lcd_force_update
                0x002050b4       0x30 ../../nxtOSEK/ecrobot/../ecrobot/libecrobot.a(nxt_lcd.oram)
                0x002050b4                nxt_lcd_force_update
 .text.nxt_lcd_update
                0x002050e4        0xc ../../nxtOSEK/ecrobot/../ecrobot/libecrobot.a(nxt_lcd.oram)
                0x002050e4                nxt_lcd_update
 .text.nxt_lcd_power_up
                0x002050f0       0x48 ../../nxtOSEK/ecrobot/../ecrobot/libecrobot.a(nxt_lcd.oram)
                0x002050f0                nxt_lcd_power_up
 .text.nxt_lcd_power_down
                0x00205138        0xc ../../nxtOSEK/ecrobot/../ecrobot/libecrobot.a(nxt_lcd.oram)
                0x00205138                nxt_lcd_power_down
 .text.nxt_lcd_init
                0x00205144       0x18 ../../nxtOSEK/ecrobot/../ecrobot/libecrobot.a(nxt_lcd.oram)
                0x00205144                nxt_lcd_init
 .text.verify_flash_page
                0x0020515c       0x34 ../../nxtOSEK/ecrobot/../ecrobot/libecrobot.a(flash_loader.oram)
 .text.set_flash_request
                0x00205190       0x38 ../../nxtOSEK/ecrobot/../ecrobot/libecrobot.a(flash_loader.oram)
                0x00205190                set_flash_request
 .text.nxt_device_init
                0x002051c8       0x38 ../../nxtOSEK/ecrobot/../ecrobot/libecrobot.a(flash_loader.oram)
                0x002051c8                nxt_device_init
 .text          0x00205200       0x68 ../../nxtOSEK/ecrobot/../ecrobot/libecrobot.a(interrupts.oram)
                0x00205258                fiq_enable
                0x00205200                interrupts_get_and_disable
                0x00205234                fiq_get_and_disable
                0x00205224                interrupts_enable
 .text.flash_write_page
                0x00205268       0xc0 ../../nxtOSEK/ecrobot/../ecrobot/libecrobot.a(flashprog.oram)
                0x00205268                flash_write_page
                0x00205330                . = ALIGN (0x10)
 *fill*         0x00205328        0x8 00
 *.oram(*.rodata *.rodata.*)
 .rodata.ld     0x00205330        0x4 ../../nxtOSEK/ecrobot/../ecrobot/libecrobot.a(udp.oram)
 .rodata.cfd    0x00205334       0x20 ../../nxtOSEK/ecrobot/../ecrobot/libecrobot.a(udp.oram)
 .rodata.dd     0x00205354       0x12 ../../nxtOSEK/ecrobot/../ecrobot/libecrobot.a(udp.oram)
 *fill*         0x00205366        0x2 00
 .rodata.str1.4
                0x00205368       0x22 ../../nxtOSEK/ecrobot/../ecrobot/libecrobot.a(data_abort.oram)
                                 0x24 (size before relaxing)
 .rodata.font   0x0020538a      0x280 ../../nxtOSEK/ecrobot/../ecrobot/libecrobot.a(display.oram)
 *fill*         0x0020560a        0x2 00
 .rodata.str1.4
                0x0020560c       0x76 ../../nxtOSEK/ecrobot/../ecrobot/libecrobot.a(display.oram)
                                 0x78 (size before relaxing)
 *fill*         0x00205682        0x2 00
 .rodata.i2c_pin
                0x00205684       0x20 ../../nxtOSEK/ecrobot/../ecrobot/libecrobot.a(i2c.oram)
 .rodata.i2c_timer_isr_C
                0x002056a4       0x38 ../../nxtOSEK/ecrobot/../ecrobot/libecrobot.a(i2c.oram)
 .rodata.logvol
                0x002056dc        0xc ../../nxtOSEK/ecrobot/../ecrobot/libecrobot.a(sound.oram)
                0x002056dc                logvol
 .rodata.silence
                0x002056e8       0x40 ../../nxtOSEK/ecrobot/../ecrobot/libecrobot.a(sound.oram)
                0x002056e8                silence
 .rodata.sine   0x00205728       0x10 ../../nxtOSEK/ecrobot/../ecrobot/libecrobot.a(sound.oram)
                0x00205728                sine
 .rodata.sample_pattern
                0x00205738       0x84 ../../nxtOSEK/ecrobot/../ecrobot/libecrobot.a(sound.oram)
                0x00205738                sample_pattern
 .rodata        0x002057bc        0xc ../../nxtOSEK/ecrobot/../ecrobot/libecrobot.a(sound.oram)
 .rodata.avr_brainwash_string
                0x002057c8       0x30 ../../nxtOSEK/ecrobot/../ecrobot/libecrobot.a(nxt_avr.oram)
                0x002057c8                avr_brainwash_string
 .rodata.nxt_avr_1kHz_update
                0x002057f8       0x14 ../../nxtOSEK/ecrobot/../ecrobot/libecrobot.a(nxt_avr.oram)
 .rodata.C.33.1823
                0x0020580c       0x10 ../../nxtOSEK/ecrobot/../ecrobot/libecrobot.a(sensors.oram)
 .rodata.C.37.1857
                0x0020581c       0x10 ../../nxtOSEK/ecrobot/../ecrobot/libecrobot.a(sensors.oram)
 .rodata.C.31.1806
                0x0020582c       0x10 ../../nxtOSEK/ecrobot/../ecrobot/libecrobot.a(sensors.oram)
 .rodata.str1.4
                0x0020583c       0x23 ../../nxtOSEK/ecrobot/../ecrobot/libecrobot.a(flash_loader.oram)
                                 0x24 (size before relaxing)
                0x00205860                . = ALIGN (0x10)
 *fill*         0x0020585f        0x1 00
                0x002022c0                __ramtext_ram_start__ = ADDR (.ram_text)
                0x00205860                __ramtext_ram_end__ = (ADDR (.ram_text) + SIZEOF (.ram_text))
                0x002022c0                __ramtext_load_start__ = LOADADDR (.ram_text)
                0x00205860                __ramtext_load_end__ = (__ramtext_load_start__ + SIZEOF (.ram_text))

.wav_data       0x00205860        0x0
 *.owav(*.data *.data.*)
                0x00205860                . = ALIGN (0x10)

.bmp_data       0x00205860      0x440
 *.obmp(*.data *.data.*)
 .data          0x00205860      0x43e ../../nxtOSEK/ecrobot/../ecrobot/libecrobot.a(nxtosek_splash.obmp)
                0x00205860                nxtosek_splash_bmp_start
                0x00205c9e                nxtosek_splash_bmp_end
                0x00205ca0                . = ALIGN (0x10)
 *fill*         0x00205c9e        0x2 00

.spr_data       0x00205ca0        0x0
 *.ospr(*.data *.data.*)
                0x00205ca0                . = ALIGN (0x10)

.data           0x00205ca0       0xa0
 *(*.data *.data.*)
 .data.bt_status
                0x00205ca0        0x1 build/ecrobot_bluetooth.o
 *fill*         0x00205ca1        0x3 00
 .data.K_THETADOT
                0x00205ca4        0x4 build/balancer_param.o
                0x00205ca4                K_THETADOT
 .data.K_PHIDOT
                0x00205ca8        0x4 build/balancer_param.o
                0x00205ca8                K_PHIDOT
 .data.K_I      0x00205cac        0x4 build/balancer_param.o
                0x00205cac                K_I
 .data.K_F      0x00205cb0       0x10 build/balancer_param.o
                0x00205cb0                K_F
 .data.A_R      0x00205cc0        0x4 build/balancer_param.o
                0x00205cc0                A_R
 .data.A_D      0x00205cc4        0x4 build/balancer_param.o
                0x00205cc4                A_D
 .data.tail_mode
                0x00205cc8        0x4 build/Kaidan.o
                0x00205cc8                tail_mode
 .data.Kd       0x00205ccc        0x4 build/Kaidan.o
 .data.Ki       0x00205cd0        0x4 build/Kaidan.o
 .data.Kp       0x00205cd4        0x4 build/Kaidan.o
 .data.distance_state
                0x00205cd8       0x10 ../../nxtOSEK/ecrobot/../ecrobot/libecrobot.a(ecrobot_interface.o)
 .data.deviceStatus
                0x00205ce8        0x1 ../../nxtOSEK/ecrobot/../ecrobot/libecrobot.a(ecrobot_interface.o)
 .data.named    0x00205ce9       0x22 ../../nxtOSEK/ecrobot/../ecrobot/libecrobot.a(udp.oram)
 .data.snd      0x00205d0b       0x1a ../../nxtOSEK/ecrobot/../ecrobot/libecrobot.a(udp.oram)
 *fill*         0x00205d25        0x3 00
 .data.configured
                0x00205d28        0x4 ../../nxtOSEK/ecrobot/../ecrobot/libecrobot.a(udp.oram)
 .data.mode     0x00205d2c        0x1 ../../nxtOSEK/ecrobot/../ecrobot/libecrobot.a(nxt_spi.oram)
                0x00205d2c                mode
 *fill*         0x00205d2d        0x3 00
 .bss.data      0x00205d30        0x4 ../../nxtOSEK/ecrobot/../ecrobot/libecrobot.a(nxt_spi.oram)
                0x00205d30                data
 .data.display_auto_update
                0x00205d34        0x4 ../../nxtOSEK/ecrobot/../ecrobot/libecrobot.a(display.oram)
                0x00205d34                display_auto_update
 .data.display_buffer
                0x00205d38        0x4 ../../nxtOSEK/ecrobot/../ecrobot/libecrobot.a(display.oram)
                0x00205d40                . = ALIGN (0x10)
 *fill*         0x00205d3c        0x4 00
                0x00205ca0                __data_ram_start__ = ADDR (.data)
                0x00205d40                __data_ram_end__ = (ADDR (.data) + SIZEOF (.data))
                0x00205ca0                __data_load_start__ = LOADADDR (.data)
                0x00205d40                __data_load_end__ = (__data_load_start__ + SIZEOF (.data))

.text           0x00205d40     0x3420
                0x00205d40                . = ALIGN (0x10)
 *(*.text *.text.* *.glue*)
 .text.enqueue_alarm
                0x00205d40       0x90 build/kernel/alarm.o
 .text.alarm_initialize
                0x00205dd0       0x98 build/kernel/alarm.o
                0x00205dd0                alarm_initialize
 .text.SignalCounter
                0x00205e68      0x134 build/kernel/alarm.o
                0x00205e68                SignalCounter
 .text.StartOS  0x00205f9c       0x58 build/kernel/osctl.o
                0x00205f9c                StartOS
 .text.ShutdownOS
                0x00205ff4       0x4c build/kernel/osctl.o
                0x00205ff4                ShutdownOS
 .text.call_pretaskhook
                0x00206040       0x24 build/kernel/osctl.o
                0x00206040                call_pretaskhook
 .text.call_errorhook
                0x00206064       0x78 build/kernel/osctl.o
                0x00206064                call_errorhook
 .text.call_posttaskhook
                0x002060dc       0x24 build/kernel/osctl.o
                0x002060dc                call_posttaskhook
 .text.resource_initialize
                0x00206100       0x2c build/kernel/resource.o
                0x00206100                resource_initialize
 .text.search_schedtsk
                0x0020612c       0x94 build/kernel/task.o
                0x0020612c                search_schedtsk
 .text.make_runnable
                0x002061c0       0xac build/kernel/task.o
                0x002061c0                make_runnable
 .text.make_active
                0x0020626c       0x78 build/kernel/task.o
                0x0020626c                make_active
 .text.task_initialize
                0x002062e4       0x90 build/kernel/task.o
                0x002062e4                task_initialize
 .text.ActivateTask
                0x00206374       0x8c build/kernel/task_manage.o
                0x00206374                ActivateTask
 .text.TerminateTask
                0x00206400       0x74 build/kernel/task_manage.o
                0x00206400                TerminateTask
 .text.cpu_initialize
                0x00206474        0x4 build/config/at91sam7s-gnu/cpu_config.o
                0x00206474                cpu_initialize
 .text.cpu_terminate
                0x00206478        0x4 build/config/at91sam7s-gnu/cpu_config.o
                0x00206478                cpu_terminate
 .text.sys_initialize
                0x0020647c        0x4 build/config/at91sam7s-gnu/lego_nxt/sys_config.o
                0x0020647c                sys_initialize
 .text.sys_exit
                0x00206480        0x4 build/config/at91sam7s-gnu/lego_nxt/sys_config.o
                0x00206480                sys_exit
 .text._activate_alarm_cyclic_alarm1
                0x00206484        0xc build/./kernel_cfg.o
 .text._activate_alarm_cyclic_alarm2
                0x00206490        0xc build/./kernel_cfg.o
 .text._activate_alarm_cyclic_alarm3
                0x0020649c        0xc build/./kernel_cfg.o
 .text._activate_alarm_cyclic_alarm4
                0x002064a8        0xc build/./kernel_cfg.o
 .text.object_initialize
                0x002064b4       0x14 build/./kernel_cfg.o
                0x002064b4                object_initialize
 .text.ecrobot_get_bt_status
                0x002064c8       0x10 build/ecrobot_bluetooth.o
                0x002064c8                ecrobot_get_bt_status
 .text.close_bt_stream
                0x002064d8       0x2c build/ecrobot_bluetooth.o
 .text.ecrobot_send_bt_packet
                0x00206504       0x54 build/ecrobot_bluetooth.o
                0x00206504                ecrobot_send_bt_packet
 .text.send_bt_command
                0x00206558       0x40 build/ecrobot_bluetooth.o
 .text.ecrobot_term_bt_connection
                0x00206598       0x48 build/ecrobot_bluetooth.o
                0x00206598                ecrobot_term_bt_connection
 .text.read_bt_command
                0x002065e0       0x5c build/ecrobot_bluetooth.o
 .text.open_bt_stream
                0x0020663c       0x50 build/ecrobot_bluetooth.o
 .text.ecrobot_get_bt_device_address
                0x0020668c       0x6c build/ecrobot_bluetooth.o
                0x0020668c                ecrobot_get_bt_device_address
 .text.ecrobot_init_bt_slave
                0x002066f8      0x12c build/ecrobot_bluetooth.o
                0x002066f8                ecrobot_init_bt_slave
 .text.init_OS_flag
                0x00206824        0xc build/ecrobot_base.o
                0x00206824                init_OS_flag
 .text.set_OS_flag
                0x00206830        0xc build/ecrobot_base.o
                0x00206830                set_OS_flag
 .text.get_OS_flag
                0x0020683c        0xc build/ecrobot_base.o
                0x0020683c                get_OS_flag
 .text.cpp_constructor
                0x00206848       0x28 build/ecrobot_base.o
                0x00206848                cpp_constructor
 .text.cpp_destructor
                0x00206870       0x28 build/ecrobot_base.o
                0x00206870                cpp_destructor
 .text.execution_mode
                0x00206898       0x24 build/ecrobot_base.o
                0x00206898                execution_mode
 .text.show_main_screen
                0x002068bc       0x48 build/ecrobot_base.o
                0x002068bc                show_main_screen
 .text.display_status_bar
                0x00206904       0x5c build/ecrobot_base.o
                0x00206904                display_status_bar
 .text.restart_NXT
                0x00206960       0x2c build/ecrobot_base.o
                0x00206960                restart_NXT
 .text.shutdown_NXT
                0x0020698c       0x2c build/ecrobot_base.o
                0x0020698c                shutdown_NXT
 .text.check_NXT_buttons
                0x002069b8       0x38 build/ecrobot_base.o
                0x002069b8                check_NXT_buttons
 .text.show_bd_addr
                0x002069f0       0x44 build/ecrobot_base.o
                0x002069f0                show_bd_addr
 .text.show_bd_addr_err
                0x00206a34       0x3c build/ecrobot_base.o
                0x00206a34                show_bd_addr_err
 .text.add_status_info
                0x00206a70       0x68 build/ecrobot_base.o
                0x00206a70                add_status_info
 .text.show_splash_screen
                0x00206ad8       0x90 build/ecrobot_base.o
                0x00206ad8                show_splash_screen
 .text.main     0x00206b68      0x10c build/ecrobot.o
                0x00206b68                main
 .text.ecrobot_device_initialize
                0x00206c74       0x48 build/Kaidan.o
                0x00206c74                ecrobot_device_initialize
 .text.ecrobot_device_terminate
                0x00206cbc       0x38 build/Kaidan.o
                0x00206cbc                ecrobot_device_terminate
 .text.StartupHook
                0x00206cf4        0x4 build/Kaidan.o
                0x00206cf4                StartupHook
 .text.ShutdownHook
                0x00206cf8        0x4 build/Kaidan.o
                0x00206cf8                ShutdownHook
 .text.PreTaskHook
                0x00206cfc        0x4 build/Kaidan.o
                0x00206cfc                PreTaskHook
 .text.PostTaskHook
                0x00206d00        0x4 build/Kaidan.o
                0x00206d00                PostTaskHook
 .text.ErrorHook
                0x00206d04        0x4 build/Kaidan.o
                0x00206d04                ErrorHook
 .text.user_1ms_isr_type2
                0x00206d08       0x1c build/Kaidan.o
                0x00206d08                user_1ms_isr_type2
 .text.RA_speed
                0x00206d24       0x4c build/Kaidan.o
                0x00206d24                RA_speed
 .text.RA_linetrace_PID
                0x00206d70      0x190 build/Kaidan.o
                0x00206d70                RA_linetrace_PID
 .text.tailcontrol
                0x00206f00       0x8c build/Kaidan.o
                0x00206f00                tailcontrol
 .text.RN_calibrate
                0x00206f8c      0x120 build/Kaidan.o
                0x00206f8c                RN_calibrate
 .text.RN_setting
                0x002070ac       0x24 build/Kaidan.o
                0x002070ac                RN_setting
 .text.RN_modesetting
                0x002070d0      0x114 build/Kaidan.o
                0x002070d0                RN_modesetting
 .text.TaskMainActionTask
                0x002071e4       0x14 build/Kaidan.o
                0x002071e4                TaskMainActionTask
 .text.TaskMainActionTask2
                0x002071f8       0x10 build/Kaidan.o
                0x002071f8                TaskMainActionTask2
 .text.TaskMainDisplayTask
                0x00207208       0x14 build/Kaidan.o
                0x00207208                TaskMainDisplayTask
 .text.TaskMainLogTask
                0x0020721c       0x20 build/Kaidan.o
                0x0020721c                TaskMainLogTask
 .text.logSend  0x0020723c       0x88 build/logSend.o
                0x0020723c                logSend
 .text.ecrobot_get_gyro_sensor
                0x002072c4       0x14 ../../nxtOSEK/ecrobot/../ecrobot/libecrobot.a(ecrobot_HiTechnic.o)
                0x002072c4                ecrobot_get_gyro_sensor
 .text.ecrobot_set_motor_speed
                0x002072d8       0x14 ../../nxtOSEK/ecrobot/../ecrobot/libecrobot.a(ecrobot_interface.o)
                0x002072d8                ecrobot_set_motor_speed
 .text.ecrobot_get_motor_rev
                0x002072ec       0x10 ../../nxtOSEK/ecrobot/../ecrobot/libecrobot.a(ecrobot_interface.o)
                0x002072ec                ecrobot_get_motor_rev
 .text.ecrobot_set_motor_rev
                0x002072fc       0x10 ../../nxtOSEK/ecrobot/../ecrobot/libecrobot.a(ecrobot_interface.o)
                0x002072fc                ecrobot_set_motor_rev
 .text.ecrobot_set_light_sensor_active
                0x0020730c       0x10 ../../nxtOSEK/ecrobot/../ecrobot/libecrobot.a(ecrobot_interface.o)
                0x0020730c                ecrobot_set_light_sensor_active
 .text.ecrobot_set_light_sensor_inactive
                0x0020731c       0x10 ../../nxtOSEK/ecrobot/../ecrobot/libecrobot.a(ecrobot_interface.o)
                0x0020731c                ecrobot_set_light_sensor_inactive
 .text.ecrobot_get_light_sensor
                0x0020732c       0x14 ../../nxtOSEK/ecrobot/../ecrobot/libecrobot.a(ecrobot_interface.o)
                0x0020732c                ecrobot_get_light_sensor
 .text.ecrobot_get_touch_sensor
                0x00207340       0x20 ../../nxtOSEK/ecrobot/../ecrobot/libecrobot.a(ecrobot_interface.o)
                0x00207340                ecrobot_get_touch_sensor
 .text.getDistance
                0x00207360       0x20 ../../nxtOSEK/ecrobot/../ecrobot/libecrobot.a(ecrobot_interface.o)
 .text.ecrobot_term_sonar_sensor
                0x00207380       0x20 ../../nxtOSEK/ecrobot/../ecrobot/libecrobot.a(ecrobot_interface.o)
                0x00207380                ecrobot_term_sonar_sensor
 .text.ecrobot_get_battery_voltage
                0x002073a0        0xc ../../nxtOSEK/ecrobot/../ecrobot/libecrobot.a(ecrobot_interface.o)
                0x002073a0                ecrobot_get_battery_voltage
 .text.ecrobot_get_button_state
                0x002073ac        0xc ../../nxtOSEK/ecrobot/../ecrobot/libecrobot.a(ecrobot_interface.o)
                0x002073ac                ecrobot_get_button_state
 .text.ecrobot_init_nxtstate
                0x002073b8       0x28 ../../nxtOSEK/ecrobot/../ecrobot/libecrobot.a(ecrobot_interface.o)
                0x002073b8                ecrobot_init_nxtstate
 .text.ecrobot_poll_nxtstate
                0x002073e0       0x64 ../../nxtOSEK/ecrobot/../ecrobot/libecrobot.a(ecrobot_interface.o)
                0x002073e0                ecrobot_poll_nxtstate
 .text.ecrobot_setDeviceInitialized
                0x00207444       0x18 ../../nxtOSEK/ecrobot/../ecrobot/libecrobot.a(ecrobot_interface.o)
                0x00207444                ecrobot_setDeviceInitialized
 .text.ecrobot_initDeviceStatus
                0x0020745c        0xc ../../nxtOSEK/ecrobot/../ecrobot/libecrobot.a(ecrobot_interface.o)
                0x0020745c                ecrobot_initDeviceStatus
 .text.ecrobot_bmp2lcd
                0x00207468      0x1c8 ../../nxtOSEK/ecrobot/../ecrobot/libecrobot.a(ecrobot_interface.o)
                0x00207468                ecrobot_bmp2lcd
 .text.ecrobot_status_monitor
                0x00207630      0x138 ../../nxtOSEK/ecrobot/../ecrobot/libecrobot.a(ecrobot_interface.o)
                0x00207630                ecrobot_status_monitor
 .text.ecrobot_sound_tone
                0x00207768        0xc ../../nxtOSEK/ecrobot/../ecrobot/libecrobot.a(ecrobot_interface.o)
                0x00207768                ecrobot_sound_tone
 .text.balance_control
                0x00207774      0x254 ../../nxtOSEK/ecrobot/../ecrobot/libnxtway_gs_balancer.a(balancer.o)
                0x00207774                balance_control
 .text          0x002079c8       0x8c /cygdrive/C/cygwin/GNUARM/bin/../lib/gcc/arm-elf/4.0.2/thumb/interwork/libgcc.a(_udivsi3.o)
                0x002079c8                __udivsi3
                0x00207a44                __aeabi_uidivmod
 .text          0x00207a54       0xa4 /cygdrive/C/cygwin/GNUARM/bin/../lib/gcc/arm-elf/4.0.2/thumb/interwork/libgcc.a(_divsi3.o)
                0x00207a54                __divsi3
                0x00207ae8                __aeabi_idivmod
 .text          0x00207af8       0xc8 /cygdrive/C/cygwin/GNUARM/bin/../lib/gcc/arm-elf/4.0.2/thumb/interwork/libgcc.a(_umodsi3.o)
                0x00207af8                __umodsi3
 .text          0x00207bc0       0xd8 /cygdrive/C/cygwin/GNUARM/bin/../lib/gcc/arm-elf/4.0.2/thumb/interwork/libgcc.a(_modsi3.o)
                0x00207bc0                __modsi3
 .text          0x00207c98        0x4 /cygdrive/C/cygwin/GNUARM/bin/../lib/gcc/arm-elf/4.0.2/thumb/interwork/libgcc.a(_dvmd_tls.o)
                0x00207c98                __aeabi_ldiv0
                0x00207c98                __div0
                0x00207c98                __aeabi_idiv0
 .text          0x00207c9c      0x430 /cygdrive/C/cygwin/GNUARM/bin/../lib/gcc/arm-elf/4.0.2/thumb/interwork/libgcc.a(_addsubdf3.o)
                0x00208060                __floatdidf
                0x00207fe0                __floatsidf
                0x00207fb8                __aeabi_ui2d
                0x00207c9c                __aeabi_drsub
                0x0020800c                __extendsfdf2
                0x00207ca8                __adddf3
                0x00207fb8                __floatunsidf
                0x00207ca8                __aeabi_dadd
                0x0020804c                __aeabi_ul2d
                0x00207ca4                __aeabi_dsub
                0x0020804c                __floatundidf
                0x00207fe0                __aeabi_i2d
                0x00208060                __aeabi_l2d
                0x0020800c                __aeabi_f2d
                0x00207ca4                __subdf3
 .text          0x002080cc      0x49c /cygdrive/C/cygwin/GNUARM/bin/../lib/gcc/arm-elf/4.0.2/thumb/interwork/libgcc.a(_muldivdf3.o)
                0x0020835c                __aeabi_ddiv
                0x002080cc                __aeabi_dmul
                0x0020835c                __divdf3
                0x002080cc                __muldf3
 .text          0x00208568       0xa0 /cygdrive/C/cygwin/GNUARM/bin/../lib/gcc/arm-elf/4.0.2/thumb/interwork/libgcc.a(_truncdfsf2.o)
                0x00208568                __aeabi_d2f
                0x00208568                __truncdfsf2
 .text          0x00208608      0x2ac /cygdrive/C/cygwin/GNUARM/bin/../lib/gcc/arm-elf/4.0.2/thumb/interwork/libgcc.a(_addsubsf3.o)
                0x00208614                __aeabi_fadd
                0x00208610                __subsf3
                0x002087d8                __aeabi_i2f
                0x00208610                __aeabi_fsub
                0x00208808                __floatdisf
                0x002087d8                __floatsisf
                0x002087f8                __floatundisf
                0x002087d0                __aeabi_ui2f
                0x00208808                __aeabi_l2f
                0x002087f8                __aeabi_ul2f
                0x00208608                __aeabi_frsub
                0x002087d0                __floatunsisf
                0x00208614                __addsf3
 .text          0x002088b4      0x2f8 /cygdrive/C/cygwin/GNUARM/bin/../lib/gcc/arm-elf/4.0.2/thumb/interwork/libgcc.a(_muldivsf3.o)
                0x00208a4c                __divsf3
                0x00208a4c                __aeabi_fdiv
                0x002088b4                __mulsf3
                0x002088b4                __aeabi_fmul
 .text          0x00208bac      0x110 /cygdrive/C/cygwin/GNUARM/bin/../lib/gcc/arm-elf/4.0.2/thumb/interwork/libgcc.a(_cmpsf2.o)
                0x00208ca4                __aeabi_fcmpgt
                0x00208bb4                __lesf2
                0x00208bbc                __nesf2
                0x00208c8c                __aeabi_fcmpge
                0x00208bac                __gtsf2
                0x00208c74                __aeabi_fcmple
                0x00208bbc                __eqsf2
                0x00208bbc                __cmpsf2
                0x00208bb4                __ltsf2
                0x00208c2c                __aeabi_cfcmple
                0x00208bac                __gesf2
                0x00208c44                __aeabi_fcmpeq
                0x00208c1c                __aeabi_cfrcmple
                0x00208c5c                __aeabi_fcmplt
                0x00208c2c                __aeabi_cfcmpeq
 .text          0x00208cbc       0x5c /cygdrive/C/cygwin/GNUARM/bin/../lib/gcc/arm-elf/4.0.2/thumb/interwork/libgcc.a(_fixsfsi.o)
                0x00208cbc                __fixsfsi
                0x00208cbc                __aeabi_f2iz
 .text          0x00208d18       0x68 /cygdrive/C/cygwin/GNUARM/bin/../lib/gcc/arm-elf/4.0.2/../../../../arm-elf/lib/thumb/interwork/libc.a(memcpy.o)
                0x00208d18                memcpy
 .text          0x00208d80       0x68 /cygdrive/C/cygwin/GNUARM/bin/../lib/gcc/arm-elf/4.0.2/../../../../arm-elf/lib/thumb/interwork/libc.a(memset.o)
                0x00208d80                memset
 .text          0x00208de8       0x60 /cygdrive/C/cygwin/GNUARM/bin/../lib/gcc/arm-elf/4.0.2/../../../../arm-elf/lib/thumb/interwork/libc.a(strcpy.o)
                0x00208de8                strcpy
 .text          0x00208e48       0x48 /cygdrive/C/cygwin/GNUARM/bin/../lib/gcc/arm-elf/4.0.2/../../../../arm-elf/lib/thumb/interwork/libc.a(strlen.o)
                0x00208e48                strlen
 .glue_7        0x00208e90       0x30 /cygdrive/C/cygwin/GNUARM/bin/../lib/gcc/arm-elf/4.0.2/../../../../arm-elf/lib/thumb/interwork/libc.a(strncpy.o)
                0x00208ea8                __call_posttaskhook_from_arm
                0x00208e91                __ecrobot_debug1_from_arm
                0x00208e9d                __ecrobot_debug2_from_arm
                0x00208eb4                __call_pretaskhook_from_arm
 .glue_7t       0x00208ec0       0xd8 /cygdrive/C/cygwin/GNUARM/bin/../lib/gcc/arm-elf/4.0.2/../../../../arm-elf/lib/thumb/interwork/libc.a(strncpy.o)
                0x00208eec                __start_change_to_arm
                0x00208f68                __interrupts_get_and_disable_from_thumb
                0x00208f90                ____lesf2_from_thumb
                0x00208f61                ____gtdf2_from_thumb
                0x00208ee0                __exit_and_dispatch_from_thumb
                0x00208f80                ____divsf3_from_thumb
                0x00208f8c                ____gesf2_change_to_arm
                0x00208f44                ____fixsfsi_change_to_arm
                0x00208efc                ____addsf3_change_to_arm
                0x00208f40                ____fixsfsi_from_thumb
                0x00208ef0                ____floatsisf_from_thumb
                0x00208f08                ____extendsfdf2_from_thumb
                0x00208ee4                __exit_and_dispatch_change_to_arm
                0x00208ec0                __disable_int_from_thumb
                0x00208f88                ____gesf2_from_thumb
                0x00208ed8                __start_dispatch_from_thumb
                0x00208f48                ____ltsf2_from_thumb
                0x00208f19                ____fixdfsi_from_thumb
                0x00208f34                ____divdf3_change_to_arm
                0x00208f94                ____lesf2_change_to_arm
                0x00208ee8                __start_from_thumb
                0x00208f28                ____truncdfsf2_from_thumb
                0x00208f14                ____muldf3_change_to_arm
                0x00208f84                ____divsf3_change_to_arm
                0x00208f1c                ____fixdfsi_change_to_arm
                0x00208f30                ____divdf3_from_thumb
                0x00208ec8                __enable_int_from_thumb
                0x00208ed0                __dispatch_from_thumb
                0x00208f74                __interrupts_enable_change_to_arm
                0x00208f50                ____gtsf2_from_thumb
                0x00208f6c                __interrupts_get_and_disable_change_to_arm
                0x00208ed4                __dispatch_change_to_arm
                0x00208f3c                ____mulsf3_change_to_arm
                0x00208f24                ____adddf3_change_to_arm
                0x00208f64                ____gtdf2_change_to_arm
                0x00208f2c                ____truncdfsf2_change_to_arm
                0x00208f0c                ____extendsfdf2_change_to_arm
                0x00208f58                ____floatsidf_from_thumb
                0x00208ef4                ____floatsisf_change_to_arm
                0x00208f79                __display_bios_status_from_thumb
                0x00208f00                ____subsf3_from_thumb
                0x00208f20                ____adddf3_from_thumb
                0x00208f54                ____gtsf2_change_to_arm
                0x00208ec4                __disable_int_change_to_arm
                0x00208f4c                ____ltsf2_change_to_arm
                0x00208f38                ____mulsf3_from_thumb
                0x00208ef8                ____addsf3_from_thumb
                0x00208f10                ____muldf3_from_thumb
                0x00208f04                ____subsf3_change_to_arm
                0x00208ecc                __enable_int_change_to_arm
                0x00208f5c                ____floatsidf_change_to_arm
                0x00208f70                __interrupts_enable_from_thumb
                0x00208f7c                __display_bios_status_change_to_arm
                0x00208edc                __start_dispatch_change_to_arm
                0x00208fa0                . = ALIGN (0x10)
 *fill*         0x00208f98        0x8 00
 *(*.rodata *.rodata.*)
 .rodata.search_table.966
                0x00208fa0        0xf build/kernel/task.o
 *fill*         0x00208faf        0x1 00
 .rodata.alminib_cycle
                0x00208fb0       0x10 build/./kernel_cfg.o
                0x00208fb0                alminib_cycle
 .rodata.alminib_almval
                0x00208fc0       0x10 build/./kernel_cfg.o
                0x00208fc0                alminib_almval
 .rodata.alminib_autosta
                0x00208fd0        0x4 build/./kernel_cfg.o
                0x00208fd0                alminib_autosta
 .rodata.alminib_cback
                0x00208fd4       0x10 build/./kernel_cfg.o
                0x00208fd4                alminib_cback
 .rodata.alminib_cntid
                0x00208fe4        0x4 build/./kernel_cfg.o
                0x00208fe4                alminib_cntid
 .rodata.cntinib_tickbase
                0x00208fe8        0x4 build/./kernel_cfg.o
                0x00208fe8                cntinib_tickbase
 .rodata.cntinib_maxval2
                0x00208fec        0x4 build/./kernel_cfg.o
                0x00208fec                cntinib_maxval2
 .rodata.cntinib_maxval
                0x00208ff0        0x4 build/./kernel_cfg.o
                0x00208ff0                cntinib_maxval
 .rodata.SysTimerCnt
                0x00208ff4        0x1 build/./kernel_cfg.o
                0x00208ff4                SysTimerCnt
 *fill*         0x00208ff5        0x1 00
 .rodata.tinib_stksz
                0x00208ff6        0x8 build/./kernel_cfg.o
                0x00208ff6                tinib_stksz
 *fill*         0x00208ffe        0x2 00
 .rodata.tinib_stk
                0x00209000       0x10 build/./kernel_cfg.o
                0x00209000                tinib_stk
 .rodata.tinib_task
                0x00209010       0x10 build/./kernel_cfg.o
                0x00209010                tinib_task
 .rodata.tinib_autoact
                0x00209020        0x4 build/./kernel_cfg.o
                0x00209020                tinib_autoact
 .rodata.tinib_maxact
                0x00209024        0x4 build/./kernel_cfg.o
                0x00209024                tinib_maxact
 .rodata.tinib_exepri
                0x00209028        0x4 build/./kernel_cfg.o
                0x00209028                tinib_exepri
 .rodata.tinib_inipri
                0x0020902c        0x4 build/./kernel_cfg.o
                0x0020902c                tinib_inipri
 .rodata.tnum_exttask
                0x00209030        0x1 build/./kernel_cfg.o
                0x00209030                tnum_exttask
 .rodata.tnum_task
                0x00209031        0x1 build/./kernel_cfg.o
                0x00209031                tnum_task
 .rodata.tnum_resource
                0x00209032        0x1 build/./kernel_cfg.o
                0x00209032                tnum_resource
 .rodata.tnum_counter
                0x00209033        0x1 build/./kernel_cfg.o
                0x00209033                tnum_counter
 .rodata.tnum_alarm
                0x00209034        0x1 build/./kernel_cfg.o
                0x00209034                tnum_alarm
 *fill*         0x00209035        0x3 00
 .rodata.exec_addr
                0x00209038        0x4 build/ecrobot_base.o
                0x00209038                exec_addr
 .rodata.str1.4
                0x0020903c       0x80 build/ecrobot_base.o
 .rodata.BATTERY_OFFSET
                0x002090bc        0x4 build/balancer_param.o
                0x002090bc                BATTERY_OFFSET
 .rodata.BATTERY_GAIN
                0x002090c0        0x4 build/balancer_param.o
                0x002090c0                BATTERY_GAIN
 .rodata.target_subsystem_name
                0x002090c4        0x8 build/Kaidan.o
                0x002090c4                target_subsystem_name
 .rodata.str1.4
                0x002090cc        0xb build/Kaidan.o
                                  0xc (size before relaxing)
 *fill*         0x002090d7        0x1 00
 .rodata.str1.4
                0x002090d8       0x7c ../../nxtOSEK/ecrobot/../ecrobot/libecrobot.a(ecrobot_interface.o)
                                 0x84 (size before relaxing)
                0x00209160                . = ALIGN (0x10)
 *fill*         0x00209154        0xc 00
 *(*.gnu.linkonce.* .gcc_except_table)
                0x00209160                . = ALIGN (0x10)

.tors           0x00209160        0x0
                0x00209160                . = ALIGN (0x10)
                0x00209160                __ctor_begin = .
 *(*.ctors*)
                0x00209160                __ctor_end = .
                0x00209160                . = ALIGN (0x10)
                0x00209160                __dtor_begin = .
 *(*.dtors*)
                0x00209160                __dtor_end = .
                0x00209160                . = ALIGN (0x10)

.bss            0x00209160     0x1ad8
 *(*.bss *.bss.*)
 .bss.ready_primap
                0x00209160        0x2 build/kernel/task.o
 .bss.ready_queue_last
                0x00209162       0x10 build/kernel/task.o
 .bss.ready_queue_first
                0x00209172       0x10 build/kernel/task.o
 *fill*         0x00209182        0x2 00
 .bss._stack_LogTask
                0x00209184      0x200 build/./kernel_cfg.o
 .bss._stack_DisplayTask
                0x00209384      0x200 build/./kernel_cfg.o
 .bss._stack_ActionTask2
                0x00209584      0x200 build/./kernel_cfg.o
 .bss._stack_ActionTask
                0x00209784      0x200 build/./kernel_cfg.o
 .bss.receiveBuf
                0x00209984       0x80 build/ecrobot_bluetooth.o
 .bss.sendBuf   0x00209a04      0x100 build/ecrobot_bluetooth.o
 .bss.handle    0x00209b04        0x1 build/ecrobot_bluetooth.o
 *fill*         0x00209b05        0x3 00
 .bss.status_bar_position
                0x00209b08        0x4 build/ecrobot_base.o
 .bss.last_act_time.2745
                0x00209b0c        0x4 build/ecrobot_base.o
 .bss.lcd.2674  0x00209b10      0x320 build/ecrobot_base.o
 .bss.OS_flag   0x00209e30        0x4 build/ecrobot_base.o
 .bss.status_bar
                0x00209e34       0x10 build/ecrobot_base.o
 .bss.setting_mode
                0x00209e44        0x4 build/Kaidan.o
                0x00209e44                setting_mode
 .bss.runner_mode
                0x00209e48        0x4 build/Kaidan.o
                0x00209e48                runner_mode
 .bss.gyro_offset
                0x00209e4c        0x4 build/Kaidan.o
 .bss.counter   0x00209e50        0x4 build/Kaidan.o
 .bss.bf_hensa  0x00209e54        0x4 build/Kaidan.o
 .bss.d_hensa   0x00209e58        0x4 build/Kaidan.o
 .bss.i_hensa   0x00209e5c        0x4 build/Kaidan.o
 .bss.forward_speed.2992
                0x00209e60        0x4 build/Kaidan.o
 .bss.t_speed.3014
                0x00209e64        0x4 build/Kaidan.o
 .bss.t_hensa.3013
                0x00209e68        0x4 build/Kaidan.o
 .bss.battery_value
                0x00209e6c        0x4 build/Kaidan.o
 .bss.min_vol   0x00209e70        0x8 build/Kaidan.o
 .bss.hensa     0x00209e78        0x4 build/Kaidan.o
 .bss.GYRO_OFFSET
                0x00209e7c        0x4 build/Kaidan.o
 .bss.GRAY_VALUE
                0x00209e80        0x4 build/Kaidan.o
 .bss.WHITE_VALUE
                0x00209e84        0x4 build/Kaidan.o
 .bss.BLACK_VALUE
                0x00209e88        0x4 build/Kaidan.o
 .bss.data_log_buffer.2323
                0x00209e8c       0x20 build/logSend.o
 .bss.valOfDistance.2322
                0x00209eac        0x4 build/logSend.o
 .bss.buttons_i
                0x00209eb0        0x4 ../../nxtOSEK/ecrobot/../ecrobot/libecrobot.a(ecrobot_interface.o)
 .bss.buttons_states
                0x00209eb4       0x14 ../../nxtOSEK/ecrobot/../ecrobot/libecrobot.a(ecrobot_interface.o)
 .bss.ecrobot_inputs
                0x00209ec8        0x8 ../../nxtOSEK/ecrobot/../ecrobot/libecrobot.a(ecrobot_interface.o)
 .bss.systick_ms
                0x00209ed0        0x4 ../../nxtOSEK/ecrobot/../ecrobot/libecrobot.a(systick.oram)
 .bss.delayedEnable
                0x00209ed4        0x1 ../../nxtOSEK/ecrobot/../ecrobot/libecrobot.a(udp.oram)
 *fill*         0x00209ed5        0x3 00
 .bss.outCnt    0x00209ed8        0x4 ../../nxtOSEK/ecrobot/../ecrobot/libecrobot.a(udp.oram)
 .bss.outPtr    0x00209edc        0x4 ../../nxtOSEK/ecrobot/../ecrobot/libecrobot.a(udp.oram)
 .bss.newAddress
                0x00209ee0        0x4 ../../nxtOSEK/ecrobot/../ecrobot/libecrobot.a(udp.oram)
 .bss.currentRxBank
                0x00209ee4        0x4 ../../nxtOSEK/ecrobot/../ecrobot/libecrobot.a(udp.oram)
 .bss.currentFeatures
                0x00209ee8        0x4 ../../nxtOSEK/ecrobot/../ecrobot/libecrobot.a(udp.oram)
 .bss.currentConfig
                0x00209eec        0x1 ../../nxtOSEK/ecrobot/../ecrobot/libecrobot.a(udp.oram)
 *fill*         0x00209eed        0x3 00
 .bss.twi_mask  0x00209ef0        0x4 ../../nxtOSEK/ecrobot/../ecrobot/libecrobot.a(twi.oram)
 .bss.twi_ptr   0x00209ef4        0x4 ../../nxtOSEK/ecrobot/../ecrobot/libecrobot.a(twi.oram)
 .bss.twi_pending
                0x00209ef8        0x4 ../../nxtOSEK/ecrobot/../ecrobot/libecrobot.a(twi.oram)
 .bss.twi_state
                0x00209efc        0x4 ../../nxtOSEK/ecrobot/../ecrobot/libecrobot.a(twi.oram)
 .bss.page      0x00209f00        0x1 ../../nxtOSEK/ecrobot/../ecrobot/libecrobot.a(nxt_spi.oram)
                0x00209f00                page
 .bss.dirty     0x00209f01        0x1 ../../nxtOSEK/ecrobot/../ecrobot/libecrobot.a(nxt_spi.oram)
                0x00209f01                dirty
 *fill*         0x00209f02        0x2 00
 .bss.display   0x00209f04        0x4 ../../nxtOSEK/ecrobot/../ecrobot/libecrobot.a(nxt_spi.oram)
                0x00209f04                display
 .bss.interrupts_this_period
                0x00209f08        0x4 ../../nxtOSEK/ecrobot/../ecrobot/libecrobot.a(nxt_motors.oram)
 .bss.nxt_motor_initialised
                0x00209f0c        0x4 ../../nxtOSEK/ecrobot/../ecrobot/libecrobot.a(nxt_motors.oram)
 .bss.motor     0x00209f10       0x30 ../../nxtOSEK/ecrobot/../ecrobot/libecrobot.a(nxt_motors.oram)
 .bss.display_tick
                0x00209f40        0x4 ../../nxtOSEK/ecrobot/../ecrobot/libecrobot.a(display.oram)
                0x00209f40                display_tick
 .bss.display_array
                0x00209f44      0x388 ../../nxtOSEK/ecrobot/../ecrobot/libecrobot.a(display.oram)
 .bss.i2c_int_count
                0x0020a2cc        0x4 ../../nxtOSEK/ecrobot/../ecrobot/libecrobot.a(i2c.oram)
 .bss.i2c_port  0x0020a2d0      0x170 ../../nxtOSEK/ecrobot/../ecrobot/libecrobot.a(i2c.oram)
 .bss.sound_mode
                0x0020a440        0x1 ../../nxtOSEK/ecrobot/../ecrobot/libecrobot.a(sound.oram)
                0x0020a440                sound_mode
 *fill*         0x0020a441        0x3 00
 .bss.in_buf_idx
                0x0020a444        0x4 ../../nxtOSEK/ecrobot/../ecrobot/libecrobot.a(bt.oram)
 .bss.buf_ptr   0x0020a448        0x4 ../../nxtOSEK/ecrobot/../ecrobot/libecrobot.a(bt.oram)
 .bss.out_buf   0x0020a44c      0x200 ../../nxtOSEK/ecrobot/../ecrobot/libecrobot.a(bt.oram)
 .bss.out_buf_ptr
                0x0020a64c        0x1 ../../nxtOSEK/ecrobot/../ecrobot/libecrobot.a(bt.oram)
 .bss.in_buf_in_ptr
                0x0020a64d        0x1 ../../nxtOSEK/ecrobot/../ecrobot/libecrobot.a(bt.oram)
 .bss.in_buf    0x0020a64e      0x100 ../../nxtOSEK/ecrobot/../ecrobot/libecrobot.a(bt.oram)
 *fill*         0x0020a74e        0x2 00
 .bss.link_state
                0x0020a750        0x4 ../../nxtOSEK/ecrobot/../ecrobot/libecrobot.a(nxt_avr.oram)
 .bss.update_count
                0x0020a754        0x4 ../../nxtOSEK/ecrobot/../ecrobot/libecrobot.a(nxt_avr.oram)
 .bss.nxt_avr_stats
                0x0020a758       0x14 ../../nxtOSEK/ecrobot/../ecrobot/libecrobot.a(nxt_avr.oram)
 .bss.debounce_cnt
                0x0020a76c        0x2 ../../nxtOSEK/ecrobot/../ecrobot/libecrobot.a(nxt_avr.oram)
 .bss.debounce_state
                0x0020a76e        0x2 ../../nxtOSEK/ecrobot/../ecrobot/libecrobot.a(nxt_avr.oram)
 .bss.button_state
                0x0020a770        0x2 ../../nxtOSEK/ecrobot/../ecrobot/libecrobot.a(nxt_avr.oram)
 .bss.prev_buttons
                0x0020a772        0x2 ../../nxtOSEK/ecrobot/../ecrobot/libecrobot.a(nxt_avr.oram)
 .bss.from_buf  0x0020a774        0x4 ../../nxtOSEK/ecrobot/../ecrobot/libecrobot.a(nxt_avr.oram)
 .bss.io_from_avr
                0x0020a778        0x4 ../../nxtOSEK/ecrobot/../ecrobot/libecrobot.a(nxt_avr.oram)
 .bss.data_from_avr
                0x0020a77c       0x1a ../../nxtOSEK/ecrobot/../ecrobot/libecrobot.a(nxt_avr.oram)
 .bss.data_to_avr
                0x0020a796        0x9 ../../nxtOSEK/ecrobot/../ecrobot/libecrobot.a(nxt_avr.oram)
 .bss.io_to_avr
                0x0020a79f        0x8 ../../nxtOSEK/ecrobot/../ecrobot/libecrobot.a(nxt_avr.oram)
 *fill*         0x0020a7a7        0x1 00
 .bss.display   0x0020a7a8        0x4 ../../nxtOSEK/ecrobot/../ecrobot/libecrobot.a(nxt_lcd.oram)
 .bss.ud_thetadot_cmd_lpf
                0x0020a7ac        0x4 ../../nxtOSEK/ecrobot/../ecrobot/libnxtway_gs_balancer.a(balancer.o)
 .bss.ud_theta_ref
                0x0020a7b0        0x4 ../../nxtOSEK/ecrobot/../ecrobot/libnxtway_gs_balancer.a(balancer.o)
 .bss.ud_theta_lpf
                0x0020a7b4        0x4 ../../nxtOSEK/ecrobot/../ecrobot/libnxtway_gs_balancer.a(balancer.o)
 .bss.ud_psi    0x0020a7b8        0x4 ../../nxtOSEK/ecrobot/../ecrobot/libnxtway_gs_balancer.a(balancer.o)
 .bss.ud_err_theta
                0x0020a7bc        0x4 ../../nxtOSEK/ecrobot/../ecrobot/libnxtway_gs_balancer.a(balancer.o)
                0x0020a7c0                . = ALIGN (0x10)
                0x0020a7c0                __bss_end__ = .
 COMMON         0x0020a7c0        0x2 build/kernel/interrupt.o
                0x0020a7c0                runisr
                0x0020a7c1                sus_all_cnt
 *fill*         0x0020a7c2        0x2 00
 COMMON         0x0020a7c4       0x10 build/kernel/osctl.o
                0x0020a7c4                callevel
                0x0020a7c5                _errorhook_svcid
                0x0020a7c6                appmode
                0x0020a7c8                _errorhook_par1
                0x0020a7cc                _errorhook_par3
                0x0020a7d0                _errorhook_par2
 COMMON         0x0020a7d4        0x3 build/kernel/task.o
                0x0020a7d4                runtsk
                0x0020a7d5                schedtsk
                0x0020a7d6                nextpri
 *fill*         0x0020a7d7        0x1 00
 COMMON         0x0020a7d8       0x70 build/./kernel_cfg.o
                0x0020a7d8                tcb_waievt
                0x0020a7dc                rescb_prevpri
                0x0020a7dd                almcb_prev
                0x0020a7e1                tcb_lastres
                0x0020a7e8                almcb_almval
                0x0020a7f8                tcxb_pc
                0x0020a808                tcb_next
                0x0020a80c                tcb_curpri
                0x0020a810                tcb_tstat
                0x0020a814                isrcb_lastres
                0x0020a815                cntcb_almque
                0x0020a816                rescb_prevres
                0x0020a817                tcb_actcnt
                0x0020a81c                tcb_curevt
                0x0020a820                almcb_cycle
                0x0020a830                tcxb_sp
                0x0020a840                almcb_next
                0x0020a844                cntcb_curval
 COMMON         0x0020a848       0x84 build/Kaidan.o
                0x0020a848                pwm_r
                0x0020a849                cmd_forward
                0x0020a84a                pwm_l
                0x0020a84b                cmd_turn
                0x0020a84c                rx_buf
 COMMON         0x0020a8cc       0x44 ../../nxtOSEK/ecrobot/../ecrobot/libecrobot.a(uart.oram)
                0x0020a8cc                uart
 COMMON         0x0020a910        0x4 ../../nxtOSEK/ecrobot/../ecrobot/libecrobot.a(data_abort.oram)
                0x0020a910                data_abort_pc
 COMMON         0x0020a914        0x8 ../../nxtOSEK/ecrobot/../ecrobot/libecrobot.a(display.oram)
                0x0020a914                display_x
                0x0020a918                display_y
 COMMON         0x0020a91c      0x31c ../../nxtOSEK/ecrobot/../ecrobot/libecrobot.a(sound.oram)
                0x0020a91c                sample
                0x00209160                __bss_start__ = ADDR (.bss)
                0x0020ac38                __bss_end__ = (ADDR (.bss) + SIZEOF (.bss))
                0x0020ac38                PROVIDE (end, .)

.heap_area      0x0020ac38     0x4f40
                0x0020fb78                . = (. + (0x20fb78 - end))
 *fill*         0x0020ac38     0x4f40 00

.stack          0x0020fb78      0x488
                0x0020fbf8                . = (. + 0x80)
 *fill*         0x0020fb78       0x80 00
                0x0020fc00                . = ALIGN (0x10)
 *fill*         0x0020fbf8        0x8 00
                0x0020fc00                __irq_stack__ = .
                0x0020fc00                __system_stack_bottom__ = .
                0x00210000                . = (. + 0x400)
 *fill*         0x0020fc00      0x400 00
                0x00210000                . = ALIGN (0x10)
                0x00210000                __system_stack__ = .
                0x00210000                __system_stack_top__ = .
                0x0020fb78                __stack_start__ = ADDR (.stack)
                0x00210000                __stack_end__ = (ADDR (.stack) + SIZEOF (.stack))
OUTPUT(Kaidan_ram.elf elf32-littlearm)

.comment        0x00000000      0x396
 .comment       0x00000000       0x12 build/kernel/alarm.o
 .comment       0x00000012       0x12 build/kernel/event.o
 .comment       0x00000024       0x12 build/kernel/interrupt.o
 .comment       0x00000036       0x12 build/kernel/osctl.o
 .comment       0x00000048       0x12 build/kernel/resource.o
 .comment       0x0000005a       0x12 build/kernel/task.o
 .comment       0x0000006c       0x12 build/kernel/task_manage.o
 .comment       0x0000007e       0x12 build/config/at91sam7s-gnu/cpu_config.o
 .comment       0x00000090       0x12 build/config/at91sam7s-gnu/lego_nxt/sys_config.o
 .comment       0x000000a2       0x12 build/./kernel_cfg.o
 .comment       0x000000b4       0x12 build/syscalls.o
 .comment       0x000000c6       0x12 build/ecrobot_bluetooth.o
 .comment       0x000000d8       0x12 build/ecrobot_base.o
 .comment       0x000000ea       0x12 build/ecrobot.o
 .comment       0x000000fc       0x12 build/balancer_param.o
 .comment       0x0000010e       0x12 build/Kaidan.o
 .comment       0x00000120       0x12 build/logSend.o
 .comment       0x00000132       0x12 build/syslib/at91sam7s-gnu/lego_nxt/hw_sys_timer.oram
 .comment       0x00000144       0x12 ../../nxtOSEK/ecrobot/../ecrobot/libecrobot.a(ecrobot_HiTechnic.o)
 .comment       0x00000156       0x12 ../../nxtOSEK/ecrobot/../ecrobot/libecrobot.a(ecrobot_interface.o)
 .comment       0x00000168       0x12 ../../nxtOSEK/ecrobot/../ecrobot/libecrobot.a(colorsensor.o)
 .comment       0x0000017a       0x12 ../../nxtOSEK/ecrobot/../ecrobot/libecrobot.a(uart.oram)
 .comment       0x0000018c       0x12 ../../nxtOSEK/ecrobot/../ecrobot/libecrobot.a(systick.oram)
 .comment       0x0000019e       0x12 ../../nxtOSEK/ecrobot/../ecrobot/libecrobot.a(byte_fifo.oram)
 .comment       0x000001b0       0x12 ../../nxtOSEK/ecrobot/../ecrobot/libecrobot.a(aic.oram)
 .comment       0x000001c2       0x12 ../../nxtOSEK/ecrobot/../ecrobot/libecrobot.a(udp.oram)
 .comment       0x000001d4       0x12 ../../nxtOSEK/ecrobot/../ecrobot/libecrobot.a(twi.oram)
 .comment       0x000001e6       0x12 ../../nxtOSEK/ecrobot/../ecrobot/libecrobot.a(nxt_spi.oram)
 .comment       0x000001f8       0x12 ../../nxtOSEK/ecrobot/../ecrobot/libecrobot.a(nxt_motors.oram)
 .comment       0x0000020a       0x12 ../../nxtOSEK/ecrobot/../ecrobot/libecrobot.a(data_abort.oram)
 .comment       0x0000021c       0x12 ../../nxtOSEK/ecrobot/../ecrobot/libecrobot.a(display.oram)
 .comment       0x0000022e       0x12 ../../nxtOSEK/ecrobot/../ecrobot/libecrobot.a(i2c.oram)
 .comment       0x00000240       0x12 ../../nxtOSEK/ecrobot/../ecrobot/libecrobot.a(sound.oram)
 .comment       0x00000252       0x12 ../../nxtOSEK/ecrobot/../ecrobot/libecrobot.a(bt.oram)
 .comment       0x00000264       0x12 ../../nxtOSEK/ecrobot/../ecrobot/libecrobot.a(nxt_avr.oram)
 .comment       0x00000276       0x12 ../../nxtOSEK/ecrobot/../ecrobot/libecrobot.a(sensors.oram)
 .comment       0x00000288       0x12 ../../nxtOSEK/ecrobot/../ecrobot/libecrobot.a(sensors1.oram)
 .comment       0x0000029a       0x12 ../../nxtOSEK/ecrobot/../ecrobot/libecrobot.a(nxt_lcd.oram)
 .comment       0x000002ac       0x12 ../../nxtOSEK/ecrobot/../ecrobot/libecrobot.a(flash_loader.oram)
 .comment       0x000002be       0x12 ../../nxtOSEK/ecrobot/../ecrobot/libecrobot.a(ecrobot_usb.o)
 .comment       0x000002d0       0x12 ../../nxtOSEK/ecrobot/../ecrobot/libecrobot.a(flashprog.oram)
 .comment       0x000002e2       0x12 ../../nxtOSEK/ecrobot/../ecrobot/libnxtway_gs_balancer.a(balancer.o)
 .comment       0x000002f4       0x12 /cygdrive/C/cygwin/GNUARM/bin/../lib/gcc/arm-elf/4.0.2/thumb/interwork/libgcc.a(_muldi3.o)
 .comment       0x00000306       0x12 /cygdrive/C/cygwin/GNUARM/bin/../lib/gcc/arm-elf/4.0.2/thumb/interwork/libgcc.a(_divdi3.o)
 .comment       0x00000318       0x12 /cygdrive/C/cygwin/GNUARM/bin/../lib/gcc/arm-elf/4.0.2/thumb/interwork/libgcc.a(_clz.o)
 .comment       0x0000032a       0x12 /cygdrive/C/cygwin/GNUARM/bin/../lib/gcc/arm-elf/4.0.2/../../../../arm-elf/lib/thumb/interwork/libc.a(memcpy.o)
 .comment       0x0000033c       0x12 /cygdrive/C/cygwin/GNUARM/bin/../lib/gcc/arm-elf/4.0.2/../../../../arm-elf/lib/thumb/interwork/libc.a(memset.o)
 .comment       0x0000034e       0x12 /cygdrive/C/cygwin/GNUARM/bin/../lib/gcc/arm-elf/4.0.2/../../../../arm-elf/lib/thumb/interwork/libc.a(strcmp.o)
 .comment       0x00000360       0x12 /cygdrive/C/cygwin/GNUARM/bin/../lib/gcc/arm-elf/4.0.2/../../../../arm-elf/lib/thumb/interwork/libc.a(strcpy.o)
 .comment       0x00000372       0x12 /cygdrive/C/cygwin/GNUARM/bin/../lib/gcc/arm-elf/4.0.2/../../../../arm-elf/lib/thumb/interwork/libc.a(strlen.o)
 .comment       0x00000384       0x12 /cygdrive/C/cygwin/GNUARM/bin/../lib/gcc/arm-elf/4.0.2/../../../../arm-elf/lib/thumb/interwork/libc.a(strncpy.o)

.debug_line     0x00000000      0xf97
 .debug_line    0x00000000       0x70 /cygdrive/C/cygwin/GNUARM/bin/../lib/gcc/arm-elf/4.0.2/thumb/interwork/libgcc.a(_udivsi3.o)
 .debug_line    0x00000070       0x7c /cygdrive/C/cygwin/GNUARM/bin/../lib/gcc/arm-elf/4.0.2/thumb/interwork/libgcc.a(_divsi3.o)
 .debug_line    0x000000ec       0x68 /cygdrive/C/cygwin/GNUARM/bin/../lib/gcc/arm-elf/4.0.2/thumb/interwork/libgcc.a(_umodsi3.o)
 .debug_line    0x00000154       0x71 /cygdrive/C/cygwin/GNUARM/bin/../lib/gcc/arm-elf/4.0.2/thumb/interwork/libgcc.a(_modsi3.o)
 .debug_line    0x000001c5       0x5a /cygdrive/C/cygwin/GNUARM/bin/../lib/gcc/arm-elf/4.0.2/thumb/interwork/libgcc.a(_dvmd_tls.o)
 .debug_line    0x0000021f      0x162 /cygdrive/C/cygwin/GNUARM/bin/../lib/gcc/arm-elf/4.0.2/thumb/interwork/libgcc.a(_addsubdf3.o)
 .debug_line    0x00000381      0x177 /cygdrive/C/cygwin/GNUARM/bin/../lib/gcc/arm-elf/4.0.2/thumb/interwork/libgcc.a(_muldivdf3.o)
 .debug_line    0x000004f8       0xa4 /cygdrive/C/cygwin/GNUARM/bin/../lib/gcc/arm-elf/4.0.2/thumb/interwork/libgcc.a(_cmpdf2.o)
 .debug_line    0x0000059c       0x6f /cygdrive/C/cygwin/GNUARM/bin/../lib/gcc/arm-elf/4.0.2/thumb/interwork/libgcc.a(_fixdfsi.o)
 .debug_line    0x0000060b       0x80 /cygdrive/C/cygwin/GNUARM/bin/../lib/gcc/arm-elf/4.0.2/thumb/interwork/libgcc.a(_truncdfsf2.o)
 .debug_line    0x0000068b      0x110 /cygdrive/C/cygwin/GNUARM/bin/../lib/gcc/arm-elf/4.0.2/thumb/interwork/libgcc.a(_addsubsf3.o)
 .debug_line    0x0000079b      0x11a /cygdrive/C/cygwin/GNUARM/bin/../lib/gcc/arm-elf/4.0.2/thumb/interwork/libgcc.a(_muldivsf3.o)
 .debug_line    0x000008b5       0x98 /cygdrive/C/cygwin/GNUARM/bin/../lib/gcc/arm-elf/4.0.2/thumb/interwork/libgcc.a(_cmpsf2.o)
 .debug_line    0x0000094d       0x6f /cygdrive/C/cygwin/GNUARM/bin/../lib/gcc/arm-elf/4.0.2/thumb/interwork/libgcc.a(_fixsfsi.o)
 .debug_line    0x000009bc       0x61 /cygdrive/C/cygwin/GNUARM/bin/../lib/gcc/arm-elf/4.0.2/thumb/interwork/libgcc.a(_muldi3.o)
 .debug_line    0x00000a1d      0x122 /cygdrive/C/cygwin/GNUARM/bin/../lib/gcc/arm-elf/4.0.2/thumb/interwork/libgcc.a(_divdi3.o)
 .debug_line    0x00000b3f       0x48 /cygdrive/C/cygwin/GNUARM/bin/../lib/gcc/arm-elf/4.0.2/thumb/interwork/libgcc.a(_clz.o)
 .debug_line    0x00000b87       0xc3 /cygdrive/C/cygwin/GNUARM/bin/../lib/gcc/arm-elf/4.0.2/../../../../arm-elf/lib/thumb/interwork/libc.a(memcpy.o)
 .debug_line    0x00000c4a       0xd4 /cygdrive/C/cygwin/GNUARM/bin/../lib/gcc/arm-elf/4.0.2/../../../../arm-elf/lib/thumb/interwork/libc.a(memset.o)
 .debug_line    0x00000d1e       0x88 /cygdrive/C/cygwin/GNUARM/bin/../lib/gcc/arm-elf/4.0.2/../../../../arm-elf/lib/thumb/interwork/libc.a(strcmp.o)
 .debug_line    0x00000da6       0x80 /cygdrive/C/cygwin/GNUARM/bin/../lib/gcc/arm-elf/4.0.2/../../../../arm-elf/lib/thumb/interwork/libc.a(strcpy.o)
 .debug_line    0x00000e26       0xaf /cygdrive/C/cygwin/GNUARM/bin/../lib/gcc/arm-elf/4.0.2/../../../../arm-elf/lib/thumb/interwork/libc.a(strlen.o)
 .debug_line    0x00000ed5       0xc2 /cygdrive/C/cygwin/GNUARM/bin/../lib/gcc/arm-elf/4.0.2/../../../../arm-elf/lib/thumb/interwork/libc.a(strncpy.o)

.debug_info     0x00000000     0x15f0
 .debug_info    0x00000000       0x6a /cygdrive/C/cygwin/GNUARM/bin/../lib/gcc/arm-elf/4.0.2/thumb/interwork/libgcc.a(_udivsi3.o)
 .debug_info    0x0000006a       0x6a /cygdrive/C/cygwin/GNUARM/bin/../lib/gcc/arm-elf/4.0.2/thumb/interwork/libgcc.a(_divsi3.o)
 .debug_info    0x000000d4       0x6a /cygdrive/C/cygwin/GNUARM/bin/../lib/gcc/arm-elf/4.0.2/thumb/interwork/libgcc.a(_umodsi3.o)
 .debug_info    0x0000013e       0x6a /cygdrive/C/cygwin/GNUARM/bin/../lib/gcc/arm-elf/4.0.2/thumb/interwork/libgcc.a(_modsi3.o)
 .debug_info    0x000001a8       0x6a /cygdrive/C/cygwin/GNUARM/bin/../lib/gcc/arm-elf/4.0.2/thumb/interwork/libgcc.a(_dvmd_tls.o)
 .debug_info    0x00000212       0x69 /cygdrive/C/cygwin/GNUARM/bin/../lib/gcc/arm-elf/4.0.2/thumb/interwork/libgcc.a(_addsubdf3.o)
 .debug_info    0x0000027b       0x69 /cygdrive/C/cygwin/GNUARM/bin/../lib/gcc/arm-elf/4.0.2/thumb/interwork/libgcc.a(_muldivdf3.o)
 .debug_info    0x000002e4       0x69 /cygdrive/C/cygwin/GNUARM/bin/../lib/gcc/arm-elf/4.0.2/thumb/interwork/libgcc.a(_cmpdf2.o)
 .debug_info    0x0000034d       0x69 /cygdrive/C/cygwin/GNUARM/bin/../lib/gcc/arm-elf/4.0.2/thumb/interwork/libgcc.a(_fixdfsi.o)
 .debug_info    0x000003b6       0x69 /cygdrive/C/cygwin/GNUARM/bin/../lib/gcc/arm-elf/4.0.2/thumb/interwork/libgcc.a(_truncdfsf2.o)
 .debug_info    0x0000041f       0x69 /cygdrive/C/cygwin/GNUARM/bin/../lib/gcc/arm-elf/4.0.2/thumb/interwork/libgcc.a(_addsubsf3.o)
 .debug_info    0x00000488       0x69 /cygdrive/C/cygwin/GNUARM/bin/../lib/gcc/arm-elf/4.0.2/thumb/interwork/libgcc.a(_muldivsf3.o)
 .debug_info    0x000004f1       0x69 /cygdrive/C/cygwin/GNUARM/bin/../lib/gcc/arm-elf/4.0.2/thumb/interwork/libgcc.a(_cmpsf2.o)
 .debug_info    0x0000055a       0x69 /cygdrive/C/cygwin/GNUARM/bin/../lib/gcc/arm-elf/4.0.2/thumb/interwork/libgcc.a(_fixsfsi.o)
 .debug_info    0x000005c3      0x20e /cygdrive/C/cygwin/GNUARM/bin/../lib/gcc/arm-elf/4.0.2/thumb/interwork/libgcc.a(_muldi3.o)
 .debug_info    0x000007d1      0x758 /cygdrive/C/cygwin/GNUARM/bin/../lib/gcc/arm-elf/4.0.2/thumb/interwork/libgcc.a(_divdi3.o)
 .debug_info    0x00000f29       0xc9 /cygdrive/C/cygwin/GNUARM/bin/../lib/gcc/arm-elf/4.0.2/thumb/interwork/libgcc.a(_clz.o)
 .debug_info    0x00000ff2      0x10d /cygdrive/C/cygwin/GNUARM/bin/../lib/gcc/arm-elf/4.0.2/../../../../arm-elf/lib/thumb/interwork/libc.a(memcpy.o)
 .debug_info    0x000010ff      0x111 /cygdrive/C/cygwin/GNUARM/bin/../lib/gcc/arm-elf/4.0.2/../../../../arm-elf/lib/thumb/interwork/libc.a(memset.o)
 .debug_info    0x00001210       0xd9 /cygdrive/C/cygwin/GNUARM/bin/../lib/gcc/arm-elf/4.0.2/../../../../arm-elf/lib/thumb/interwork/libc.a(strcmp.o)
 .debug_info    0x000012e9      0x10c /cygdrive/C/cygwin/GNUARM/bin/../lib/gcc/arm-elf/4.0.2/../../../../arm-elf/lib/thumb/interwork/libc.a(strcpy.o)
 .debug_info    0x000013f5       0xd5 /cygdrive/C/cygwin/GNUARM/bin/../lib/gcc/arm-elf/4.0.2/../../../../arm-elf/lib/thumb/interwork/libc.a(strlen.o)
 .debug_info    0x000014ca      0x126 /cygdrive/C/cygwin/GNUARM/bin/../lib/gcc/arm-elf/4.0.2/../../../../arm-elf/lib/thumb/interwork/libc.a(strncpy.o)

.debug_abbrev   0x00000000      0x715
 .debug_abbrev  0x00000000       0x14 /cygdrive/C/cygwin/GNUARM/bin/../lib/gcc/arm-elf/4.0.2/thumb/interwork/libgcc.a(_udivsi3.o)
 .debug_abbrev  0x00000014       0x14 /cygdrive/C/cygwin/GNUARM/bin/../lib/gcc/arm-elf/4.0.2/thumb/interwork/libgcc.a(_divsi3.o)
 .debug_abbrev  0x00000028       0x14 /cygdrive/C/cygwin/GNUARM/bin/../lib/gcc/arm-elf/4.0.2/thumb/interwork/libgcc.a(_umodsi3.o)
 .debug_abbrev  0x0000003c       0x14 /cygdrive/C/cygwin/GNUARM/bin/../lib/gcc/arm-elf/4.0.2/thumb/interwork/libgcc.a(_modsi3.o)
 .debug_abbrev  0x00000050       0x14 /cygdrive/C/cygwin/GNUARM/bin/../lib/gcc/arm-elf/4.0.2/thumb/interwork/libgcc.a(_dvmd_tls.o)
 .debug_abbrev  0x00000064       0x14 /cygdrive/C/cygwin/GNUARM/bin/../lib/gcc/arm-elf/4.0.2/thumb/interwork/libgcc.a(_addsubdf3.o)
 .debug_abbrev  0x00000078       0x14 /cygdrive/C/cygwin/GNUARM/bin/../lib/gcc/arm-elf/4.0.2/thumb/interwork/libgcc.a(_muldivdf3.o)
 .debug_abbrev  0x0000008c       0x14 /cygdrive/C/cygwin/GNUARM/bin/../lib/gcc/arm-elf/4.0.2/thumb/interwork/libgcc.a(_cmpdf2.o)
 .debug_abbrev  0x000000a0       0x14 /cygdrive/C/cygwin/GNUARM/bin/../lib/gcc/arm-elf/4.0.2/thumb/interwork/libgcc.a(_fixdfsi.o)
 .debug_abbrev  0x000000b4       0x14 /cygdrive/C/cygwin/GNUARM/bin/../lib/gcc/arm-elf/4.0.2/thumb/interwork/libgcc.a(_truncdfsf2.o)
 .debug_abbrev  0x000000c8       0x14 /cygdrive/C/cygwin/GNUARM/bin/../lib/gcc/arm-elf/4.0.2/thumb/interwork/libgcc.a(_addsubsf3.o)
 .debug_abbrev  0x000000dc       0x14 /cygdrive/C/cygwin/GNUARM/bin/../lib/gcc/arm-elf/4.0.2/thumb/interwork/libgcc.a(_muldivsf3.o)
 .debug_abbrev  0x000000f0       0x14 /cygdrive/C/cygwin/GNUARM/bin/../lib/gcc/arm-elf/4.0.2/thumb/interwork/libgcc.a(_cmpsf2.o)
 .debug_abbrev  0x00000104       0x14 /cygdrive/C/cygwin/GNUARM/bin/../lib/gcc/arm-elf/4.0.2/thumb/interwork/libgcc.a(_fixsfsi.o)
 .debug_abbrev  0x00000118       0xec /cygdrive/C/cygwin/GNUARM/bin/../lib/gcc/arm-elf/4.0.2/thumb/interwork/libgcc.a(_muldi3.o)
 .debug_abbrev  0x00000204      0x174 /cygdrive/C/cygwin/GNUARM/bin/../lib/gcc/arm-elf/4.0.2/thumb/interwork/libgcc.a(_divdi3.o)
 .debug_abbrev  0x00000378       0x61 /cygdrive/C/cygwin/GNUARM/bin/../lib/gcc/arm-elf/4.0.2/thumb/interwork/libgcc.a(_clz.o)
 .debug_abbrev  0x000003d9       0x99 /cygdrive/C/cygwin/GNUARM/bin/../lib/gcc/arm-elf/4.0.2/../../../../arm-elf/lib/thumb/interwork/libc.a(memcpy.o)
 .debug_abbrev  0x00000472       0x9a /cygdrive/C/cygwin/GNUARM/bin/../lib/gcc/arm-elf/4.0.2/../../../../arm-elf/lib/thumb/interwork/libc.a(memset.o)
 .debug_abbrev  0x0000050c       0x71 /cygdrive/C/cygwin/GNUARM/bin/../lib/gcc/arm-elf/4.0.2/../../../../arm-elf/lib/thumb/interwork/libc.a(strcmp.o)
 .debug_abbrev  0x0000057d       0x80 /cygdrive/C/cygwin/GNUARM/bin/../lib/gcc/arm-elf/4.0.2/../../../../arm-elf/lib/thumb/interwork/libc.a(strcpy.o)
 .debug_abbrev  0x000005fd       0x8b /cygdrive/C/cygwin/GNUARM/bin/../lib/gcc/arm-elf/4.0.2/../../../../arm-elf/lib/thumb/interwork/libc.a(strlen.o)
 .debug_abbrev  0x00000688       0x8d /cygdrive/C/cygwin/GNUARM/bin/../lib/gcc/arm-elf/4.0.2/../../../../arm-elf/lib/thumb/interwork/libc.a(strncpy.o)

.debug_aranges  0x00000000      0x2c0
 .debug_aranges
                0x00000000       0x20 /cygdrive/C/cygwin/GNUARM/bin/../lib/gcc/arm-elf/4.0.2/thumb/interwork/libgcc.a(_udivsi3.o)
 .debug_aranges
                0x00000020       0x20 /cygdrive/C/cygwin/GNUARM/bin/../lib/gcc/arm-elf/4.0.2/thumb/interwork/libgcc.a(_divsi3.o)
 .debug_aranges
                0x00000040       0x20 /cygdrive/C/cygwin/GNUARM/bin/../lib/gcc/arm-elf/4.0.2/thumb/interwork/libgcc.a(_umodsi3.o)
 .debug_aranges
                0x00000060       0x20 /cygdrive/C/cygwin/GNUARM/bin/../lib/gcc/arm-elf/4.0.2/thumb/interwork/libgcc.a(_modsi3.o)
 .debug_aranges
                0x00000080       0x20 /cygdrive/C/cygwin/GNUARM/bin/../lib/gcc/arm-elf/4.0.2/thumb/interwork/libgcc.a(_dvmd_tls.o)
 .debug_aranges
                0x000000a0       0x20 /cygdrive/C/cygwin/GNUARM/bin/../lib/gcc/arm-elf/4.0.2/thumb/interwork/libgcc.a(_addsubdf3.o)
 .debug_aranges
                0x000000c0       0x20 /cygdrive/C/cygwin/GNUARM/bin/../lib/gcc/arm-elf/4.0.2/thumb/interwork/libgcc.a(_muldivdf3.o)
 .debug_aranges
                0x000000e0       0x20 /cygdrive/C/cygwin/GNUARM/bin/../lib/gcc/arm-elf/4.0.2/thumb/interwork/libgcc.a(_cmpdf2.o)
 .debug_aranges
                0x00000100       0x20 /cygdrive/C/cygwin/GNUARM/bin/../lib/gcc/arm-elf/4.0.2/thumb/interwork/libgcc.a(_fixdfsi.o)
 .debug_aranges
                0x00000120       0x20 /cygdrive/C/cygwin/GNUARM/bin/../lib/gcc/arm-elf/4.0.2/thumb/interwork/libgcc.a(_truncdfsf2.o)
 .debug_aranges
                0x00000140       0x20 /cygdrive/C/cygwin/GNUARM/bin/../lib/gcc/arm-elf/4.0.2/thumb/interwork/libgcc.a(_addsubsf3.o)
 .debug_aranges
                0x00000160       0x20 /cygdrive/C/cygwin/GNUARM/bin/../lib/gcc/arm-elf/4.0.2/thumb/interwork/libgcc.a(_muldivsf3.o)
 .debug_aranges
                0x00000180       0x20 /cygdrive/C/cygwin/GNUARM/bin/../lib/gcc/arm-elf/4.0.2/thumb/interwork/libgcc.a(_cmpsf2.o)
 .debug_aranges
                0x000001a0       0x20 /cygdrive/C/cygwin/GNUARM/bin/../lib/gcc/arm-elf/4.0.2/thumb/interwork/libgcc.a(_fixsfsi.o)
 .debug_aranges
                0x000001c0       0x20 /cygdrive/C/cygwin/GNUARM/bin/../lib/gcc/arm-elf/4.0.2/thumb/interwork/libgcc.a(_muldi3.o)
 .debug_aranges
                0x000001e0       0x20 /cygdrive/C/cygwin/GNUARM/bin/../lib/gcc/arm-elf/4.0.2/thumb/interwork/libgcc.a(_divdi3.o)
 .debug_aranges
                0x00000200       0x20 /cygdrive/C/cygwin/GNUARM/bin/../lib/gcc/arm-elf/4.0.2/../../../../arm-elf/lib/thumb/interwork/libc.a(memcpy.o)
 .debug_aranges
                0x00000220       0x20 /cygdrive/C/cygwin/GNUARM/bin/../lib/gcc/arm-elf/4.0.2/../../../../arm-elf/lib/thumb/interwork/libc.a(memset.o)
 .debug_aranges
                0x00000240       0x20 /cygdrive/C/cygwin/GNUARM/bin/../lib/gcc/arm-elf/4.0.2/../../../../arm-elf/lib/thumb/interwork/libc.a(strcmp.o)
 .debug_aranges
                0x00000260       0x20 /cygdrive/C/cygwin/GNUARM/bin/../lib/gcc/arm-elf/4.0.2/../../../../arm-elf/lib/thumb/interwork/libc.a(strcpy.o)
 .debug_aranges
                0x00000280       0x20 /cygdrive/C/cygwin/GNUARM/bin/../lib/gcc/arm-elf/4.0.2/../../../../arm-elf/lib/thumb/interwork/libc.a(strlen.o)
 .debug_aranges
                0x000002a0       0x20 /cygdrive/C/cygwin/GNUARM/bin/../lib/gcc/arm-elf/4.0.2/../../../../arm-elf/lib/thumb/interwork/libc.a(strncpy.o)

.debug_frame    0x00000000      0x180
 .debug_frame   0x00000000       0x38 /cygdrive/C/cygwin/GNUARM/bin/../lib/gcc/arm-elf/4.0.2/thumb/interwork/libgcc.a(_muldi3.o)
 .debug_frame   0x00000038       0x3c /cygdrive/C/cygwin/GNUARM/bin/../lib/gcc/arm-elf/4.0.2/thumb/interwork/libgcc.a(_divdi3.o)
 .debug_frame   0x00000074       0x2c /cygdrive/C/cygwin/GNUARM/bin/../lib/gcc/arm-elf/4.0.2/../../../../arm-elf/lib/thumb/interwork/libc.a(memcpy.o)
 .debug_frame   0x000000a0       0x2c /cygdrive/C/cygwin/GNUARM/bin/../lib/gcc/arm-elf/4.0.2/../../../../arm-elf/lib/thumb/interwork/libc.a(memset.o)
 .debug_frame   0x000000cc       0x2c /cygdrive/C/cygwin/GNUARM/bin/../lib/gcc/arm-elf/4.0.2/../../../../arm-elf/lib/thumb/interwork/libc.a(strcmp.o)
 .debug_frame   0x000000f8       0x2c /cygdrive/C/cygwin/GNUARM/bin/../lib/gcc/arm-elf/4.0.2/../../../../arm-elf/lib/thumb/interwork/libc.a(strcpy.o)
 .debug_frame   0x00000124       0x2c /cygdrive/C/cygwin/GNUARM/bin/../lib/gcc/arm-elf/4.0.2/../../../../arm-elf/lib/thumb/interwork/libc.a(strlen.o)
 .debug_frame   0x00000150       0x30 /cygdrive/C/cygwin/GNUARM/bin/../lib/gcc/arm-elf/4.0.2/../../../../arm-elf/lib/thumb/interwork/libc.a(strncpy.o)

.debug_loc      0x00000000     0x13c0
 .debug_loc     0x00000000      0x156 /cygdrive/C/cygwin/GNUARM/bin/../lib/gcc/arm-elf/4.0.2/thumb/interwork/libgcc.a(_muldi3.o)
 .debug_loc     0x00000156      0xd45 /cygdrive/C/cygwin/GNUARM/bin/../lib/gcc/arm-elf/4.0.2/thumb/interwork/libgcc.a(_divdi3.o)
 .debug_loc     0x00000e9b      0x127 /cygdrive/C/cygwin/GNUARM/bin/../lib/gcc/arm-elf/4.0.2/../../../../arm-elf/lib/thumb/interwork/libc.a(memcpy.o)
 .debug_loc     0x00000fc2      0x12a /cygdrive/C/cygwin/GNUARM/bin/../lib/gcc/arm-elf/4.0.2/../../../../arm-elf/lib/thumb/interwork/libc.a(memset.o)
 .debug_loc     0x000010ec       0x8e /cygdrive/C/cygwin/GNUARM/bin/../lib/gcc/arm-elf/4.0.2/../../../../arm-elf/lib/thumb/interwork/libc.a(strcmp.o)
 .debug_loc     0x0000117a       0xb4 /cygdrive/C/cygwin/GNUARM/bin/../lib/gcc/arm-elf/4.0.2/../../../../arm-elf/lib/thumb/interwork/libc.a(strcpy.o)
 .debug_loc     0x0000122e       0x3c /cygdrive/C/cygwin/GNUARM/bin/../lib/gcc/arm-elf/4.0.2/../../../../arm-elf/lib/thumb/interwork/libc.a(strlen.o)
 .debug_loc     0x0000126a      0x156 /cygdrive/C/cygwin/GNUARM/bin/../lib/gcc/arm-elf/4.0.2/../../../../arm-elf/lib/thumb/interwork/libc.a(strncpy.o)

.debug_pubnames
                0x00000000      0x10d
 .debug_pubnames
                0x00000000       0x1f /cygdrive/C/cygwin/GNUARM/bin/../lib/gcc/arm-elf/4.0.2/thumb/interwork/libgcc.a(_muldi3.o)
 .debug_pubnames
                0x0000001f       0x1f /cygdrive/C/cygwin/GNUARM/bin/../lib/gcc/arm-elf/4.0.2/thumb/interwork/libgcc.a(_divdi3.o)
 .debug_pubnames
                0x0000003e       0x20 /cygdrive/C/cygwin/GNUARM/bin/../lib/gcc/arm-elf/4.0.2/thumb/interwork/libgcc.a(_clz.o)
 .debug_pubnames
                0x0000005e       0x1d /cygdrive/C/cygwin/GNUARM/bin/../lib/gcc/arm-elf/4.0.2/../../../../arm-elf/lib/thumb/interwork/libc.a(memcpy.o)
 .debug_pubnames
                0x0000007b       0x1d /cygdrive/C/cygwin/GNUARM/bin/../lib/gcc/arm-elf/4.0.2/../../../../arm-elf/lib/thumb/interwork/libc.a(memset.o)
 .debug_pubnames
                0x00000098       0x1d /cygdrive/C/cygwin/GNUARM/bin/../lib/gcc/arm-elf/4.0.2/../../../../arm-elf/lib/thumb/interwork/libc.a(strcmp.o)
 .debug_pubnames
                0x000000b5       0x1d /cygdrive/C/cygwin/GNUARM/bin/../lib/gcc/arm-elf/4.0.2/../../../../arm-elf/lib/thumb/interwork/libc.a(strcpy.o)
 .debug_pubnames
                0x000000d2       0x1d /cygdrive/C/cygwin/GNUARM/bin/../lib/gcc/arm-elf/4.0.2/../../../../arm-elf/lib/thumb/interwork/libc.a(strlen.o)
 .debug_pubnames
                0x000000ef       0x1e /cygdrive/C/cygwin/GNUARM/bin/../lib/gcc/arm-elf/4.0.2/../../../../arm-elf/lib/thumb/interwork/libc.a(strncpy.o)

.debug_ranges   0x00000000      0x1d8
 .debug_ranges  0x00000000       0x30 /cygdrive/C/cygwin/GNUARM/bin/../lib/gcc/arm-elf/4.0.2/thumb/interwork/libgcc.a(_muldi3.o)
 .debug_ranges  0x00000030      0x1a8 /cygdrive/C/cygwin/GNUARM/bin/../lib/gcc/arm-elf/4.0.2/thumb/interwork/libgcc.a(_divdi3.o)

.debug_str      0x00000000      0x38b
 .debug_str     0x00000000       0xfb /cygdrive/C/cygwin/GNUARM/bin/../lib/gcc/arm-elf/4.0.2/thumb/interwork/libgcc.a(_muldi3.o)
                                0x14f (size before relaxing)
 .debug_str     0x000000fb       0x5d /cygdrive/C/cygwin/GNUARM/bin/../lib/gcc/arm-elf/4.0.2/thumb/interwork/libgcc.a(_divdi3.o)
                                0x1a3 (size before relaxing)
 .debug_str     0x00000158        0x0 /cygdrive/C/cygwin/GNUARM/bin/../lib/gcc/arm-elf/4.0.2/thumb/interwork/libgcc.a(_clz.o)
                                0x104 (size before relaxing)
 .debug_str     0x00000158       0xb3 /cygdrive/C/cygwin/GNUARM/bin/../lib/gcc/arm-elf/4.0.2/../../../../arm-elf/lib/thumb/interwork/libc.a(memcpy.o)
                                 0xdf (size before relaxing)
 .debug_str     0x0000020b       0x5a /cygdrive/C/cygwin/GNUARM/bin/../lib/gcc/arm-elf/4.0.2/../../../../arm-elf/lib/thumb/interwork/libc.a(memset.o)
                                0x129 (size before relaxing)
 .debug_str     0x00000265       0x46 /cygdrive/C/cygwin/GNUARM/bin/../lib/gcc/arm-elf/4.0.2/../../../../arm-elf/lib/thumb/interwork/libc.a(strcmp.o)
                                0x10e (size before relaxing)
 .debug_str     0x000002ab       0x46 /cygdrive/C/cygwin/GNUARM/bin/../lib/gcc/arm-elf/4.0.2/../../../../arm-elf/lib/thumb/interwork/libc.a(strcpy.o)
                                0x130 (size before relaxing)
 .debug_str     0x000002f1       0x4c /cygdrive/C/cygwin/GNUARM/bin/../lib/gcc/arm-elf/4.0.2/../../../../arm-elf/lib/thumb/interwork/libc.a(strlen.o)
                                0x128 (size before relaxing)
 .debug_str     0x0000033d       0x4e /cygdrive/C/cygwin/GNUARM/bin/../lib/gcc/arm-elf/4.0.2/../../../../arm-elf/lib/thumb/interwork/libc.a(strncpy.o)
                                0x13f (size before relaxing)

Cross Reference Table

Symbol                                            File
A_D                                               build/balancer_param.o
                                                  ../../nxtOSEK/ecrobot/../ecrobot/libnxtway_gs_balancer.a(balancer.o)
A_R                                               build/balancer_param.o