Archive member included because of file (symbol)

/cygdrive/c/cygwin/nxtOSEK/ecrobot/../ecrobot/libecrobot.a(ecrobot_interface.o)
                              build/sample.o (ecrobot_set_light_sensor_active)
/cygdrive/c/cygwin/nxtOSEK/ecrobot/../ecrobot/libecrobot.a(colorsensor.o)
                              /cygdrive/c/cygwin/nxtOSEK/ecrobot/../ecrobot/libecrobot.a(ecrobot_interface.o) (colorsensor_init)
/cygdrive/c/cygwin/nxtOSEK/ecrobot/../ecrobot/libecrobot.a(osek_hook.o)
                              build/kernel/osctl.o (StartupHook)
/cygdrive/c/cygwin/nxtOSEK/ecrobot/../ecrobot/libecrobot.a(uart.oram)
                              build/config/at91sam7s-gnu/irq.oram (uart_isr_C_0)
/cygdrive/c/cygwin/nxtOSEK/ecrobot/../ecrobot/libecrobot.a(systick.oram)
                              build/syslib/at91sam7s-gnu/lego_nxt/hw_sys_timer.oram (systick_low_priority_C)
/cygdrive/c/cygwin/nxtOSEK/ecrobot/../ecrobot/libecrobot.a(byte_fifo.oram)
                              /cygdrive/c/cygwin/nxtOSEK/ecrobot/../ecrobot/libecrobot.a(uart.oram) (byte_fifo_put)
/cygdrive/c/cygwin/nxtOSEK/ecrobot/../ecrobot/libecrobot.a(aic.oram)
                              /cygdrive/c/cygwin/nxtOSEK/ecrobot/../ecrobot/libecrobot.a(uart.oram) (aic_set_vector)
/cygdrive/c/cygwin/nxtOSEK/ecrobot/../ecrobot/libecrobot.a(udp.oram)
                              build/config/at91sam7s-gnu/irq.oram (udp_isr_C)
/cygdrive/c/cygwin/nxtOSEK/ecrobot/../ecrobot/libecrobot.a(twi.oram)
                              build/config/at91sam7s-gnu/irq.oram (twi_isr_C)
/cygdrive/c/cygwin/nxtOSEK/ecrobot/../ecrobot/libecrobot.a(nxt_spi.oram)
                              build/config/at91sam7s-gnu/irq.oram (spi_isr_C)
/cygdrive/c/cygwin/nxtOSEK/ecrobot/../ecrobot/libecrobot.a(nxt_motors.oram)
                              build/sample.o (nxt_motor_get_count)
/cygdrive/c/cygwin/nxtOSEK/ecrobot/../ecrobot/libecrobot.a(data_abort.oram)
                              build/ecrobot_init.o (data_abort_C)
/cygdrive/c/cygwin/nxtOSEK/ecrobot/../ecrobot/libecrobot.a(display.oram)
                              build/ecrobot_base.o (display_update)
/cygdrive/c/cygwin/nxtOSEK/ecrobot/../ecrobot/libecrobot.a(i2c.oram)
                              build/config/at91sam7s-gnu/irq.oram (i2c_timer_isr_C)
/cygdrive/c/cygwin/nxtOSEK/ecrobot/../ecrobot/libecrobot.a(sound.oram)
                              /cygdrive/c/cygwin/nxtOSEK/ecrobot/../ecrobot/libecrobot.a(ecrobot_interface.o) (sound_get_time)
/cygdrive/c/cygwin/nxtOSEK/ecrobot/../ecrobot/libecrobot.a(bt.oram)
                              build/ecrobot_bluetooth.o (bt_send)
/cygdrive/c/cygwin/nxtOSEK/ecrobot/../ecrobot/libecrobot.a(nxt_avr.oram)
                              build/ecrobot_base.o (nxt_avr_power_down)
/cygdrive/c/cygwin/nxtOSEK/ecrobot/../ecrobot/libecrobot.a(sensors.oram)
                              /cygdrive/c/cygwin/nxtOSEK/ecrobot/../ecrobot/libecrobot.a(ecrobot_interface.o) (unset_digi0)
/cygdrive/c/cygwin/nxtOSEK/ecrobot/../ecrobot/libecrobot.a(sensors1.oram)
                              /cygdrive/c/cygwin/nxtOSEK/ecrobot/../ecrobot/libecrobot.a(colorsensor.o) (sensor_pins)
/cygdrive/c/cygwin/nxtOSEK/ecrobot/../ecrobot/libecrobot.a(nxt_lcd.oram)
                              /cygdrive/c/cygwin/nxtOSEK/ecrobot/../ecrobot/libecrobot.a(display.oram) (nxt_lcd_force_update)
/cygdrive/c/cygwin/nxtOSEK/ecrobot/../ecrobot/libecrobot.a(flash_loader.oram)
                              build/ecrobot_base.o (set_flash_request)
/cygdrive/c/cygwin/nxtOSEK/ecrobot/../ecrobot/libecrobot.a(interrupts.oram)
                              /cygdrive/c/cygwin/nxtOSEK/ecrobot/../ecrobot/libecrobot.a(uart.oram) (interrupts_get_and_disable)
/cygdrive/c/cygwin/nxtOSEK/ecrobot/../ecrobot/libecrobot.a(nxtosek_splash.obmp)
                              build/ecrobot_base.o (nxtosek_splash_bmp_start)
/cygdrive/c/cygwin/nxtOSEK/ecrobot/../ecrobot/libecrobot.a(ecrobot_usb.o)
                              /cygdrive/c/cygwin/nxtOSEK/ecrobot/../ecrobot/libecrobot.a(flash_loader.oram) (ecrobot_init_usb)
/cygdrive/c/cygwin/nxtOSEK/ecrobot/../ecrobot/libecrobot.a(flashprog.oram)
                              /cygdrive/c/cygwin/nxtOSEK/ecrobot/../ecrobot/libecrobot.a(flash_loader.oram) (flash_write_page)
/cygdrive/C/cygwin/GNUARM/bin/../lib/gcc/arm-elf/4.0.2/thumb/interwork/libgcc.a(_udivsi3.o)
                              build/ecrobot_base.o (__udivsi3)
/cygdrive/C/cygwin/GNUARM/bin/../lib/gcc/arm-elf/4.0.2/thumb/interwork/libgcc.a(_divsi3.o)
                              build/sample.o (__divsi3)
/cygdrive/C/cygwin/GNUARM/bin/../lib/gcc/arm-elf/4.0.2/thumb/interwork/libgcc.a(_umodsi3.o)
                              /cygdrive/c/cygwin/nxtOSEK/ecrobot/../ecrobot/libecrobot.a(display.oram) (__umodsi3)
/cygdrive/C/cygwin/GNUARM/bin/../lib/gcc/arm-elf/4.0.2/thumb/interwork/libgcc.a(_modsi3.o)
                              /cygdrive/c/cygwin/nxtOSEK/ecrobot/../ecrobot/libecrobot.a(sound.oram) (__modsi3)
[...]
Memory Configuration

Name             Origin             Length             Attributes
rom              0x00108000         0x00038000
vector_ram       0x00200000         0x00000040
ram              0x00200040         0x0000ffc0
*default*        0x00000000         0xffffffff

Linker script and memory map

LOAD build/kernel/alarm.o
LOAD build/kernel/event.o
LOAD build/kernel/interrupt.o
LOAD build/kernel/osctl.o
LOAD build/kernel/resource.o
LOAD build/kernel/task.o
LOAD build/kernel/task_manage.o
LOAD build/config/at91sam7s-gnu/cpu_config.o
LOAD build/config/at91sam7s-gnu/lego_nxt/sys_config.o
LOAD build/./kernel_cfg.o
LOAD build/syscalls.o
LOAD build/ecrobot_bluetooth.o
LOAD build/ecrobot_base.o
LOAD build/ecrobot.o
LOAD build/balancer_param.o
LOAD build/sample.o
LOAD build/logSend.o
LOAD build/syslib/at91sam7s-gnu/lego_nxt/hw_sys_timer.oram
LOAD build/nxtvm/platform/nxt/vectors.o
LOAD build/config/at91sam7s-gnu/debug.o
LOAD build/config/at91sam7s-gnu/lego_nxt/sys_support.o
LOAD build/nxt_binary_header.o
LOAD build/nxt_entry_point.o
LOAD build/ecrobot_init.o
LOAD build/config/at91sam7s-gnu/cpu_support.oram
LOAD build/config/at91sam7s-gnu/irq.oram
LOAD /cygdrive/c/cygwin/nxtOSEK/ecrobot/../c++/liblejososek.a
LOAD /cygdrive/c/cygwin/nxtOSEK/ecrobot/../ecrobot/libecrobot.a
LOAD /cygdrive/c/cygwin/nxtOSEK/ecrobot/../ecrobot/libnxtway_gs_balancer.a
LOAD /cygdrive/C/cygwin/GNUARM/bin/../lib/gcc/arm-elf/4.0.2/../../../../arm-elf/lib/thumb/interwork/libstdc++.a
LOAD /cygdrive/C/cygwin/GNUARM/bin/../lib/gcc/arm-elf/4.0.2/../../../../arm-elf/lib/thumb/interwork/libm.a
LOAD /cygdrive/C/cygwin/GNUARM/bin/../lib/gcc/arm-elf/4.0.2/thumb/interwork/libgcc.a
LOAD /cygdrive/C/cygwin/GNUARM/bin/../lib/gcc/arm-elf/4.0.2/../../../../arm-elf/lib/thumb/interwork/libc.a
LOAD /cygdrive/C/cygwin/GNUARM/bin/../lib/gcc/arm-elf/4.0.2/thumb/interwork/libgcc.a
                0x00108000                ROM_BASE = 0x108000
                0x00038000                ROM_SIZE = 0x38000
                0x00200000                RAM_BASE = 0x200000
                0x00010000                RAM_SIZE = 0x10000

.vectors        0x00200000       0x40 load address 0x00108000
 vectors.o(*.text *.text.*)
 .text          0x00200000       0x38 build/nxtvm/platform/nxt/vectors.o
                0x00200040                . = ALIGN (0x10)
 *fill*         0x00200038        0x8 00
                0x00200000                __vectors_ram_start__ = ADDR (.vectors)
                0x00200040                __vectors_ram_end__ = (ADDR (.vectors) + SIZEOF (.vectors))
                0x00108000                __vectors_load_start__ = LOADADDR (.vectors)
                0x00108040                __vectors_load_end__ = (LOADADDR (.vectors) + SIZEOF (.vectors))

.init           0x00108040      0x280
 *ecrobot_init.o(*.text *.text.*)
 .text          0x00108040      0x280 build/ecrobot_init.o
                0x001081ac                undef_handler
                0x001081b4                prefetch_abort_handler
                0x001081b8                data_abort_handler
                0x001081b0                swi_handler
                0x00108040                start
                0x001081d4                reserved_handler
                0x001082c0                . = ALIGN (0x10)

.ram_text       0x00200040     0x3480 load address 0x001082c0
                0x00200040                . = ALIGN (0x10)
 *.oram(*.text *.text.* *.glue*)
 .text.systick_isr_C1
                0x00200040       0x28 build/syslib/at91sam7s-gnu/lego_nxt/hw_sys_timer.oram
                0x00200040                systick_isr_C1
 *fill*         0x00200068        0x8 00
 .text          0x00200070      0x230 build/config/at91sam7s-gnu/cpu_support.oram
                0x00200250                enable_int
                0x002000f0                start_dispatch
                0x002000b0                activate_r
                0x00200248                disable_int
                0x00200070                dispatch
                0x0020021c                int_return
                0x002001ac                _interrupt
                0x002000e0                exit_and_dispatch
                0x00200258                nop
 .text          0x002002a0      0x2c0 build/config/at91sam7s-gnu/irq.oram
                0x002002a0                default_isr
                0x0020042c                uart_isr_entry_0
                0x002003ac                twi_isr_entry
                0x0020046c                uart_isr_entry_1
                0x0020036c                spi_isr_entry
                0x002002ec                systick_low_priority_entry
                0x002004ac                nxt_motor_isr_entry
                0x002004ec                i2c_timer_isr_entry
                0x002002a0                default_fiq
                0x002002a4                systick_isr_entry
                0x002002a0                spurious_isr
                0x002003ec                sound_isr_entry
                0x0020032c                udp_isr_entry
 .text.uart_process_isr
                0x00200560       0x88 /cygdrive/c/cygwin/nxtOSEK/ecrobot/../ecrobot/libecrobot.a(uart.oram)
 .text.uart_isr_C_0
                0x002005e8        0xc /cygdrive/c/cygwin/nxtOSEK/ecrobot/../ecrobot/libecrobot.a(uart.oram)
                0x002005e8                uart_isr_C_0
 .text.uart_isr_C_1
                0x002005f4        0xc /cygdrive/c/cygwin/nxtOSEK/ecrobot/../ecrobot/libecrobot.a(uart.oram)
                0x002005f4                uart_isr_C_1
 .text.systick_low_priority_C
                0x00200600       0x1c /cygdrive/c/cygwin/nxtOSEK/ecrobot/../ecrobot/libecrobot.a(systick.oram)
                0x00200600                systick_low_priority_C
 .text.systick_isr_C
                0x0020061c       0x24 /cygdrive/c/cygwin/nxtOSEK/ecrobot/../ecrobot/libecrobot.a(systick.oram)
                0x0020061c                systick_isr_C
 .text.systick_get_ms
                0x00200640        0xc /cygdrive/c/cygwin/nxtOSEK/ecrobot/../ecrobot/libecrobot.a(systick.oram)
                0x00200640                systick_get_ms
 .text.systick_wait_ms
                0x0020064c       0x1c /cygdrive/c/cygwin/nxtOSEK/ecrobot/../ecrobot/libecrobot.a(systick.oram)
                0x0020064c                systick_wait_ms
 .text.systick_wait_ns
                0x00200668       0x1c /cygdrive/c/cygwin/nxtOSEK/ecrobot/../ecrobot/libecrobot.a(systick.oram)
                0x00200668                systick_wait_ns
 .text.systick_init
                0x00200684       0x58 /cygdrive/c/cygwin/nxtOSEK/ecrobot/../ecrobot/libecrobot.a(systick.oram)
                0x00200684                systick_init
 .text.systick_suspend
                0x002006dc        0xc /cygdrive/c/cygwin/nxtOSEK/ecrobot/../ecrobot/libecrobot.a(systick.oram)
                0x002006dc                systick_suspend
 .text.systick_resume
                0x002006e8        0xc /cygdrive/c/cygwin/nxtOSEK/ecrobot/../ecrobot/libecrobot.a(systick.oram)
                0x002006e8                systick_resume
 .text.byte_fifo_put
                0x002006f4       0x58 /cygdrive/c/cygwin/nxtOSEK/ecrobot/../ecrobot/libecrobot.a(byte_fifo.oram)
                0x002006f4                byte_fifo_put
 .text.byte_fifo_get
                0x0020074c       0x2c /cygdrive/c/cygwin/nxtOSEK/ecrobot/../ecrobot/libecrobot.a(byte_fifo.oram)
                0x0020074c                byte_fifo_get
 .text.aic_initialise
                0x00200778       0x5c /cygdrive/c/cygwin/nxtOSEK/ecrobot/../ecrobot/libecrobot.a(aic.oram)
                0x00200778                aic_initialise
 .text.aic_set_vector
                0x002007d4       0x30 /cygdrive/c/cygwin/nxtOSEK/ecrobot/../ecrobot/libecrobot.a(aic.oram)
                0x002007d4                aic_set_vector
 .text.aic_mask_on
                0x00200804       0x24 /cygdrive/c/cygwin/nxtOSEK/ecrobot/../ecrobot/libecrobot.a(aic.oram)
                0x00200804                aic_mask_on
 .text.aic_mask_off
                0x00200828       0x24 /cygdrive/c/cygwin/nxtOSEK/ecrobot/../ecrobot/libecrobot.a(aic.oram)
                0x00200828                aic_mask_off
 .text.aic_clear
                0x0020084c       0x24 /cygdrive/c/cygwin/nxtOSEK/ecrobot/../ecrobot/libecrobot.a(aic.oram)
                0x0020084c                aic_clear
 .text.reset    0x00200870       0x4c /cygdrive/c/cygwin/nxtOSEK/ecrobot/../ecrobot/libecrobot.a(udp.oram)
 .text.udp_send_null
                0x002008bc       0x2c /cygdrive/c/cygwin/nxtOSEK/ecrobot/../ecrobot/libecrobot.a(udp.oram)
 .text.udp_send_stall
                0x002008e8       0x2c /cygdrive/c/cygwin/nxtOSEK/ecrobot/../ecrobot/libecrobot.a(udp.oram)
 .text.udp_send_control
                0x00200914       0x60 /cygdrive/c/cygwin/nxtOSEK/ecrobot/../ecrobot/libecrobot.a(udp.oram)
 .text.udp_isr_C
                0x00200974      0x7d0 /cygdrive/c/cygwin/nxtOSEK/ecrobot/../ecrobot/libecrobot.a(udp.oram)
                0x00200974                udp_isr_C
 .text.twi_status
                0x00201144       0x20 /cygdrive/c/cygwin/nxtOSEK/ecrobot/../ecrobot/libecrobot.a(twi.oram)
                0x00201144                twi_status
 .text.twi_isr_C
                0x00201164       0xc4 /cygdrive/c/cygwin/nxtOSEK/ecrobot/../ecrobot/libecrobot.a(twi.oram)
                0x00201164                twi_isr_C
 .text.twi_reset
                0x00201228       0xb4 /cygdrive/c/cygwin/nxtOSEK/ecrobot/../ecrobot/libecrobot.a(twi.oram)
                0x00201228                twi_reset
 .text.twi_init
                0x002012dc       0x4c /cygdrive/c/cygwin/nxtOSEK/ecrobot/../ecrobot/libecrobot.a(twi.oram)
                0x002012dc                twi_init
 .text.twi_start_read
                0x00201328       0x60 /cygdrive/c/cygwin/nxtOSEK/ecrobot/../ecrobot/libecrobot.a(twi.oram)
                0x00201328                twi_start_read
 .text.twi_start_write
                0x00201388       0x64 /cygdrive/c/cygwin/nxtOSEK/ecrobot/../ecrobot/libecrobot.a(twi.oram)
                0x00201388                twi_start_write
 .text.spi_set_mode
                0x002013ec       0x40 /cygdrive/c/cygwin/nxtOSEK/ecrobot/../ecrobot/libecrobot.a(nxt_spi.oram)
 .text.spi_isr_C
                0x0020142c       0x8c /cygdrive/c/cygwin/nxtOSEK/ecrobot/../ecrobot/libecrobot.a(nxt_spi.oram)
                0x0020142c                spi_isr_C
 .text.nxt_spi_init
                0x002014b8      0x12c /cygdrive/c/cygwin/nxtOSEK/ecrobot/../ecrobot/libecrobot.a(nxt_spi.oram)
                0x002014b8                nxt_spi_init
 .text.nxt_spi_write
                0x002015e4       0x44 /cygdrive/c/cygwin/nxtOSEK/ecrobot/../ecrobot/libecrobot.a(nxt_spi.oram)
                0x002015e4                nxt_spi_write
 .text.nxt_spi_set_display
                0x00201628       0x10 /cygdrive/c/cygwin/nxtOSEK/ecrobot/../ecrobot/libecrobot.a(nxt_spi.oram)
                0x00201628                nxt_spi_set_display
 .text.nxt_spi_refresh
                0x00201638       0x24 /cygdrive/c/cygwin/nxtOSEK/ecrobot/../ecrobot/libecrobot.a(nxt_spi.oram)
                0x00201638                nxt_spi_refresh
 .text.nxt_motor_get_count
                0x0020165c       0x14 /cygdrive/c/cygwin/nxtOSEK/ecrobot/../ecrobot/libecrobot.a(nxt_motors.oram)
                0x0020165c                nxt_motor_get_count
 .text.nxt_motor_set_count
                0x00201670       0x10 /cygdrive/c/cygwin/nxtOSEK/ecrobot/../ecrobot/libecrobot.a(nxt_motors.oram)
                0x00201670                nxt_motor_set_count
 .text.nxt_motor_1kHz_process
                0x00201680       0x28 /cygdrive/c/cygwin/nxtOSEK/ecrobot/../ecrobot/libecrobot.a(nxt_motors.oram)
                0x00201680                nxt_motor_1kHz_process
 .text.nxt_motor_quad_decode
                0x002016a8       0x30 /cygdrive/c/cygwin/nxtOSEK/ecrobot/../ecrobot/libecrobot.a(nxt_motors.oram)
                0x002016a8                nxt_motor_quad_decode
 .text.nxt_motor_isr_C
                0x002016d8       0x88 /cygdrive/c/cygwin/nxtOSEK/ecrobot/../ecrobot/libecrobot.a(nxt_motors.oram)
                0x002016d8                nxt_motor_isr_C
 .text.nxt_motor_init
                0x00201760       0x68 /cygdrive/c/cygwin/nxtOSEK/ecrobot/../ecrobot/libecrobot.a(nxt_motors.oram)
                0x00201760                nxt_motor_init
 .text.data_abort_C
                0x002017c8       0x7c /cygdrive/c/cygwin/nxtOSEK/ecrobot/../ecrobot/libecrobot.a(data_abort.oram)
                0x002017c8                data_abort_C
 .text.display_update
                0x00201844       0x14 /cygdrive/c/cygwin/nxtOSEK/ecrobot/../ecrobot/libecrobot.a(display.oram)
                0x00201844                display_update
 .text.display_force_update
                0x00201858        0xc /cygdrive/c/cygwin/nxtOSEK/ecrobot/../ecrobot/libecrobot.a(display.oram)
                0x00201858                display_force_update
 .text.display_clear
                0x00201864       0x24 /cygdrive/c/cygwin/nxtOSEK/ecrobot/../ecrobot/libecrobot.a(display.oram)
                0x00201864                display_clear
 .text.display_goto_xy
                0x00201888       0x14 /cygdrive/c/cygwin/nxtOSEK/ecrobot/../ecrobot/libecrobot.a(display.oram)
                0x00201888                display_goto_xy
 .text.display_char
                0x0020189c       0x60 /cygdrive/c/cygwin/nxtOSEK/ecrobot/../ecrobot/libecrobot.a(display.oram)
                0x0020189c                display_char
 .text.display_string
                0x002018fc       0x3c /cygdrive/c/cygwin/nxtOSEK/ecrobot/../ecrobot/libecrobot.a(display.oram)
                0x002018fc                display_string
 .text.display_hex
                0x00201938       0x50 /cygdrive/c/cygwin/nxtOSEK/ecrobot/../ecrobot/libecrobot.a(display.oram)
                0x00201938                display_hex
 .text.display_unsigned_worker
                0x00201988       0x70 /cygdrive/c/cygwin/nxtOSEK/ecrobot/../ecrobot/libecrobot.a(display.oram)
 .text.display_unsigned
                0x002019f8        0xc /cygdrive/c/cygwin/nxtOSEK/ecrobot/../ecrobot/libecrobot.a(display.oram)
                0x002019f8                display_unsigned
 .text.display_bitmap_copy
                0x00201a04       0x5c /cygdrive/c/cygwin/nxtOSEK/ecrobot/../ecrobot/libecrobot.a(display.oram)
                0x00201a04                display_bitmap_copy
 .text.display_init
                0x00201a60       0x50 /cygdrive/c/cygwin/nxtOSEK/ecrobot/../ecrobot/libecrobot.a(display.oram)
                0x00201a60                display_init
 .text.i2c_timer_isr_C
                0x00201ab0      0x314 /cygdrive/c/cygwin/nxtOSEK/ecrobot/../ecrobot/libecrobot.a(i2c.oram)
                0x00201ab0                i2c_timer_isr_C
 .text.i2c_disable
                0x00201dc4       0x20 /cygdrive/c/cygwin/nxtOSEK/ecrobot/../ecrobot/libecrobot.a(i2c.oram)
                0x00201dc4                i2c_disable
 .text.i2c_enable
                0x00201de4       0x40 /cygdrive/c/cygwin/nxtOSEK/ecrobot/../ecrobot/libecrobot.a(i2c.oram)
                0x00201de4                i2c_enable
 .text.i2c_init
                0x00201e24       0xa4 /cygdrive/c/cygwin/nxtOSEK/ecrobot/../ecrobot/libecrobot.a(i2c.oram)
                0x00201e24                i2c_init
 .text.set_vol  0x00201ec8       0xa4 /cygdrive/c/cygwin/nxtOSEK/ecrobot/../ecrobot/libecrobot.a(sound.oram)
 .text.sound_fill_sample_buffer
                0x00201f6c       0xe4 /cygdrive/c/cygwin/nxtOSEK/ecrobot/../ecrobot/libecrobot.a(sound.oram)
                0x00201f6c                sound_fill_sample_buffer
 .text.sound_freq_vol
                0x00202050      0x1e4 /cygdrive/c/cygwin/nxtOSEK/ecrobot/../ecrobot/libecrobot.a(sound.oram)
                0x00202050                sound_freq_vol
 .text.sound_init
                0x00202234       0xa0 /cygdrive/c/cygwin/nxtOSEK/ecrobot/../ecrobot/libecrobot.a(sound.oram)
                0x00202234                sound_init
 .text.sound_isr_C
                0x002022d4      0x144 /cygdrive/c/cygwin/nxtOSEK/ecrobot/../ecrobot/libecrobot.a(sound.oram)
                0x002022d4                sound_isr_C
 .text.bt_init  0x00202418      0x1c0 /cygdrive/c/cygwin/nxtOSEK/ecrobot/../ecrobot/libecrobot.a(bt.oram)
                0x00202418                bt_init
 .text.bt_send  0x002025d8       0x5c /cygdrive/c/cygwin/nxtOSEK/ecrobot/../ecrobot/libecrobot.a(bt.oram)
                0x002025d8                bt_send
 .text.bt_clear_arm7_cmd
                0x00202634       0x10 /cygdrive/c/cygwin/nxtOSEK/ecrobot/../ecrobot/libecrobot.a(bt.oram)
                0x00202634                bt_clear_arm7_cmd
 .text.bt_set_arm7_cmd
                0x00202644       0x10 /cygdrive/c/cygwin/nxtOSEK/ecrobot/../ecrobot/libecrobot.a(bt.oram)
                0x00202644                bt_set_arm7_cmd
 .text.bt_receive
                0x00202654      0x160 /cygdrive/c/cygwin/nxtOSEK/ecrobot/../ecrobot/libecrobot.a(bt.oram)
                0x00202654                bt_receive
 .text.bt_reset
                0x002027b4       0x84 /cygdrive/c/cygwin/nxtOSEK/ecrobot/../ecrobot/libecrobot.a(bt.oram)
                0x002027b4                bt_reset
 .text.nxt_avr_power_down
                0x00202838       0x10 /cygdrive/c/cygwin/nxtOSEK/ecrobot/../ecrobot/libecrobot.a(nxt_avr.oram)
                0x00202838                nxt_avr_power_down
 .text.nxt_avr_link_init
                0x00202848       0x20 /cygdrive/c/cygwin/nxtOSEK/ecrobot/../ecrobot/libecrobot.a(nxt_avr.oram)
                0x00202848                nxt_avr_link_init
 .text.nxt_avr_init
                0x00202868       0x6c /cygdrive/c/cygwin/nxtOSEK/ecrobot/../ecrobot/libecrobot.a(nxt_avr.oram)
                0x00202868                nxt_avr_init
 .text.nxt_avr_1kHz_update
                0x002028d4      0x1cc /cygdrive/c/cygwin/nxtOSEK/ecrobot/../ecrobot/libecrobot.a(nxt_avr.oram)
                0x002028d4                nxt_avr_1kHz_update
 .text.buttons_get
                0x00202aa0        0xc /cygdrive/c/cygwin/nxtOSEK/ecrobot/../ecrobot/libecrobot.a(nxt_avr.oram)
                0x00202aa0                buttons_get
 .text.battery_voltage
                0x00202aac       0x28 /cygdrive/c/cygwin/nxtOSEK/ecrobot/../ecrobot/libecrobot.a(nxt_avr.oram)
                0x00202aac                battery_voltage
 .text.nxt_avr_set_input_power
                0x00202ad4       0x3c /cygdrive/c/cygwin/nxtOSEK/ecrobot/../ecrobot/libecrobot.a(nxt_avr.oram)
                0x00202ad4                nxt_avr_set_input_power
 .text.unset_digi0
                0x00202b10       0x44 /cygdrive/c/cygwin/nxtOSEK/ecrobot/../ecrobot/libecrobot.a(sensors.oram)
                0x00202b10                unset_digi0
 .text.unset_digi1
                0x00202b54       0x44 /cygdrive/c/cygwin/nxtOSEK/ecrobot/../ecrobot/libecrobot.a(sensors.oram)
                0x00202b54                unset_digi1
 .text.init_sensors
                0x00202b98       0x4c /cygdrive/c/cygwin/nxtOSEK/ecrobot/../ecrobot/libecrobot.a(sensors.oram)
                0x00202b98                init_sensors
 .text.set_digi0
                0x00202be4       0x44 /cygdrive/c/cygwin/nxtOSEK/ecrobot/../ecrobot/libecrobot.a(sensors.oram)
                0x00202be4                set_digi0
 .text.nxt_lcd_command
                0x00202c28       0x18 /cygdrive/c/cygwin/nxtOSEK/ecrobot/../ecrobot/libecrobot.a(nxt_lcd.oram)
                0x00202c28                nxt_lcd_command
 .text.nxt_lcd_set_col
                0x00202c40       0x24 /cygdrive/c/cygwin/nxtOSEK/ecrobot/../ecrobot/libecrobot.a(nxt_lcd.oram)
                0x00202c40                nxt_lcd_set_col
 .text.nxt_lcd_set_multiplex_rate
                0x00202c64       0x18 /cygdrive/c/cygwin/nxtOSEK/ecrobot/../ecrobot/libecrobot.a(nxt_lcd.oram)
                0x00202c64                nxt_lcd_set_multiplex_rate
 .text.nxt_lcd_set_page_address
                0x00202c7c       0x18 /cygdrive/c/cygwin/nxtOSEK/ecrobot/../ecrobot/libecrobot.a(nxt_lcd.oram)
                0x00202c7c                nxt_lcd_set_page_address
 .text.nxt_lcd_set_pot
                0x00202c94       0x1c /cygdrive/c/cygwin/nxtOSEK/ecrobot/../ecrobot/libecrobot.a(nxt_lcd.oram)
                0x00202c94                nxt_lcd_set_pot
 .text.nxt_lcd_set_ram_address_control
                0x00202cb0       0x18 /cygdrive/c/cygwin/nxtOSEK/ecrobot/../ecrobot/libecrobot.a(nxt_lcd.oram)
                0x00202cb0                nxt_lcd_set_ram_address_control
 .text.nxt_lcd_enable
                0x00202cc8       0x14 /cygdrive/c/cygwin/nxtOSEK/ecrobot/../ecrobot/libecrobot.a(nxt_lcd.oram)
                0x00202cc8                nxt_lcd_enable
 .text.nxt_lcd_set_map_control
                0x00202cdc       0x18 /cygdrive/c/cygwin/nxtOSEK/ecrobot/../ecrobot/libecrobot.a(nxt_lcd.oram)
                0x00202cdc                nxt_lcd_set_map_control
 .text.nxt_lcd_reset
                0x00202cf4        0xc /cygdrive/c/cygwin/nxtOSEK/ecrobot/../ecrobot/libecrobot.a(nxt_lcd.oram)
                0x00202cf4                nxt_lcd_reset
 .text.nxt_lcd_set_bias_ratio
                0x00202d00       0x18 /cygdrive/c/cygwin/nxtOSEK/ecrobot/../ecrobot/libecrobot.a(nxt_lcd.oram)
                0x00202d00                nxt_lcd_set_bias_ratio
 .text.nxt_lcd_force_update
                0x00202d18       0x30 /cygdrive/c/cygwin/nxtOSEK/ecrobot/../ecrobot/libecrobot.a(nxt_lcd.oram)
                0x00202d18                nxt_lcd_force_update
 .text.nxt_lcd_update
                0x00202d48        0xc /cygdrive/c/cygwin/nxtOSEK/ecrobot/../ecrobot/libecrobot.a(nxt_lcd.oram)
                0x00202d48                nxt_lcd_update
 .text.nxt_lcd_power_up
                0x00202d54       0x48 /cygdrive/c/cygwin/nxtOSEK/ecrobot/../ecrobot/libecrobot.a(nxt_lcd.oram)
                0x00202d54                nxt_lcd_power_up
 .text.nxt_lcd_power_down
                0x00202d9c        0xc /cygdrive/c/cygwin/nxtOSEK/ecrobot/../ecrobot/libecrobot.a(nxt_lcd.oram)
                0x00202d9c                nxt_lcd_power_down
 .text.nxt_lcd_init
                0x00202da8       0x18 /cygdrive/c/cygwin/nxtOSEK/ecrobot/../ecrobot/libecrobot.a(nxt_lcd.oram)
                0x00202da8                nxt_lcd_init
 .text.verify_flash_page
                0x00202dc0       0x34 /cygdrive/c/cygwin/nxtOSEK/ecrobot/../ecrobot/libecrobot.a(flash_loader.oram)
 .text.set_flash_request
                0x00202df4       0x38 /cygdrive/c/cygwin/nxtOSEK/ecrobot/../ecrobot/libecrobot.a(flash_loader.oram)
                0x00202df4                set_flash_request
 .text.nxt_device_init
                0x00202e2c       0x38 /cygdrive/c/cygwin/nxtOSEK/ecrobot/../ecrobot/libecrobot.a(flash_loader.oram)
                0x00202e2c                nxt_device_init
 .text          0x00202e64       0x68 /cygdrive/c/cygwin/nxtOSEK/ecrobot/../ecrobot/libecrobot.a(interrupts.oram)
                0x00202ebc                fiq_enable
                0x00202e64                interrupts_get_and_disable
                0x00202e98                fiq_get_and_disable
                0x00202e88                interrupts_enable
 .text.flash_write_page
                0x00202ecc       0xc0 /cygdrive/c/cygwin/nxtOSEK/ecrobot/../ecrobot/libecrobot.a(flashprog.oram)
                0x00202ecc                flash_write_page
                0x00202f90                . = ALIGN (0x10)
 *fill*         0x00202f8c        0x4 00
 *.oram(*.rodata *.rodata.*)
 .rodata.ld     0x00202f90        0x4 /cygdrive/c/cygwin/nxtOSEK/ecrobot/../ecrobot/libecrobot.a(udp.oram)
 .rodata.cfd    0x00202f94       0x20 /cygdrive/c/cygwin/nxtOSEK/ecrobot/../ecrobot/libecrobot.a(udp.oram)
 .rodata.dd     0x00202fb4       0x12 /cygdrive/c/cygwin/nxtOSEK/ecrobot/../ecrobot/libecrobot.a(udp.oram)
 *fill*         0x00202fc6        0x2 00
 .rodata.str1.4
                0x00202fc8       0x22 /cygdrive/c/cygwin/nxtOSEK/ecrobot/../ecrobot/libecrobot.a(data_abort.oram)
                                 0x24 (size before relaxing)
 .rodata.font   0x00202fea      0x280 /cygdrive/c/cygwin/nxtOSEK/ecrobot/../ecrobot/libecrobot.a(display.oram)
 *fill*         0x0020326a        0x2 00
 .rodata.str1.4
                0x0020326c       0x76 /cygdrive/c/cygwin/nxtOSEK/ecrobot/../ecrobot/libecrobot.a(display.oram)
                                 0x78 (size before relaxing)
 *fill*         0x002032e2        0x2 00
 .rodata.i2c_pin
                0x002032e4       0x20 /cygdrive/c/cygwin/nxtOSEK/ecrobot/../ecrobot/libecrobot.a(i2c.oram)
 .rodata.i2c_timer_isr_C
                0x00203304       0x38 /cygdrive/c/cygwin/nxtOSEK/ecrobot/../ecrobot/libecrobot.a(i2c.oram)
 .rodata.logvol
                0x0020333c        0xc /cygdrive/c/cygwin/nxtOSEK/ecrobot/../ecrobot/libecrobot.a(sound.oram)
                0x0020333c                logvol
 .rodata.silence
                0x00203348       0x40 /cygdrive/c/cygwin/nxtOSEK/ecrobot/../ecrobot/libecrobot.a(sound.oram)
                0x00203348                silence
 .rodata.sine   0x00203388       0x10 /cygdrive/c/cygwin/nxtOSEK/ecrobot/../ecrobot/libecrobot.a(sound.oram)
                0x00203388                sine
 .rodata.sample_pattern
                0x00203398       0x84 /cygdrive/c/cygwin/nxtOSEK/ecrobot/../ecrobot/libecrobot.a(sound.oram)
                0x00203398                sample_pattern
 .rodata        0x0020341c        0xc /cygdrive/c/cygwin/nxtOSEK/ecrobot/../ecrobot/libecrobot.a(sound.oram)
 .rodata.avr_brainwash_string
                0x00203428       0x30 /cygdrive/c/cygwin/nxtOSEK/ecrobot/../ecrobot/libecrobot.a(nxt_avr.oram)
                0x00203428                avr_brainwash_string
 .rodata.nxt_avr_1kHz_update
                0x00203458       0x14 /cygdrive/c/cygwin/nxtOSEK/ecrobot/../ecrobot/libecrobot.a(nxt_avr.oram)
 .rodata.C.33.1823
                0x0020346c       0x10 /cygdrive/c/cygwin/nxtOSEK/ecrobot/../ecrobot/libecrobot.a(sensors.oram)
 .rodata.C.37.1857
                0x0020347c       0x10 /cygdrive/c/cygwin/nxtOSEK/ecrobot/../ecrobot/libecrobot.a(sensors.oram)
 .rodata.C.31.1806
                0x0020348c       0x10 /cygdrive/c/cygwin/nxtOSEK/ecrobot/../ecrobot/libecrobot.a(sensors.oram)
 .rodata.str1.4
                0x0020349c       0x23 /cygdrive/c/cygwin/nxtOSEK/ecrobot/../ecrobot/libecrobot.a(flash_loader.oram)
                                 0x24 (size before relaxing)
                0x002034c0                . = ALIGN (0x10)
 *fill*         0x002034bf        0x1 00
                0x00200040                __ramtext_ram_start__ = ADDR (.ram_text)
                0x002034c0                __ramtext_ram_end__ = (ADDR (.ram_text) + SIZEOF (.ram_text))
                0x001082c0                __ramtext_load_start__ = LOADADDR (.ram_text)
                0x0010b740                __ramtext_load_end__ = (__ramtext_load_start__ + SIZEOF (.ram_text))

.wav_data       0x0010b740        0x0
 *.owav(*.data *.data.*)
                0x0010b740                . = ALIGN (0x10)

.bmp_data       0x0010b740      0x440
 *.obmp(*.data *.data.*)
 .data          0x0010b740      0x43e /cygdrive/c/cygwin/nxtOSEK/ecrobot/../ecrobot/libecrobot.a(nxtosek_splash.obmp)
                0x0010b740                nxtosek_splash_bmp_start
                0x0010bb7e                nxtosek_splash_bmp_end
                0x0010bb80                . = ALIGN (0x10)
 *fill*         0x0010bb7e        0x2 00

.spr_data       0x0010bb80        0x0
 *.ospr(*.data *.data.*)
                0x0010bb80                . = ALIGN (0x10)

.data           0x002034c0      0x890 load address 0x0010bb80
 *(*.data *.data.*)
 .data.bt_status
                0x002034c0        0x1 build/ecrobot_bluetooth.o
 *fill*         0x002034c1        0x3 00
 .data.distance_state
                0x002034c4       0x10 /cygdrive/c/cygwin/nxtOSEK/ecrobot/../ecrobot/libecrobot.a(ecrobot_interface.o)
 .data.deviceStatus
                0x002034d4        0x1 /cygdrive/c/cygwin/nxtOSEK/ecrobot/../ecrobot/libecrobot.a(ecrobot_interface.o)
 .data.named    0x002034d5       0x22 /cygdrive/c/cygwin/nxtOSEK/ecrobot/../ecrobot/libecrobot.a(udp.oram)
 .data.snd      0x002034f7       0x1a /cygdrive/c/cygwin/nxtOSEK/ecrobot/../ecrobot/libecrobot.a(udp.oram)
 *fill*         0x00203511        0x3 00
 .data.configured
                0x00203514        0x4 /cygdrive/c/cygwin/nxtOSEK/ecrobot/../ecrobot/libecrobot.a(udp.oram)
 .data.mode     0x00203518        0x1 /cygdrive/c/cygwin/nxtOSEK/ecrobot/../ecrobot/libecrobot.a(nxt_spi.oram)
                0x00203518                mode
 *fill*         0x00203519        0x3 00
 .bss.data      0x0020351c        0x4 /cygdrive/c/cygwin/nxtOSEK/ecrobot/../ecrobot/libecrobot.a(nxt_spi.oram)
                0x0020351c                data
 .data.display_auto_update
                0x00203520        0x4 /cygdrive/c/cygwin/nxtOSEK/ecrobot/../ecrobot/libecrobot.a(display.oram)
                0x00203520                display_auto_update
 .data.display_buffer
                0x00203524        0x4 /cygdrive/c/cygwin/nxtOSEK/ecrobot/../ecrobot/libecrobot.a(display.oram)
 .data          0x00203528      0x404 /cygdrive/C/cygwin/GNUARM/bin/../lib/gcc/arm-elf/4.0.2/../../../../arm-elf/lib/thumb/interwork/libc.a(impure.o)
                0x00203928                _impure_ptr
 .data          0x0020392c       0x14 /cygdrive/C/cygwin/GNUARM/bin/../lib/gcc/arm-elf/4.0.2/../../../../arm-elf/lib/thumb/interwork/libc.a(locale.o)
                0x00203938                __mb_cur_max
                0x0020392c                __lc_ctype
 .data          0x00203940      0x410 /cygdrive/C/cygwin/GNUARM/bin/../lib/gcc/arm-elf/4.0.2/../../../../arm-elf/lib/thumb/interwork/libc.a(mallocr.o)
                0x00203940                __malloc_sbrk_base
                0x00203948                __malloc_av_
                0x00203944                __malloc_trim_threshold
                0x00203d50                . = ALIGN (0x10)
                0x002034c0                __data_ram_start__ = ADDR (.data)
                0x00203d50                __data_ram_end__ = (ADDR (.data) + SIZEOF (.data))
                0x0010bb80                __data_load_start__ = LOADADDR (.data)
                0x0010c410                __data_load_end__ = (__data_load_start__ + SIZEOF (.data))

.text           0x0010c410     0x8020
                0x0010c410                . = ALIGN (0x10)
 *(*.text *.text.* *.glue*)
 .text.StartOS  0x0010c410       0x58 build/kernel/osctl.o
                0x0010c410                StartOS
 .text.call_pretaskhook
                0x0010c468       0x24 build/kernel/osctl.o
                0x0010c468                call_pretaskhook
 .text.call_posttaskhook
                0x0010c48c       0x24 build/kernel/osctl.o
                0x0010c48c                call_posttaskhook
 .text.make_runnable
                0x0010c4b0       0xac build/kernel/task.o
                0x0010c4b0                make_runnable
 .text.make_active
                0x0010c55c       0x78 build/kernel/task.o
                0x0010c55c                make_active
 .text.task_initialize
                0x0010c5d4       0x90 build/kernel/task.o
                0x0010c5d4                task_initialize
 .text.cpu_initialize
                0x0010c664        0x4 build/config/at91sam7s-gnu/cpu_config.o
                0x0010c664                cpu_initialize
 .text.sys_initialize
                0x0010c668        0x4 build/config/at91sam7s-gnu/lego_nxt/sys_config.o
                0x0010c668                sys_initialize
 .text.object_initialize
                0x0010c66c        0xc build/./kernel_cfg.o
                0x0010c66c                object_initialize
 .text._sbrk_r  0x0010c678       0x1c build/syscalls.o
                0x0010c678                _sbrk_r
 .text.close_bt_stream
                0x0010c694       0x2c build/ecrobot_bluetooth.o
 .text.send_bt_command
                0x0010c6c0       0x40 build/ecrobot_bluetooth.o
 .text.ecrobot_term_bt_connection
                0x0010c700       0x48 build/ecrobot_bluetooth.o
                0x0010c700                ecrobot_term_bt_connection
 .text.ecrobot_set_bt_device_name
                0x0010c748       0x4c build/ecrobot_bluetooth.o
                0x0010c748                ecrobot_set_bt_device_name
 .text.read_bt_command
                0x0010c794       0x5c build/ecrobot_bluetooth.o
 .text.open_bt_stream
                0x0010c7f0       0x50 build/ecrobot_bluetooth.o
 .text.ecrobot_get_bt_device_address
                0x0010c840       0x6c build/ecrobot_bluetooth.o
                0x0010c840                ecrobot_get_bt_device_address
 .text.ecrobot_init_bt_slave
                0x0010c8ac      0x12c build/ecrobot_bluetooth.o
                0x0010c8ac                ecrobot_init_bt_slave
 .text.init_OS_flag
                0x0010c9d8        0xc build/ecrobot_base.o
                0x0010c9d8                init_OS_flag
 .text.set_OS_flag
                0x0010c9e4        0xc build/ecrobot_base.o
                0x0010c9e4                set_OS_flag
 .text.get_OS_flag
                0x0010c9f0        0xc build/ecrobot_base.o
                0x0010c9f0                get_OS_flag
 .text.cpp_constructor
                0x0010c9fc       0x28 build/ecrobot_base.o
                0x0010c9fc                cpp_constructor
 .text.cpp_destructor
                0x0010ca24       0x28 build/ecrobot_base.o
                0x0010ca24                cpp_destructor
 .text.execution_mode
                0x0010ca4c       0x24 build/ecrobot_base.o
                0x0010ca4c                execution_mode
 .text.show_main_screen
                0x0010ca70       0x48 build/ecrobot_base.o
                0x0010ca70                show_main_screen
 .text.display_status_bar
                0x0010cab8       0x5c build/ecrobot_base.o
                0x0010cab8                display_status_bar
 .text.restart_NXT
                0x0010cb14       0x2c build/ecrobot_base.o
                0x0010cb14                restart_NXT
 .text.shutdown_NXT
                0x0010cb40       0x2c build/ecrobot_base.o
                0x0010cb40                shutdown_NXT
 .text.check_NXT_buttons
                0x0010cb6c       0x38 build/ecrobot_base.o
                0x0010cb6c                check_NXT_buttons
 .text.show_bd_addr
                0x0010cba4       0x44 build/ecrobot_base.o
                0x0010cba4                show_bd_addr
 .text.show_bd_addr_err
                0x0010cbe8       0x3c build/ecrobot_base.o
                0x0010cbe8                show_bd_addr_err
 .text.add_status_info
                0x0010cc24       0x68 build/ecrobot_base.o
                0x0010cc24                add_status_info
 .text.show_splash_screen
                0x0010cc8c       0x90 build/ecrobot_base.o
                0x0010cc8c                show_splash_screen
 .text.main     0x0010cd1c      0x10c build/ecrobot.o
                0x0010cd1c                main
 .text.ecrobot_device_initialize
                0x0010ce28       0x24 build/sample.o
                0x0010ce28                ecrobot_device_initialize
 .text.ecrobot_device_terminate
                0x0010ce4c       0x18 build/sample.o
                0x0010ce4c                ecrobot_device_terminate
 .text.user_1ms_isr_type2
                0x0010ce64        0x4 build/sample.o
                0x0010ce64                user_1ms_isr_type2
 .text.change_float_param
                0x0010ce68       0x68 build/sample.o
                0x0010ce68                change_float_param
 .text.change_int_param
                0x0010ced0       0x44 build/sample.o
                0x0010ced0                change_int_param
 .text.display_show_string
                0x0010cf14       0x1c build/sample.o
                0x0010cf14                display_show_string
 .text.get_int_digit
                0x0010cf30       0x28 build/sample.o
                0x0010cf30                get_int_digit
 .text.make_printf_string
                0x0010cf58       0x1c build/sample.o
                0x0010cf58                make_printf_string
 .text.int_to_string
                0x0010cf74       0x20 build/sample.o
                0x0010cf74                int_to_string
 .text.float_to_string
                0x0010cf94       0x80 build/sample.o
                0x0010cf94                float_to_string
 .text.TaskMainTaskMain
                0x0010d014      0x18c build/sample.o
                0x0010d014                TaskMainTaskMain
 .text.ecrobot_set_light_sensor_active
                0x0010d1a0       0x10 /cygdrive/c/cygwin/nxtOSEK/ecrobot/../ecrobot/libecrobot.a(ecrobot_interface.o)
                0x0010d1a0                ecrobot_set_light_sensor_active
 .text.ecrobot_set_light_sensor_inactive
                0x0010d1b0       0x10 /cygdrive/c/cygwin/nxtOSEK/ecrobot/../ecrobot/libecrobot.a(ecrobot_interface.o)
                0x0010d1b0                ecrobot_set_light_sensor_inactive
 .text.ecrobot_init_i2c
                0x0010d1c0       0x2c /cygdrive/c/cygwin/nxtOSEK/ecrobot/../ecrobot/libecrobot.a(ecrobot_interface.o)
                0x0010d1c0                ecrobot_init_i2c
 .text.ecrobot_init_sonar_sensor
                0x0010d1ec       0x10 /cygdrive/c/cygwin/nxtOSEK/ecrobot/../ecrobot/libecrobot.a(ecrobot_interface.o)
                0x0010d1ec                ecrobot_init_sonar_sensor
 .text.ecrobot_term_sonar_sensor
                0x0010d1fc       0x20 /cygdrive/c/cygwin/nxtOSEK/ecrobot/../ecrobot/libecrobot.a(ecrobot_interface.o)
                0x0010d1fc                ecrobot_term_sonar_sensor
 .text.ecrobot_get_battery_voltage
                0x0010d21c        0xc /cygdrive/c/cygwin/nxtOSEK/ecrobot/../ecrobot/libecrobot.a(ecrobot_interface.o)
                0x0010d21c                ecrobot_get_battery_voltage
 .text.ecrobot_get_button_state
                0x0010d228        0xc /cygdrive/c/cygwin/nxtOSEK/ecrobot/../ecrobot/libecrobot.a(ecrobot_interface.o)
                0x0010d228                ecrobot_get_button_state
 .text.ecrobot_init_nxtstate
                0x0010d234       0x28 /cygdrive/c/cygwin/nxtOSEK/ecrobot/../ecrobot/libecrobot.a(ecrobot_interface.o)
                0x0010d234                ecrobot_init_nxtstate
 .text.ecrobot_poll_nxtstate
                0x0010d25c       0x64 /cygdrive/c/cygwin/nxtOSEK/ecrobot/../ecrobot/libecrobot.a(ecrobot_interface.o)
                0x0010d25c                ecrobot_poll_nxtstate
 .text.ecrobot_setDeviceInitialized
                0x0010d2c0       0x18 /cygdrive/c/cygwin/nxtOSEK/ecrobot/../ecrobot/libecrobot.a(ecrobot_interface.o)
                0x0010d2c0                ecrobot_setDeviceInitialized
 .text.ecrobot_initDeviceStatus
                0x0010d2d8        0xc /cygdrive/c/cygwin/nxtOSEK/ecrobot/../ecrobot/libecrobot.a(ecrobot_interface.o)
                0x0010d2d8                ecrobot_initDeviceStatus
 .text.ecrobot_bmp2lcd
                0x0010d2e4      0x1c8 /cygdrive/c/cygwin/nxtOSEK/ecrobot/../ecrobot/libecrobot.a(ecrobot_interface.o)
                0x0010d2e4                ecrobot_bmp2lcd
 .text.ecrobot_sound_tone
                0x0010d4ac        0xc /cygdrive/c/cygwin/nxtOSEK/ecrobot/../ecrobot/libecrobot.a(ecrobot_interface.o)
                0x0010d4ac                ecrobot_sound_tone
 .text.ecrobot_is_RUN_button_pressed
                0x0010d4b8       0x10 /cygdrive/c/cygwin/nxtOSEK/ecrobot/../ecrobot/libecrobot.a(ecrobot_interface.o)
                0x0010d4b8                ecrobot_is_RUN_button_pressed
 .text.StartupHook
                0x0010d4c8        0x4 /cygdrive/c/cygwin/nxtOSEK/ecrobot/../ecrobot/libecrobot.a(osek_hook.o)
                0x0010d4c8                StartupHook
 .text.PreTaskHook
                0x0010d4cc        0x4 /cygdrive/c/cygwin/nxtOSEK/ecrobot/../ecrobot/libecrobot.a(osek_hook.o)
                0x0010d4cc                PreTaskHook
 .text.PostTaskHook
                0x0010d4d0        0x4 /cygdrive/c/cygwin/nxtOSEK/ecrobot/../ecrobot/libecrobot.a(osek_hook.o)
                0x0010d4d0                PostTaskHook
 .text          0x0010d4d4       0x8c /cygdrive/C/cygwin/GNUARM/bin/../lib/gcc/arm-elf/4.0.2/thumb/interwork/libgcc.a(_udivsi3.o)
                0x0010d4d4                __udivsi3
                0x0010d550                __aeabi_uidivmod
 .text          0x0010d560       0xa4 /cygdrive/C/cygwin/GNUARM/bin/../lib/gcc/arm-elf/4.0.2/thumb/interwork/libgcc.a(_divsi3.o)
                0x0010d560                __divsi3
                0x0010d5f4                __aeabi_idivmod
 .text          0x0010d604       0xc8 /cygdrive/C/cygwin/GNUARM/bin/../lib/gcc/arm-elf/4.0.2/thumb/interwork/libgcc.a(_umodsi3.o)
                0x0010d604                __umodsi3
 .text          0x0010d6cc       0xd8 /cygdrive/C/cygwin/GNUARM/bin/../lib/gcc/arm-elf/4.0.2/thumb/interwork/libgcc.a(_modsi3.o)
                0x0010d6cc                __modsi3
 .text          0x0010d7a4        0x4 /cygdrive/C/cygwin/GNUARM/bin/../lib/gcc/arm-elf/4.0.2/thumb/interwork/libgcc.a(_dvmd_tls.o)
                0x0010d7a4                __aeabi_ldiv0
                0x0010d7a4                __div0
                0x0010d7a4                __aeabi_idiv0
 .text          0x0010d7a8      0x430 /cygdrive/C/cygwin/GNUARM/bin/../lib/gcc/arm-elf/4.0.2/thumb/interwork/libgcc.a(_addsubdf3.o)
                0x0010db6c                __floatdidf
                0x0010daec                __floatsidf
                0x0010dac4                __aeabi_ui2d
                0x0010d7a8                __aeabi_drsub
                0x0010db18                __extendsfdf2
                0x0010d7b4                __adddf3
                0x0010dac4                __floatunsidf
                0x0010d7b4                __aeabi_dadd
                0x0010db58                __aeabi_ul2d
                0x0010d7b0                __aeabi_dsub
                0x0010db58                __floatundidf
                0x0010daec                __aeabi_i2d
                0x0010db6c                __aeabi_l2d
                0x0010db18                __aeabi_f2d
                0x0010d7b0                __subdf3
 .text          0x0010dbd8      0x49c /cygdrive/C/cygwin/GNUARM/bin/../lib/gcc/arm-elf/4.0.2/thumb/interwork/libgcc.a(_muldivdf3.o)
                0x0010de68                __aeabi_ddiv
                0x0010dbd8                __aeabi_dmul
                0x0010de68                __divdf3
                0x0010dbd8                __muldf3
 .text          0x0010e074      0x140 /cygdrive/C/cygwin/GNUARM/bin/../lib/gcc/arm-elf/4.0.2/thumb/interwork/libgcc.a(_cmpdf2.o)
                0x0010e16c                __aeabi_dcmple
                0x0010e084                __cmpdf2
                0x0010e084                __eqdf2
                0x0010e074                __gtdf2
                0x0010e124                __aeabi_cdcmple
                0x0010e108                __aeabi_cdrcmple
                0x0010e07c                __ltdf2
                0x0010e154                __aeabi_dcmplt
                0x0010e07c                __ledf2
                0x0010e19c                __aeabi_dcmpgt
                0x0010e184                __aeabi_dcmpge
                0x0010e084                __nedf2
                0x0010e13c                __aeabi_dcmpeq
                0x0010e124                __aeabi_cdcmpeq
                0x0010e074                __gedf2
 .text          0x0010e1b4       0xa0 /cygdrive/C/cygwin/GNUARM/bin/../lib/gcc/arm-elf/4.0.2/thumb/interwork/libgcc.a(_truncdfsf2.o)
                0x0010e1b4                __aeabi_d2f
                0x0010e1b4                __truncdfsf2
 .text          0x0010e254      0x2ac /cygdrive/C/cygwin/GNUARM/bin/../lib/gcc/arm-elf/4.0.2/thumb/interwork/libgcc.a(_addsubsf3.o)
                0x0010e260                __aeabi_fadd
                0x0010e25c                __subsf3
                0x0010e424                __aeabi_i2f
                0x0010e25c                __aeabi_fsub
                0x0010e454                __floatdisf
                0x0010e424                __floatsisf
                0x0010e444                __floatundisf
                0x0010e41c                __aeabi_ui2f
                0x0010e454                __aeabi_l2f
                0x0010e444                __aeabi_ul2f
                0x0010e254                __aeabi_frsub
                0x0010e41c                __floatunsisf
                0x0010e260                __addsf3
 .text          0x0010e500      0x2f8 /cygdrive/C/cygwin/GNUARM/bin/../lib/gcc/arm-elf/4.0.2/thumb/interwork/libgcc.a(_muldivsf3.o)
                0x0010e698                __divsf3
                0x0010e698                __aeabi_fdiv
                0x0010e500                __mulsf3
                0x0010e500                __aeabi_fmul
 .text          0x0010e7f8      0x110 /cygdrive/C/cygwin/GNUARM/bin/../lib/gcc/arm-elf/4.0.2/thumb/interwork/libgcc.a(_cmpsf2.o)
                0x0010e8f0                __aeabi_fcmpgt
                0x0010e800                __lesf2
                0x0010e808                __nesf2
                0x0010e8d8                __aeabi_fcmpge
                0x0010e7f8                __gtsf2
                0x0010e8c0                __aeabi_fcmple
                0x0010e808                __eqsf2
                0x0010e808                __cmpsf2
                0x0010e800                __ltsf2
                0x0010e878                __aeabi_cfcmple
                0x0010e7f8                __gesf2
                0x0010e890                __aeabi_fcmpeq
                0x0010e868                __aeabi_cfrcmple
                0x0010e8a8                __aeabi_fcmplt
                0x0010e878                __aeabi_cfcmpeq
 .text          0x0010e908       0x5c /cygdrive/C/cygwin/GNUARM/bin/../lib/gcc/arm-elf/4.0.2/thumb/interwork/libgcc.a(_fixsfsi.o)
                0x0010e908                __fixsfsi
                0x0010e908                __aeabi_f2iz
 .text          0x0010e964        0xc /cygdrive/C/cygwin/GNUARM/bin/../lib/gcc/arm-elf/4.0.2/../../../../arm-elf/lib/thumb/interwork/libc.a(abs.o)
                0x0010e964                abs
 .text          0x0010e970       0x68 /cygdrive/C/cygwin/GNUARM/bin/../lib/gcc/arm-elf/4.0.2/../../../../arm-elf/lib/thumb/interwork/libc.a(memcpy.o)
                0x0010e970                memcpy
 .text          0x0010e9d8       0x68 /cygdrive/C/cygwin/GNUARM/bin/../lib/gcc/arm-elf/4.0.2/../../../../arm-elf/lib/thumb/interwork/libc.a(memset.o)
                0x0010e9d8                memset
 .text          0x0010ea40       0x84 /cygdrive/C/cygwin/GNUARM/bin/../lib/gcc/arm-elf/4.0.2/../../../../arm-elf/lib/thumb/interwork/libc.a(sprintf.o)
                0x0010ea40                _sprintf_r
                0x0010ea80                sprintf
 .text          0x0010eac4       0x88 /cygdrive/C/cygwin/GNUARM/bin/../lib/gcc/arm-elf/4.0.2/../../../../arm-elf/lib/thumb/interwork/libc.a(strcmp.o)
                0x0010eac4                strcmp
 .text          0x0010eb4c       0x60 /cygdrive/C/cygwin/GNUARM/bin/../lib/gcc/arm-elf/4.0.2/../../../../arm-elf/lib/thumb/interwork/libc.a(strcpy.o)
                0x0010eb4c                strcpy
 .text          0x0010ebac       0x48 /cygdrive/C/cygwin/GNUARM/bin/../lib/gcc/arm-elf/4.0.2/../../../../arm-elf/lib/thumb/interwork/libc.a(strlen.o)
                0x0010ebac                strlen
 .text          0x0010ebf4       0x84 /cygdrive/C/cygwin/GNUARM/bin/../lib/gcc/arm-elf/4.0.2/../../../../arm-elf/lib/thumb/interwork/libc.a(strncpy.o)
                0x0010ebf4                strncpy
 .text          0x0010ec78     0x1914 /cygdrive/C/cygwin/GNUARM/bin/../lib/gcc/arm-elf/4.0.2/../../../../arm-elf/lib/thumb/interwork/libc.a(vfprintf.o)
                0x0010ec98                _vfprintf_r
                0x0011056c                vfprintf
 .text          0x0011058c       0x54 /cygdrive/C/cygwin/GNUARM/bin/../lib/gcc/arm-elf/4.0.2/../../../../arm-elf/lib/thumb/interwork/libc.a(wcrtomb.o)
                0x0011058c                _wcrtomb_r
                0x001105c0                wcrtomb
 .text          0x001105e0      0x100 /cygdrive/C/cygwin/GNUARM/bin/../lib/gcc/arm-elf/4.0.2/../../../../arm-elf/lib/thumb/interwork/libc.a(wcsrtombs.o)
                0x001105e0                _wcsrtombs_r
                0x001106b8                wcsrtombs
 .text          0x001106e0      0x2a8 /cygdrive/C/cygwin/GNUARM/bin/../lib/gcc/arm-elf/4.0.2/../../../../arm-elf/lib/thumb/interwork/libc.a(wctomb_r.o)
                0x001106e0                _wctomb_r
 .text          0x00110988       0xa8 /cygdrive/C/cygwin/GNUARM/bin/../lib/gcc/arm-elf/4.0.2/../../../../arm-elf/lib/thumb/interwork/libc.a(wsetup.o)
                0x00110988                __swsetup
 .text          0x00110a30      0xf08 /cygdrive/C/cygwin/GNUARM/bin/../lib/gcc/arm-elf/4.0.2/../../../../arm-elf/lib/thumb/interwork/libc.a(dtoa.o)
                0x00110b80                _dtoa_r
 .text          0x00111938       0x90 /cygdrive/C/cygwin/GNUARM/bin/../lib/gcc/arm-elf/4.0.2/../../../../arm-elf/lib/thumb/interwork/libc.a(fflush.o)
                0x00111938                fflush
 .text          0x001119c8      0x1c0 /cygdrive/C/cygwin/GNUARM/bin/../lib/gcc/arm-elf/4.0.2/../../../../arm-elf/lib/thumb/interwork/libc.a(findfp.o)
                0x00111a68                __sinit
                0x00111a00                __sfmoreglue
                0x00111a4c                _cleanup
                0x00111a3c                _cleanup_r
                0x00111b58                __fp_lock_all
                0x00111a34                __sfp_lock_acquire
                0x00111ac4                __sfp
                0x00111a64                __sinit_lock_release
                0x00111b70                __fp_unlock_all
                0x00111a38                __sfp_lock_release
                0x00111a60                __sinit_lock_acquire
 .text          0x00111b88      0x260 /cygdrive/C/cygwin/GNUARM/bin/../lib/gcc/arm-elf/4.0.2/../../../../arm-elf/lib/thumb/interwork/libc.a(freer.o)
                0x00111c28                _free_r
                0x00111b88                _malloc_trim_r
 .text          0x00111de8      0x2a8 /cygdrive/C/cygwin/GNUARM/bin/../lib/gcc/arm-elf/4.0.2/../../../../arm-elf/lib/thumb/interwork/libc.a(fvwrite.o)
                0x00111de8                __sfvwrite
 .text          0x00112090       0xe0 /cygdrive/C/cygwin/GNUARM/bin/../lib/gcc/arm-elf/4.0.2/../../../../arm-elf/lib/thumb/interwork/libc.a(fwalk.o)
                0x00112090                _fwalk
                0x001120fc                _fwalk_reent
 .text          0x00112170       0x80 /cygdrive/C/cygwin/GNUARM/bin/../lib/gcc/arm-elf/4.0.2/../../../../arm-elf/lib/thumb/interwork/libc.a(locale.o)
                0x00112170                _setlocale_r
                0x001121ac                __locale_charset
                0x001121b8                _localeconv_r
                0x001121c0                setlocale
                0x001121dc                localeconv
 .text          0x001121f0       0xe0 /cygdrive/C/cygwin/GNUARM/bin/../lib/gcc/arm-elf/4.0.2/../../../../arm-elf/lib/thumb/interwork/libc.a(makebuf.o)
                0x001121f0                __smakebuf
 .text          0x001122d0      0x548 /cygdrive/C/cygwin/GNUARM/bin/../lib/gcc/arm-elf/4.0.2/../../../../arm-elf/lib/thumb/interwork/libc.a(mallocr.o)
                0x001122d0                _malloc_r
 .text          0x00112818       0x90 /cygdrive/C/cygwin/GNUARM/bin/../lib/gcc/arm-elf/4.0.2/../../../../arm-elf/lib/thumb/interwork/libc.a(memchr.o)
                0x00112818                memchr
 .text          0x001128a8       0x90 /cygdrive/C/cygwin/GNUARM/bin/../lib/gcc/arm-elf/4.0.2/../../../../arm-elf/lib/thumb/interwork/libc.a(memmove.o)
                0x001128a8                memmove
 .text          0x00112938        0x8 /cygdrive/C/cygwin/GNUARM/bin/../lib/gcc/arm-elf/4.0.2/../../../../arm-elf/lib/thumb/interwork/libc.a(mlock.o)
                0x0011293c                __malloc_unlock
                0x00112938                __malloc_lock
 .text          0x00112940      0x8ec /cygdrive/C/cygwin/GNUARM/bin/../lib/gcc/arm-elf/4.0.2/../../../../arm-elf/lib/thumb/interwork/libc.a(mprec.o)
                0x001131e8                _mprec_log10
                0x00112aec                _hi0bits
                0x00112940                _Balloc
                0x001130ac                _d2b
                0x00112bb8                _multiply
                0x00113194                _ratio
                0x00112a4c                _s2b
                0x00112ba0                _i2b
                0x00112b34                _lo0bits
                0x00112e58                __mcmp
                0x00112d04                _pow5mult
                0x00112f94                _ulp
                0x00112fe8                _b2d
                0x001129b0                _multadd
                0x00112e9c                __mdiff
                0x00112da4                _lshift
                0x00112998                _Bfree
 .text          0x0011322c      0x3ac /cygdrive/C/cygwin/GNUARM/bin/../lib/gcc/arm-elf/4.0.2/../../../../arm-elf/lib/thumb/interwork/libc.a(reallocr.o)
                0x0011322c                _realloc_r
 .text          0x001135d8       0x24 /cygdrive/C/cygwin/GNUARM/bin/../lib/gcc/arm-elf/4.0.2/../../../../arm-elf/lib/thumb/interwork/libc.a(s_isinf.o)
                0x001135d8                isinf
 .text          0x001135fc       0x1c /cygdrive/C/cygwin/GNUARM/bin/../lib/gcc/arm-elf/4.0.2/../../../../arm-elf/lib/thumb/interwork/libc.a(s_isnan.o)
                0x001135fc                isnan
 .text          0x00113618       0xe4 /cygdrive/C/cygwin/GNUARM/bin/../lib/gcc/arm-elf/4.0.2/../../../../arm-elf/lib/thumb/interwork/libc.a(stdio.o)
                0x001136a0                __sseek
                0x00113618                __sread
                0x001136e0                __sclose
                0x00113654                __swrite
 .text          0x001136fc      0x504 /cygdrive/C/cygwin/GNUARM/bin/../lib/gcc/arm-elf/4.0.2/../../../../arm-elf/lib/thumb/interwork/libc.a(syscalls.o)
                0x00113768                _getpid
                0x00113830                initialise_monitor_handles
                0x00113800                isatty
                0x001137a4                _fstat
                0x00113ab4                _open
                0x0011376c                _sbrk
                0x001137d8                _raise
                0x001137dc                _times
                0x00113ac8                _stat
                0x00113a18                _lseek
                0x001137c8                _link
                0x0011396c                _swiwrite
                0x0011381c                _rename
                0x001138e0                _swilseek
                0x00113994                _swiclose
                0x00113a28                _swiopen
                0x001137d0                _unlink
                0x00113b04                _write
                0x00113bb8                _kill
                0x00113bd4                _gettimeofday
                0x00113b54                _read
                0x00113ba0                _exit
                0x00113804                _system
                0x001138b8                _swiread
                0x00113a08                _close
 .text          0x00113c00       0x2c /cygdrive/C/cygwin/GNUARM/bin/../lib/gcc/arm-elf/4.0.2/../../../../arm-elf/lib/thumb/interwork/libc.a(writer.o)
                0x00113c00                _write_r
 .text          0x00113c2c       0x64 /cygdrive/C/cygwin/GNUARM/bin/../lib/gcc/arm-elf/4.0.2/../../../../arm-elf/lib/thumb/interwork/libc.a(callocr.o)
                0x00113c2c                _calloc_r
 .text          0x00113c90       0x28 /cygdrive/C/cygwin/GNUARM/bin/../lib/gcc/arm-elf/4.0.2/../../../../arm-elf/lib/thumb/interwork/libc.a(closer.o)
                0x00113c90                _close_r
 .text          0x00113cb8        0xc /cygdrive/C/cygwin/GNUARM/bin/../lib/gcc/arm-elf/4.0.2/../../../../arm-elf/lib/thumb/interwork/libc.a(errno.o)
                0x00113cb8                __errno
 .text          0x00113cc4       0xbc /cygdrive/C/cygwin/GNUARM/bin/../lib/gcc/arm-elf/4.0.2/../../../../arm-elf/lib/thumb/interwork/libc.a(fclose.o)
                0x00113cc4                _fclose_r
                0x00113d68                fclose
 .text          0x00113d80       0x2c /cygdrive/C/cygwin/GNUARM/bin/../lib/gcc/arm-elf/4.0.2/../../../../arm-elf/lib/thumb/interwork/libc.a(fstatr.o)
                0x00113d80                _fstat_r
 .text          0x00113dac       0x2c /cygdrive/C/cygwin/GNUARM/bin/../lib/gcc/arm-elf/4.0.2/../../../../arm-elf/lib/thumb/interwork/libc.a(lseekr.o)
                0x00113dac                _lseek_r
 .text          0x00113dd8       0x2c /cygdrive/C/cygwin/GNUARM/bin/../lib/gcc/arm-elf/4.0.2/../../../../arm-elf/lib/thumb/interwork/libc.a(readr.o)
                0x00113dd8                _read_r
 .text          0x00113e04       0x5c /cygdrive/C/cygwin/GNUARM/bin/../lib/gcc/arm-elf/4.0.2/thumb/interwork/libgcc.a(_fixdfsi.o)
                0x00113e04                __fixdfsi
                0x00113e04                __aeabi_d2iz
 .glue_7        0x00113e60       0x30 /cygdrive/C/cygwin/GNUARM/bin/../lib/gcc/arm-elf/4.0.2/thumb/interwork/libgcc.a(_fixdfsi.o)
                0x00113e78                __call_posttaskhook_from_arm
                0x00113e61                __ecrobot_debug1_from_arm
                0x00113e6d                __ecrobot_debug2_from_arm
                0x00113e84                __call_pretaskhook_from_arm
 .glue_7t       0x00113e90       0xe8 /cygdrive/C/cygwin/GNUARM/bin/../lib/gcc/arm-elf/4.0.2/thumb/interwork/libgcc.a(_fixdfsi.o)
                0x00113ebc                __start_change_to_arm
                0x00113f30                __interrupts_get_and_disable_from_thumb
                0x00113f28                ____gtdf2_from_thumb
                0x00113eb1                __exit_and_dispatch_from_thumb
                0x00113f14                ____gesf2_change_to_arm
                0x00113ed0                ____subdf3_from_thumb
                0x00113f5c                ____ltdf2_change_to_arm
                0x00113f04                ____fixsfsi_change_to_arm
                0x00113ed4                ____subdf3_change_to_arm
                0x00113f00                ____fixsfsi_from_thumb
                0x00113ee0                ____floatsisf_from_thumb
                0x00113ec0                ____extendsfdf2_from_thumb
                0x00113f74                ____gedf2_change_to_arm
                0x00113eb4                __exit_and_dispatch_change_to_arm
                0x00113f48                ____eqdf2_from_thumb
                0x00113e90                __disable_int_from_thumb
                0x00113f10                ____gesf2_from_thumb
                0x00113ea8                __start_dispatch_from_thumb
                0x00113ef9                ____ltsf2_from_thumb
                0x00113f60                ____fixdfsi_from_thumb
                0x00113f6c                ____divdf3_change_to_arm
                0x00113f70                ____gedf2_from_thumb
                0x00113eb8                __start_from_thumb
                0x00113ed8                ____truncdfsf2_from_thumb
                0x00113f24                ____muldf3_change_to_arm
                0x00113f64                ____fixdfsi_change_to_arm
                0x00113f68                ____divdf3_from_thumb
                0x00113e98                __enable_int_from_thumb
                0x00113ea1                __dispatch_from_thumb
                0x00113f3c                __interrupts_enable_change_to_arm
                0x00113ef1                ____gtsf2_from_thumb
                0x00113f34                __interrupts_get_and_disable_change_to_arm
                0x00113ea4                __dispatch_change_to_arm
                0x00113eec                ____mulsf3_change_to_arm
                0x00113ecc                ____adddf3_change_to_arm
                0x00113f2c                ____gtdf2_change_to_arm
                0x00113edc                ____truncdfsf2_change_to_arm
                0x00113ec4                ____extendsfdf2_change_to_arm
                0x00113f18                ____floatsidf_from_thumb
                0x00113f58                ____ltdf2_from_thumb
                0x00113ee4                ____floatsisf_change_to_arm
                0x00113f41                __display_bios_status_from_thumb
                0x00113f54                ____nedf2_change_to_arm
                0x00113f08                ____subsf3_from_thumb
                0x00113ec8                ____adddf3_from_thumb
                0x00113ef4                ____gtsf2_change_to_arm
                0x00113f4c                ____eqdf2_change_to_arm
                0x00113e94                __disable_int_change_to_arm
                0x00113efc                ____ltsf2_change_to_arm
                0x00113ee8                ____mulsf3_from_thumb
                0x00113f20                ____muldf3_from_thumb
                0x00113f0c                ____subsf3_change_to_arm
                0x00113f50                ____nedf2_from_thumb
                0x00113e9c                __enable_int_change_to_arm
                0x00113f1c                ____floatsidf_change_to_arm
                0x00113f38                __interrupts_enable_from_thumb
                0x00113f44                __display_bios_status_change_to_arm
                0x00113eac                __start_dispatch_change_to_arm
                0x00113f80                . = ALIGN (0x10)
 *fill*         0x00113f78        0x8 00
 *(*.rodata *.rodata.*)
 .rodata.tinib_stksz
                0x00113f80        0x2 build/./kernel_cfg.o
                0x00113f80                tinib_stksz
 *fill*         0x00113f82        0x2 00
 .rodata.tinib_stk
                0x00113f84        0x4 build/./kernel_cfg.o
                0x00113f84                tinib_stk
 .rodata.tinib_task
                0x00113f88        0x4 build/./kernel_cfg.o
                0x00113f88                tinib_task
 .rodata.tinib_autoact
                0x00113f8c        0x1 build/./kernel_cfg.o
                0x00113f8c                tinib_autoact
 .rodata.tinib_exepri
                0x00113f8d        0x1 build/./kernel_cfg.o
                0x00113f8d                tinib_exepri
 .rodata.tinib_inipri
                0x00113f8e        0x1 build/./kernel_cfg.o
                0x00113f8e                tinib_inipri
 .rodata.tnum_exttask
                0x00113f8f        0x1 build/./kernel_cfg.o
                0x00113f8f                tnum_exttask
 .rodata.tnum_task
                0x00113f90        0x1 build/./kernel_cfg.o
                0x00113f90                tnum_task
 *fill*         0x00113f91        0x3 00
 .rodata.exec_addr
                0x00113f94        0x4 build/ecrobot_base.o
                0x00113f94                exec_addr
 .rodata.str1.4
                0x00113f98       0x80 build/ecrobot_base.o
 .rodata.str1.4
                0x00114018       0x58 build/sample.o
 .rodata.TaskMainTaskMain
                0x00114070       0x14 build/sample.o
 .rodata        0x00114084      0x18c /cygdrive/C/cygwin/GNUARM/bin/../lib/gcc/arm-elf/4.0.2/../../../../arm-elf/lib/thumb/interwork/libc.a(vfprintf.o)
 .rodata.str1.4
                0x00114210       0x62 /cygdrive/C/cygwin/GNUARM/bin/../lib/gcc/arm-elf/4.0.2/../../../../arm-elf/lib/thumb/interwork/libc.a(vfprintf.o)
                                 0x64 (size before relaxing)
 *fill*         0x00114272        0x2 00
 .rodata.str1.4
                0x00114274       0x1e /cygdrive/C/cygwin/GNUARM/bin/../lib/gcc/arm-elf/4.0.2/../../../../arm-elf/lib/thumb/interwork/libc.a(wctomb_r.o)
                                 0x20 (size before relaxing)
 *fill*         0x00114292        0x2 00
 .rodata.str1.4
                0x00114294       0x10 /cygdrive/C/cygwin/GNUARM/bin/../lib/gcc/arm-elf/4.0.2/../../../../arm-elf/lib/thumb/interwork/libc.a(dtoa.o)
                                 0x14 (size before relaxing)
 .rodata        0x001142a4       0x18 /cygdrive/C/cygwin/GNUARM/bin/../lib/gcc/arm-elf/4.0.2/../../../../arm-elf/lib/thumb/interwork/libc.a(dtoa.o)
 .rodata        0x001142bc        0x4 /cygdrive/C/cygwin/GNUARM/bin/../lib/gcc/arm-elf/4.0.2/../../../../arm-elf/lib/thumb/interwork/libc.a(impure.o)
                0x001142bc                _global_impure_ptr
 .rodata.str1.4
                0x001142c0        0x2 /cygdrive/C/cygwin/GNUARM/bin/../lib/gcc/arm-elf/4.0.2/../../../../arm-elf/lib/thumb/interwork/libc.a(impure.o)
                                  0x4 (size before relaxing)
 *fill*         0x001142c2        0x2 00
 .rodata.str1.4
                0x001142c4        0xb /cygdrive/C/cygwin/GNUARM/bin/../lib/gcc/arm-elf/4.0.2/../../../../arm-elf/lib/thumb/interwork/libc.a(locale.o)
                                 0x18 (size before relaxing)
 *fill*         0x001142cf        0x1 00
 .rodata        0x001142d0       0x30 /cygdrive/C/cygwin/GNUARM/bin/../lib/gcc/arm-elf/4.0.2/../../../../arm-elf/lib/thumb/interwork/libc.a(locale.o)
 .rodata        0x00114300      0x124 /cygdrive/C/cygwin/GNUARM/bin/../lib/gcc/arm-elf/4.0.2/../../../../arm-elf/lib/thumb/interwork/libc.a(mprec.o)
                0x00114300                __mprec_tinytens
                0x00114350                __mprec_tens
                0x00114328                __mprec_bigtens
 .rodata.str1.4
                0x00114424        0x4 /cygdrive/C/cygwin/GNUARM/bin/../lib/gcc/arm-elf/4.0.2/../../../../arm-elf/lib/thumb/interwork/libc.a(syscalls.o)
                0x00114430                . = ALIGN (0x10)
 *fill*         0x00114428        0x8 00
 *(*.gnu.linkonce.* .gcc_except_table)
                0x00114430                . = ALIGN (0x10)

.tors           0x00114430        0x0
                0x00114430                . = ALIGN (0x10)
                0x00114430                __ctor_begin = .
 *(*.ctors*)
                0x00114430                __ctor_end = .
                0x00114430                . = ALIGN (0x10)
                0x00114430                __dtor_begin = .
 *(*.dtors*)
                0x00114430                __dtor_end = .
                0x00114430                . = ALIGN (0x10)
                0x00114430                __rom_end__ = __dtor_end

.bss            0x00203d50     0x1494
 *(*.bss *.bss.*)
 .bss.ready_primap
                0x00203d50        0x2 build/kernel/task.o
 .bss.ready_queue_last
                0x00203d52       0x10 build/kernel/task.o
 .bss.ready_queue_first
                0x00203d62       0x10 build/kernel/task.o
 *fill*         0x00203d72        0x2 00
 .bss._stack_TaskMain
                0x00203d74      0x200 build/./kernel_cfg.o
 .bss.heap_ptr  0x00203f74        0x4 build/syscalls.o
 .bss.receiveBuf
                0x00203f78       0x80 build/ecrobot_bluetooth.o
 .bss.sendBuf   0x00203ff8      0x100 build/ecrobot_bluetooth.o
 .bss.handle    0x002040f8        0x1 build/ecrobot_bluetooth.o
 *fill*         0x002040f9        0x3 00
 .bss.status_bar_position
                0x002040fc        0x4 build/ecrobot_base.o
 .bss.last_act_time.2742
                0x00204100        0x4 build/ecrobot_base.o
 .bss.lcd.2671  0x00204104      0x320 build/ecrobot_base.o
 .bss.OS_flag   0x00204424        0x4 build/ecrobot_base.o
 .bss.status_bar
                0x00204428       0x10 build/ecrobot_base.o
 .bss.temp.3687
                0x00204438        0x4 build/sample.o
 .bss.temp.3676
                0x0020443c        0x4 build/sample.o
 .bss.adjust_param_state
                0x00204440        0x4 build/sample.o
 .bss.buttons_i
                0x00204444        0x4 /cygdrive/c/cygwin/nxtOSEK/ecrobot/../ecrobot/libecrobot.a(ecrobot_interface.o)
 .bss.buttons_states
                0x00204448       0x14 /cygdrive/c/cygwin/nxtOSEK/ecrobot/../ecrobot/libecrobot.a(ecrobot_interface.o)
 .bss.ecrobot_inputs
                0x0020445c        0x8 /cygdrive/c/cygwin/nxtOSEK/ecrobot/../ecrobot/libecrobot.a(ecrobot_interface.o)
 .bss.systick_ms
                0x00204464        0x4 /cygdrive/c/cygwin/nxtOSEK/ecrobot/../ecrobot/libecrobot.a(systick.oram)
 .bss.delayedEnable
                0x00204468        0x1 /cygdrive/c/cygwin/nxtOSEK/ecrobot/../ecrobot/libecrobot.a(udp.oram)
 *fill*         0x00204469        0x3 00
 .bss.outCnt    0x0020446c        0x4 /cygdrive/c/cygwin/nxtOSEK/ecrobot/../ecrobot/libecrobot.a(udp.oram)
 .bss.outPtr    0x00204470        0x4 /cygdrive/c/cygwin/nxtOSEK/ecrobot/../ecrobot/libecrobot.a(udp.oram)
 .bss.newAddress
                0x00204474        0x4 /cygdrive/c/cygwin/nxtOSEK/ecrobot/../ecrobot/libecrobot.a(udp.oram)
 .bss.currentRxBank
                0x00204478        0x4 /cygdrive/c/cygwin/nxtOSEK/ecrobot/../ecrobot/libecrobot.a(udp.oram)
 .bss.currentFeatures
                0x0020447c        0x4 /cygdrive/c/cygwin/nxtOSEK/ecrobot/../ecrobot/libecrobot.a(udp.oram)
 .bss.currentConfig
                0x00204480        0x1 /cygdrive/c/cygwin/nxtOSEK/ecrobot/../ecrobot/libecrobot.a(udp.oram)
 *fill*         0x00204481        0x3 00
 .bss.twi_mask  0x00204484        0x4 /cygdrive/c/cygwin/nxtOSEK/ecrobot/../ecrobot/libecrobot.a(twi.oram)
 .bss.twi_ptr   0x00204488        0x4 /cygdrive/c/cygwin/nxtOSEK/ecrobot/../ecrobot/libecrobot.a(twi.oram)
 .bss.twi_pending
                0x0020448c        0x4 /cygdrive/c/cygwin/nxtOSEK/ecrobot/../ecrobot/libecrobot.a(twi.oram)
 .bss.twi_state
                0x00204490        0x4 /cygdrive/c/cygwin/nxtOSEK/ecrobot/../ecrobot/libecrobot.a(twi.oram)
 .bss.page      0x00204494        0x1 /cygdrive/c/cygwin/nxtOSEK/ecrobot/../ecrobot/libecrobot.a(nxt_spi.oram)
                0x00204494                page
 .bss.dirty     0x00204495        0x1 /cygdrive/c/cygwin/nxtOSEK/ecrobot/../ecrobot/libecrobot.a(nxt_spi.oram)
                0x00204495                dirty
 *fill*         0x00204496        0x2 00
 .bss.display   0x00204498        0x4 /cygdrive/c/cygwin/nxtOSEK/ecrobot/../ecrobot/libecrobot.a(nxt_spi.oram)
                0x00204498                display
 .bss.interrupts_this_period
                0x0020449c        0x4 /cygdrive/c/cygwin/nxtOSEK/ecrobot/../ecrobot/libecrobot.a(nxt_motors.oram)
 .bss.nxt_motor_initialised
                0x002044a0        0x4 /cygdrive/c/cygwin/nxtOSEK/ecrobot/../ecrobot/libecrobot.a(nxt_motors.oram)
 .bss.motor     0x002044a4       0x30 /cygdrive/c/cygwin/nxtOSEK/ecrobot/../ecrobot/libecrobot.a(nxt_motors.oram)
 .bss.display_tick
                0x002044d4        0x4 /cygdrive/c/cygwin/nxtOSEK/ecrobot/../ecrobot/libecrobot.a(display.oram)
                0x002044d4                display_tick
 .bss.display_array
                0x002044d8      0x388 /cygdrive/c/cygwin/nxtOSEK/ecrobot/../ecrobot/libecrobot.a(display.oram)
 .bss.i2c_int_count
                0x00204860        0x4 /cygdrive/c/cygwin/nxtOSEK/ecrobot/../ecrobot/libecrobot.a(i2c.oram)
 .bss.i2c_port  0x00204864      0x170 /cygdrive/c/cygwin/nxtOSEK/ecrobot/../ecrobot/libecrobot.a(i2c.oram)
 .bss.sound_mode
                0x002049d4        0x1 /cygdrive/c/cygwin/nxtOSEK/ecrobot/../ecrobot/libecrobot.a(sound.oram)
                0x002049d4                sound_mode
 *fill*         0x002049d5        0x3 00
 .bss.in_buf_idx
                0x002049d8        0x4 /cygdrive/c/cygwin/nxtOSEK/ecrobot/../ecrobot/libecrobot.a(bt.oram)
 .bss.buf_ptr   0x002049dc        0x4 /cygdrive/c/cygwin/nxtOSEK/ecrobot/../ecrobot/libecrobot.a(bt.oram)
 .bss.out_buf   0x002049e0      0x200 /cygdrive/c/cygwin/nxtOSEK/ecrobot/../ecrobot/libecrobot.a(bt.oram)
 .bss.out_buf_ptr
                0x00204be0        0x1 /cygdrive/c/cygwin/nxtOSEK/ecrobot/../ecrobot/libecrobot.a(bt.oram)
 .bss.in_buf_in_ptr
                0x00204be1        0x1 /cygdrive/c/cygwin/nxtOSEK/ecrobot/../ecrobot/libecrobot.a(bt.oram)
 .bss.in_buf    0x00204be2      0x100 /cygdrive/c/cygwin/nxtOSEK/ecrobot/../ecrobot/libecrobot.a(bt.oram)
 *fill*         0x00204ce2        0x2 00
 .bss.link_state
                0x00204ce4        0x4 /cygdrive/c/cygwin/nxtOSEK/ecrobot/../ecrobot/libecrobot.a(nxt_avr.oram)
 .bss.update_count
                0x00204ce8        0x4 /cygdrive/c/cygwin/nxtOSEK/ecrobot/../ecrobot/libecrobot.a(nxt_avr.oram)
 .bss.nxt_avr_stats
                0x00204cec       0x14 /cygdrive/c/cygwin/nxtOSEK/ecrobot/../ecrobot/libecrobot.a(nxt_avr.oram)
 .bss.debounce_cnt
                0x00204d00        0x2 /cygdrive/c/cygwin/nxtOSEK/ecrobot/../ecrobot/libecrobot.a(nxt_avr.oram)
 .bss.debounce_state
                0x00204d02        0x2 /cygdrive/c/cygwin/nxtOSEK/ecrobot/../ecrobot/libecrobot.a(nxt_avr.oram)
 .bss.button_state
                0x00204d04        0x2 /cygdrive/c/cygwin/nxtOSEK/ecrobot/../ecrobot/libecrobot.a(nxt_avr.oram)
 .bss.prev_buttons
                0x00204d06        0x2 /cygdrive/c/cygwin/nxtOSEK/ecrobot/../ecrobot/libecrobot.a(nxt_avr.oram)
 .bss.from_buf  0x00204d08        0x4 /cygdrive/c/cygwin/nxtOSEK/ecrobot/../ecrobot/libecrobot.a(nxt_avr.oram)
 .bss.io_from_avr
                0x00204d0c        0x4 /cygdrive/c/cygwin/nxtOSEK/ecrobot/../ecrobot/libecrobot.a(nxt_avr.oram)
 .bss.data_from_avr
                0x00204d10       0x1a /cygdrive/c/cygwin/nxtOSEK/ecrobot/../ecrobot/libecrobot.a(nxt_avr.oram)
 .bss.data_to_avr
                0x00204d2a        0x9 /cygdrive/c/cygwin/nxtOSEK/ecrobot/../ecrobot/libecrobot.a(nxt_avr.oram)
 .bss.io_to_avr
                0x00204d33        0x8 /cygdrive/c/cygwin/nxtOSEK/ecrobot/../ecrobot/libecrobot.a(nxt_avr.oram)
 *fill*         0x00204d3b        0x1 00
 .bss.display   0x00204d3c        0x4 /cygdrive/c/cygwin/nxtOSEK/ecrobot/../ecrobot/libecrobot.a(nxt_lcd.oram)
 .bss           0x00204d40       0x34 /cygdrive/C/cygwin/GNUARM/bin/../lib/gcc/arm-elf/4.0.2/../../../../arm-elf/lib/thumb/interwork/libc.a(mallocr.o)
                0x00204d70                __malloc_top_pad
                0x00204d6c                __malloc_max_sbrked_mem
                0x00204d40                __malloc_current_mallinfo
                0x00204d68                __malloc_max_total_mem
 .bss           0x00204d74       0xb0 /cygdrive/C/cygwin/GNUARM/bin/../lib/gcc/arm-elf/4.0.2/../../../../arm-elf/lib/thumb/interwork/libc.a(syscalls.o)
                0x00204e30                . = ALIGN (0x10)
 *fill*         0x00204e24        0xc 00
                0x00204e30                __bss_end__ = .
 COMMON         0x00204e30        0x2 build/kernel/interrupt.o
                0x00204e30                runisr
                0x00204e31                sus_all_cnt
 *fill*         0x00204e32        0x2 00
 COMMON         0x00204e34       0x10 build/kernel/osctl.o
                0x00204e34                callevel
                0x00204e35                _errorhook_svcid
                0x00204e36                appmode
                0x00204e38                _errorhook_par1
                0x00204e3c                _errorhook_par3
                0x00204e40                _errorhook_par2
 COMMON         0x00204e44        0x3 build/kernel/task.o
                0x00204e44                runtsk
                0x00204e45                schedtsk
                0x00204e46                nextpri
 *fill*         0x00204e47        0x1 00
 COMMON         0x00204e48       0x2c build/./kernel_cfg.o
                0x00204e48                tcb_waievt
                0x00204e4c                rescb_prevpri
                0x00204e4d                almcb_prev
                0x00204e4e                tcb_lastres
                0x00204e50                almcb_almval
                0x00204e54                tcxb_pc
                0x00204e58                tcb_next
                0x00204e59                tcb_curpri
                0x00204e5a                tcb_tstat
                0x00204e5b                isrcb_lastres
                0x00204e5c                cntcb_almque
                0x00204e5d                rescb_prevres
                0x00204e5e                tcb_actcnt
                0x00204e60                tcb_curevt
                0x00204e64                almcb_cycle
                0x00204e68                tcxb_sp
                0x00204e6c                almcb_next
                0x00204e70                cntcb_curval
 COMMON         0x00204e74       0x44 /cygdrive/c/cygwin/nxtOSEK/ecrobot/../ecrobot/libecrobot.a(uart.oram)
                0x00204e74                uart
 COMMON         0x00204eb8        0x4 /cygdrive/c/cygwin/nxtOSEK/ecrobot/../ecrobot/libecrobot.a(data_abort.oram)
                0x00204eb8                data_abort_pc
 COMMON         0x00204ebc        0x8 /cygdrive/c/cygwin/nxtOSEK/ecrobot/../ecrobot/libecrobot.a(display.oram)
                0x00204ebc                display_x
                0x00204ec0                display_y
 COMMON         0x00204ec4      0x31c /cygdrive/c/cygwin/nxtOSEK/ecrobot/../ecrobot/libecrobot.a(sound.oram)
                0x00204ec4                sample
 COMMON         0x002051e0        0x4 /cygdrive/C/cygwin/GNUARM/bin/../lib/gcc/arm-elf/4.0.2/../../../../arm-elf/lib/thumb/interwork/libc.a(reent.o)
                0x002051e0                errno
                0x00203d50                __bss_start__ = ADDR (.bss)
                0x002051e4                __bss_end__ = (ADDR (.bss) + SIZEOF (.bss))
                0x002051e4                PROVIDE (end, .)

.heap_area      0x002051e4     0xa994
                0x0020fb78                . = (. + (0x20fb78 - end))
 *fill*         0x002051e4     0xa994 00

.stack          0x0020fb78      0x488
                0x0020fbf8                . = (. + 0x80)
 *fill*         0x0020fb78       0x80 00
                0x0020fc00                . = ALIGN (0x10)
 *fill*         0x0020fbf8        0x8 00
                0x0020fc00                __irq_stack__ = .
                0x0020fc00                __system_stack_bottom__ = .
                0x00210000                . = (. + 0x400)
 *fill*         0x0020fc00      0x400 00
                0x00210000                . = ALIGN (0x10)
                0x00210000                __system_stack__ = .
                0x00210000                __system_stack_top__ = .
                0x0020fb78                __stack_start__ = ADDR (.stack)
                0x00210000                __stack_end__ = (ADDR (.stack) + SIZEOF (.stack))
OUTPUT(tyreal_rom.elf elf32-littlearm)

.comment        0x00000000      0x5fa
 .comment       0x00000000       0x12 build/kernel/alarm.o
 .comment       0x00000012       0x12 build/kernel/event.o
 .comment       0x00000024       0x12 build/kernel/interrupt.o
 .comment       0x00000036       0x12 build/kernel/osctl.o
 .comment       0x00000048       0x12 build/kernel/resource.o
 .comment       0x0000005a       0x12 build/kernel/task.o
 .comment       0x0000006c       0x12 build/kernel/task_manage.o
 .comment       0x0000007e       0x12 build/config/at91sam7s-gnu/cpu_config.o
 .comment       0x00000090       0x12 build/config/at91sam7s-gnu/lego_nxt/sys_config.o
 .comment       0x000000a2       0x12 build/./kernel_cfg.o
 .comment       0x000000b4       0x12 build/syscalls.o
 .comment       0x000000c6       0x12 build/ecrobot_bluetooth.o
 .comment       0x000000d8       0x12 build/ecrobot_base.o
 .comment       0x000000ea       0x12 build/ecrobot.o
 .comment       0x000000fc       0x12 build/balancer_param.o
 .comment       0x0000010e       0x12 build/sample.o
 .comment       0x00000120       0x12 build/logSend.o
 .comment       0x00000132       0x12 build/syslib/at91sam7s-gnu/lego_nxt/hw_sys_timer.oram
 .comment       0x00000144       0x12 /cygdrive/c/cygwin/nxtOSEK/ecrobot/../ecrobot/libecrobot.a(ecrobot_interface.o)
 .comment       0x00000156       0x12 /cygdrive/c/cygwin/nxtOSEK/ecrobot/../ecrobot/libecrobot.a(colorsensor.o)
 .comment       0x00000168       0x12 /cygdrive/c/cygwin/nxtOSEK/ecrobot/../ecrobot/libecrobot.a(osek_hook.o)
 .comment       0x0000017a       0x12 /cygdrive/c/cygwin/nxtOSEK/ecrobot/../ecrobot/libecrobot.a(uart.oram)
 .comment       0x0000018c       0x12 /cygdrive/c/cygwin/nxtOSEK/ecrobot/../ecrobot/libecrobot.a(systick.oram)
 .comment       0x0000019e       0x12 /cygdrive/c/cygwin/nxtOSEK/ecrobot/../ecrobot/libecrobot.a(byte_fifo.oram)
 .comment       0x000001b0       0x12 /cygdrive/c/cygwin/nxtOSEK/ecrobot/../ecrobot/libecrobot.a(aic.oram)
 .comment       0x000001c2       0x12 /cygdrive/c/cygwin/nxtOSEK/ecrobot/../ecrobot/libecrobot.a(udp.oram)
 .comment       0x000001d4       0x12 /cygdrive/c/cygwin/nxtOSEK/ecrobot/../ecrobot/libecrobot.a(twi.oram)
 .comment       0x000001e6       0x12 /cygdrive/c/cygwin/nxtOSEK/ecrobot/../ecrobot/libecrobot.a(nxt_spi.oram)
 .comment       0x000001f8       0x12 /cygdrive/c/cygwin/nxtOSEK/ecrobot/../ecrobot/libecrobot.a(nxt_motors.oram)
 .comment       0x0000020a       0x12 /cygdrive/c/cygwin/nxtOSEK/ecrobot/../ecrobot/libecrobot.a(data_abort.oram)
 .comment       0x0000021c       0x12 /cygdrive/c/cygwin/nxtOSEK/ecrobot/../ecrobot/libecrobot.a(display.oram)
 .comment       0x0000022e       0x12 /cygdrive/c/cygwin/nxtOSEK/ecrobot/../ecrobot/libecrobot.a(i2c.oram)
 .comment       0x00000240       0x12 /cygdrive/c/cygwin/nxtOSEK/ecrobot/../ecrobot/libecrobot.a(sound.oram)
 .comment       0x00000252       0x12 /cygdrive/c/cygwin/nxtOSEK/ecrobot/../ecrobot/libecrobot.a(bt.oram)
 .comment       0x00000264       0x12 /cygdrive/c/cygwin/nxtOSEK/ecrobot/../ecrobot/libecrobot.a(nxt_avr.oram)
 .comment       0x00000276       0x12 /cygdrive/c/cygwin/nxtOSEK/ecrobot/../ecrobot/libecrobot.a(sensors.oram)
 .comment       0x00000288       0x12 /cygdrive/c/cygwin/nxtOSEK/ecrobot/../ecrobot/libecrobot.a(sensors1.oram)
 .comment       0x0000029a       0x12 /cygdrive/c/cygwin/nxtOSEK/ecrobot/../ecrobot/libecrobot.a(nxt_lcd.oram)
 .comment       0x000002ac       0x12 /cygdrive/c/cygwin/nxtOSEK/ecrobot/../ecrobot/libecrobot.a(flash_loader.oram)
 .comment       0x000002be       0x12 /cygdrive/c/cygwin/nxtOSEK/ecrobot/../ecrobot/libecrobot.a(ecrobot_usb.o)
 .comment       0x000002d0       0x12 /cygdrive/c/cygwin/nxtOSEK/ecrobot/../ecrobot/libecrobot.a(flashprog.oram)
 .comment       0x000002e2       0x12 /cygdrive/C/cygwin/GNUARM/bin/../lib/gcc/arm-elf/4.0.2/thumb/interwork/libgcc.a(_muldi3.o)
 .comment       0x000002f4       0x12 /cygdrive/C/cygwin/GNUARM/bin/../lib/gcc/arm-elf/4.0.2/thumb/interwork/libgcc.a(_divdi3.o)
 .comment       0x00000306       0x12 /cygdrive/C/cygwin/GNUARM/bin/../lib/gcc/arm-elf/4.0.2/thumb/interwork/libgcc.a(_clz.o)
 .comment       0x00000318       0x12 /cygdrive/C/cygwin/GNUARM/bin/../lib/gcc/arm-elf/4.0.2/../../../../arm-elf/lib/thumb/interwork/libc.a(abs.o)
 .comment       0x0000032a       0x12 /cygdrive/C/cygwin/GNUARM/bin/../lib/gcc/arm-elf/4.0.2/../../../../arm-elf/lib/thumb/interwork/libc.a(memcpy.o)
 .comment       0x0000033c       0x12 /cygdrive/C/cygwin/GNUARM/bin/../lib/gcc/arm-elf/4.0.2/../../../../arm-elf/lib/thumb/interwork/libc.a(memset.o)
 .comment       0x0000034e       0x12 /cygdrive/C/cygwin/GNUARM/bin/../lib/gcc/arm-elf/4.0.2/../../../../arm-elf/lib/thumb/interwork/libc.a(sprintf.o)
 .comment       0x00000360       0x12 /cygdrive/C/cygwin/GNUARM/bin/../lib/gcc/arm-elf/4.0.2/../../../../arm-elf/lib/thumb/interwork/libc.a(strcmp.o)
 .comment       0x00000372       0x12 /cygdrive/C/cygwin/GNUARM/bin/../lib/gcc/arm-elf/4.0.2/../../../../arm-elf/lib/thumb/interwork/libc.a(strcpy.o)
 .comment       0x00000384       0x12 /cygdrive/C/cygwin/GNUARM/bin/../lib/gcc/arm-elf/4.0.2/../../../../arm-elf/lib/thumb/interwork/libc.a(strlen.o)
 .comment       0x00000396       0x12 /cygdrive/C/cygwin/GNUARM/bin/../lib/gcc/arm-elf/4.0.2/../../../../arm-elf/lib/thumb/interwork/libc.a(strncpy.o)
 .comment       0x000003a8       0x12 /cygdrive/C/cygwin/GNUARM/bin/../lib/gcc/arm-elf/4.0.2/../../../../arm-elf/lib/thumb/interwork/libc.a(vfprintf.o)
 .comment       0x000003ba       0x12 /cygdrive/C/cygwin/GNUARM/bin/../lib/gcc/arm-elf/4.0.2/../../../../arm-elf/lib/thumb/interwork/libc.a(wcrtomb.o)
 .comment       0x000003cc       0x12 /cygdrive/C/cygwin/GNUARM/bin/../lib/gcc/arm-elf/4.0.2/../../../../arm-elf/lib/thumb/interwork/libc.a(wcsrtombs.o)
 .comment       0x000003de       0x12 /cygdrive/C/cygwin/GNUARM/bin/../lib/gcc/arm-elf/4.0.2/../../../../arm-elf/lib/thumb/interwork/libc.a(wctomb_r.o)
 .comment       0x000003f0       0x12 /cygdrive/C/cygwin/GNUARM/bin/../lib/gcc/arm-elf/4.0.2/../../../../arm-elf/lib/thumb/interwork/libc.a(wsetup.o)
 .comment       0x00000402       0x12 /cygdrive/C/cygwin/GNUARM/bin/../lib/gcc/arm-elf/4.0.2/../../../../arm-elf/lib/thumb/interwork/libc.a(dtoa.o)
 .comment       0x00000414       0x12 /cygdrive/C/cygwin/GNUARM/bin/../lib/gcc/arm-elf/4.0.2/../../../../arm-elf/lib/thumb/interwork/libc.a(fflush.o)
 .comment       0x00000426       0x12 /cygdrive/C/cygwin/GNUARM/bin/../lib/gcc/arm-elf/4.0.2/../../../../arm-elf/lib/thumb/interwork/libc.a(findfp.o)
 .comment       0x00000438       0x12 /cygdrive/C/cygwin/GNUARM/bin/../lib/gcc/arm-elf/4.0.2/../../../../arm-elf/lib/thumb/interwork/libc.a(freer.o)
 .comment       0x0000044a       0x12 /cygdrive/C/cygwin/GNUARM/bin/../lib/gcc/arm-elf/4.0.2/../../../../arm-elf/lib/thumb/interwork/libc.a(fvwrite.o)
 .comment       0x0000045c       0x12 /cygdrive/C/cygwin/GNUARM/bin/../lib/gcc/arm-elf/4.0.2/../../../../arm-elf/lib/thumb/interwork/libc.a(fwalk.o)
 .comment       0x0000046e       0x12 /cygdrive/C/cygwin/GNUARM/bin/../lib/gcc/arm-elf/4.0.2/../../../../arm-elf/lib/thumb/interwork/libc.a(impure.o)
 .comment       0x00000480       0x12 /cygdrive/C/cygwin/GNUARM/bin/../lib/gcc/arm-elf/4.0.2/../../../../arm-elf/lib/thumb/interwork/libc.a(locale.o)
 .comment       0x00000492       0x12 /cygdrive/C/cygwin/GNUARM/bin/../lib/gcc/arm-elf/4.0.2/../../../../arm-elf/lib/thumb/interwork/libc.a(makebuf.o)
 .comment       0x000004a4       0x12 /cygdrive/C/cygwin/GNUARM/bin/../lib/gcc/arm-elf/4.0.2/../../../../arm-elf/lib/thumb/interwork/libc.a(mallocr.o)
 .comment       0x000004b6       0x12 /cygdrive/C/cygwin/GNUARM/bin/../lib/gcc/arm-elf/4.0.2/../../../../arm-elf/lib/thumb/interwork/libc.a(memchr.o)
 .comment       0x000004c8       0x12 /cygdrive/C/cygwin/GNUARM/bin/../lib/gcc/arm-elf/4.0.2/../../../../arm-elf/lib/thumb/interwork/libc.a(memmove.o)
 .comment       0x000004da       0x12 /cygdrive/C/cygwin/GNUARM/bin/../lib/gcc/arm-elf/4.0.2/../../../../arm-elf/lib/thumb/interwork/libc.a(mlock.o)
 .comment       0x000004ec       0x12 /cygdrive/C/cygwin/GNUARM/bin/../lib/gcc/arm-elf/4.0.2/../../../../arm-elf/lib/thumb/interwork/libc.a(mprec.o)
 .comment       0x000004fe       0x12 /cygdrive/C/cygwin/GNUARM/bin/../lib/gcc/arm-elf/4.0.2/../../../../arm-elf/lib/thumb/interwork/libc.a(reallocr.o)
 .comment       0x00000510       0x12 /cygdrive/C/cygwin/GNUARM/bin/../lib/gcc/arm-elf/4.0.2/../../../../arm-elf/lib/thumb/interwork/libc.a(s_isinf.o)
 .comment       0x00000522       0x12 /cygdrive/C/cygwin/GNUARM/bin/../lib/gcc/arm-elf/4.0.2/../../../../arm-elf/lib/thumb/interwork/libc.a(s_isnan.o)
 .comment       0x00000534       0x12 /cygdrive/C/cygwin/GNUARM/bin/../lib/gcc/arm-elf/4.0.2/../../../../arm-elf/lib/thumb/interwork/libc.a(stdio.o)
 .comment       0x00000546       0x12 /cygdrive/C/cygwin/GNUARM/bin/../lib/gcc/arm-elf/4.0.2/../../../../arm-elf/lib/thumb/interwork/libc.a(syscalls.o)
 .comment       0x00000558       0x12 /cygdrive/C/cygwin/GNUARM/bin/../lib/gcc/arm-elf/4.0.2/../../../../arm-elf/lib/thumb/interwork/libc.a(writer.o)
 .comment       0x0000056a       0x12 /cygdrive/C/cygwin/GNUARM/bin/../lib/gcc/arm-elf/4.0.2/../../../../arm-elf/lib/thumb/interwork/libc.a(callocr.o)
 .comment       0x0000057c       0x12 /cygdrive/C/cygwin/GNUARM/bin/../lib/gcc/arm-elf/4.0.2/../../../../arm-elf/lib/thumb/interwork/libc.a(closer.o)
 .comment       0x0000058e       0x12 /cygdrive/C/cygwin/GNUARM/bin/../lib/gcc/arm-elf/4.0.2/../../../../arm-elf/lib/thumb/interwork/libc.a(errno.o)
 .comment       0x000005a0       0x12 /cygdrive/C/cygwin/GNUARM/bin/../lib/gcc/arm-elf/4.0.2/../../../../arm-elf/lib/thumb/interwork/libc.a(fclose.o)
 .comment       0x000005b2       0x12 /cygdrive/C/cygwin/GNUARM/bin/../lib/gcc/arm-elf/4.0.2/../../../../arm-elf/lib/thumb/interwork/libc.a(fstatr.o)
 .comment       0x000005c4       0x12 /cygdrive/C/cygwin/GNUARM/bin/../lib/gcc/arm-elf/4.0.2/../../../../arm-elf/lib/thumb/interwork/libc.a(lseekr.o)
 .comment       0x000005d6       0x12 /cygdrive/C/cygwin/GNUARM/bin/../lib/gcc/arm-elf/4.0.2/../../../../arm-elf/lib/thumb/interwork/libc.a(readr.o)
 .comment       0x000005e8       0x12 /cygdrive/C/cygwin/GNUARM/bin/../lib/gcc/arm-elf/4.0.2/../../../../arm-elf/lib/thumb/interwork/libc.a(reent.o)

.debug_line     0x00000000     0x4488
 .debug_line    0x00000000       0x70 /cygdrive/C/cygwin/GNUARM/bin/../lib/gcc/arm-elf/4.0.2/thumb/interwork/libgcc.a(_udivsi3.o)
 .debug_line    0x00000070       0x7c /cygdrive/C/cygwin/GNUARM/bin/../lib/gcc/arm-elf/4.0.2/thumb/interwork/libgcc.a(_divsi3.o)
 .debug_line    0x000000ec       0x68 /cygdrive/C/cygwin/GNUARM/bin/../lib/gcc/arm-elf/4.0.2/thumb/interwork/libgcc.a(_umodsi3.o)
 .debug_line    0x00000154       0x71 /cygdrive/C/cygwin/GNUARM/bin/../lib/gcc/arm-elf/4.0.2/thumb/interwork/libgcc.a(_modsi3.o)
 .debug_line    0x000001c5       0x5a /cygdrive/C/cygwin/GNUARM/bin/../lib/gcc/arm-elf/4.0.2/thumb/interwork/libgcc.a(_dvmd_tls.o)
 .debug_line    0x0000021f      0x162 /cygdrive/C/cygwin/GNUARM/bin/../lib/gcc/arm-elf/4.0.2/thumb/interwork/libgcc.a(_addsubdf3.o)
 .debug_line    0x00000381      0x177 /cygdrive/C/cygwin/GNUARM/bin/../lib/gcc/arm-elf/4.0.2/thumb/interwork/libgcc.a(_muldivdf3.o)
 .debug_line    0x000004f8       0xa4 /cygdrive/C/cygwin/GNUARM/bin/../lib/gcc/arm-elf/4.0.2/thumb/interwork/libgcc.a(_cmpdf2.o)
 .debug_line    0x0000059c       0x80 /cygdrive/C/cygwin/GNUARM/bin/../lib/gcc/arm-elf/4.0.2/thumb/interwork/libgcc.a(_truncdfsf2.o)
 .debug_line    0x0000061c      0x110 /cygdrive/C/cygwin/GNUARM/bin/../lib/gcc/arm-elf/4.0.2/thumb/interwork/libgcc.a(_addsubsf3.o)
 .debug_line    0x0000072c      0x11a /cygdrive/C/cygwin/GNUARM/bin/../lib/gcc/arm-elf/4.0.2/thumb/interwork/libgcc.a(_muldivsf3.o)
 .debug_line    0x00000846       0x98 /cygdrive/C/cygwin/GNUARM/bin/../lib/gcc/arm-elf/4.0.2/thumb/interwork/libgcc.a(_cmpsf2.o)
 .debug_line    0x000008de       0x6f /cygdrive/C/cygwin/GNUARM/bin/../lib/gcc/arm-elf/4.0.2/thumb/interwork/libgcc.a(_fixsfsi.o)
 .debug_line    0x0000094d       0x61 /cygdrive/C/cygwin/GNUARM/bin/../lib/gcc/arm-elf/4.0.2/thumb/interwork/libgcc.a(_muldi3.o)
 .debug_line    0x000009ae      0x122 /cygdrive/C/cygwin/GNUARM/bin/../lib/gcc/arm-elf/4.0.2/thumb/interwork/libgcc.a(_divdi3.o)
 .debug_line    0x00000ad0       0x48 /cygdrive/C/cygwin/GNUARM/bin/../lib/gcc/arm-elf/4.0.2/thumb/interwork/libgcc.a(_clz.o)
 .debug_line    0x00000b18       0x6a /cygdrive/C/cygwin/GNUARM/bin/../lib/gcc/arm-elf/4.0.2/../../../../arm-elf/lib/thumb/interwork/libc.a(abs.o)
 .debug_line    0x00000b82       0xc3 /cygdrive/C/cygwin/GNUARM/bin/../lib/gcc/arm-elf/4.0.2/../../../../arm-elf/lib/thumb/interwork/libc.a(memcpy.o)
 .debug_line    0x00000c45       0xd4 /cygdrive/C/cygwin/GNUARM/bin/../lib/gcc/arm-elf/4.0.2/../../../../arm-elf/lib/thumb/interwork/libc.a(memset.o)
 .debug_line    0x00000d19      0x16a /cygdrive/C/cygwin/GNUARM/bin/../lib/gcc/arm-elf/4.0.2/../../../../arm-elf/lib/thumb/interwork/libc.a(sprintf.o)
 .debug_line    0x00000e83       0x88 /cygdrive/C/cygwin/GNUARM/bin/../lib/gcc/arm-elf/4.0.2/../../../../arm-elf/lib/thumb/interwork/libc.a(strcmp.o)
 .debug_line    0x00000f0b       0x80 /cygdrive/C/cygwin/GNUARM/bin/../lib/gcc/arm-elf/4.0.2/../../../../arm-elf/lib/thumb/interwork/libc.a(strcpy.o)
 .debug_line    0x00000f8b       0xaf /cygdrive/C/cygwin/GNUARM/bin/../lib/gcc/arm-elf/4.0.2/../../../../arm-elf/lib/thumb/interwork/libc.a(strlen.o)
 .debug_line    0x0000103a       0xc2 /cygdrive/C/cygwin/GNUARM/bin/../lib/gcc/arm-elf/4.0.2/../../../../arm-elf/lib/thumb/interwork/libc.a(strncpy.o)
 .debug_line    0x000010fc      0x560 /cygdrive/C/cygwin/GNUARM/bin/../lib/gcc/arm-elf/4.0.2/../../../../arm-elf/lib/thumb/interwork/libc.a(vfprintf.o)
 .debug_line    0x0000165c      0x13c /cygdrive/C/cygwin/GNUARM/bin/../lib/gcc/arm-elf/4.0.2/../../../../arm-elf/lib/thumb/interwork/libc.a(wcrtomb.o)
 .debug_line    0x00001798      0x16a /cygdrive/C/cygwin/GNUARM/bin/../lib/gcc/arm-elf/4.0.2/../../../../arm-elf/lib/thumb/interwork/libc.a(wcsrtombs.o)
 .debug_line    0x00001902      0x1b2 /cygdrive/C/cygwin/GNUARM/bin/../lib/gcc/arm-elf/4.0.2/../../../../arm-elf/lib/thumb/interwork/libc.a(wctomb_r.o)
 .debug_line    0x00001ab4      0x14c /cygdrive/C/cygwin/GNUARM/bin/../lib/gcc/arm-elf/4.0.2/../../../../arm-elf/lib/thumb/interwork/libc.a(wsetup.o)
 .debug_line    0x00001c00      0x41d /cygdrive/C/cygwin/GNUARM/bin/../lib/gcc/arm-elf/4.0.2/../../../../arm-elf/lib/thumb/interwork/libc.a(dtoa.o)
 .debug_line    0x0000201d      0x146 /cygdrive/C/cygwin/GNUARM/bin/../lib/gcc/arm-elf/4.0.2/../../../../arm-elf/lib/thumb/interwork/libc.a(fflush.o)
 .debug_line    0x00002163      0x19e /cygdrive/C/cygwin/GNUARM/bin/../lib/gcc/arm-elf/4.0.2/../../../../arm-elf/lib/thumb/interwork/libc.a(findfp.o)
 .debug_line    0x00002301      0x164 /cygdrive/C/cygwin/GNUARM/bin/../lib/gcc/arm-elf/4.0.2/../../../../arm-elf/lib/thumb/interwork/libc.a(freer.o)
 .debug_line    0x00002465      0x1cf /cygdrive/C/cygwin/GNUARM/bin/../lib/gcc/arm-elf/4.0.2/../../../../arm-elf/lib/thumb/interwork/libc.a(fvwrite.o)
 .debug_line    0x00002634      0x158 /cygdrive/C/cygwin/GNUARM/bin/../lib/gcc/arm-elf/4.0.2/../../../../arm-elf/lib/thumb/interwork/libc.a(fwalk.o)
 .debug_line    0x0000278c       0xe3 /cygdrive/C/cygwin/GNUARM/bin/../lib/gcc/arm-elf/4.0.2/../../../../arm-elf/lib/thumb/interwork/libc.a(impure.o)
 .debug_line    0x0000286f      0x145 /cygdrive/C/cygwin/GNUARM/bin/../lib/gcc/arm-elf/4.0.2/../../../../arm-elf/lib/thumb/interwork/libc.a(locale.o)
 .debug_line    0x000029b4      0x166 /cygdrive/C/cygwin/GNUARM/bin/../lib/gcc/arm-elf/4.0.2/../../../../arm-elf/lib/thumb/interwork/libc.a(makebuf.o)
 .debug_line    0x00002b1a      0x23d /cygdrive/C/cygwin/GNUARM/bin/../lib/gcc/arm-elf/4.0.2/../../../../arm-elf/lib/thumb/interwork/libc.a(mallocr.o)
 .debug_line    0x00002d57       0xda /cygdrive/C/cygwin/GNUARM/bin/../lib/gcc/arm-elf/4.0.2/../../../../arm-elf/lib/thumb/interwork/libc.a(memchr.o)