Archive member included because of file (symbol)

/cygdrive/c/cygwin/nxtOSEK/ecrobot/../ecrobot/libecrobot.a(ecrobot_interface.o)
                              build/sample.o (ecrobot_set_light_sensor_active)
/cygdrive/c/cygwin/nxtOSEK/ecrobot/../ecrobot/libecrobot.a(colorsensor.o)
                              /cygdrive/c/cygwin/nxtOSEK/ecrobot/../ecrobot/libecrobot.a(ecrobot_interface.o) (colorsensor_init)
/cygdrive/c/cygwin/nxtOSEK/ecrobot/../ecrobot/libecrobot.a(osek_hook.o)
                              build/kernel/osctl.o (StartupHook)
/cygdrive/c/cygwin/nxtOSEK/ecrobot/../ecrobot/libecrobot.a(uart.oram)
                              build/config/at91sam7s-gnu/irq.oram (uart_isr_C_0)
/cygdrive/c/cygwin/nxtOSEK/ecrobot/../ecrobot/libecrobot.a(systick.oram)
                              build/syslib/at91sam7s-gnu/lego_nxt/hw_sys_timer.oram (systick_low_priority_C)
/cygdrive/c/cygwin/nxtOSEK/ecrobot/../ecrobot/libecrobot.a(byte_fifo.oram)
                              /cygdrive/c/cygwin/nxtOSEK/ecrobot/../ecrobot/libecrobot.a(uart.oram) (byte_fifo_put)
/cygdrive/c/cygwin/nxtOSEK/ecrobot/../ecrobot/libecrobot.a(aic.oram)
                              /cygdrive/c/cygwin/nxtOSEK/ecrobot/../ecrobot/libecrobot.a(uart.oram) (aic_set_vector)
/cygdrive/c/cygwin/nxtOSEK/ecrobot/../ecrobot/libecrobot.a(udp.oram)
                              build/config/at91sam7s-gnu/irq.oram (udp_isr_C)
/cygdrive/c/cygwin/nxtOSEK/ecrobot/../ecrobot/libecrobot.a(twi.oram)
                              build/config/at91sam7s-gnu/irq.oram (twi_isr_C)
/cygdrive/c/cygwin/nxtOSEK/ecrobot/../ecrobot/libecrobot.a(nxt_spi.oram)
                              build/config/at91sam7s-gnu/irq.oram (spi_isr_C)
/cygdrive/c/cygwin/nxtOSEK/ecrobot/../ecrobot/libecrobot.a(nxt_motors.oram)
                              build/sample.o (nxt_motor_get_count)
/cygdrive/c/cygwin/nxtOSEK/ecrobot/../ecrobot/libecrobot.a(data_abort.oram)
                              build/ecrobot_init.o (data_abort_C)
/cygdrive/c/cygwin/nxtOSEK/ecrobot/../ecrobot/libecrobot.a(display.oram)
                              build/ecrobot_base.o (display_update)
/cygdrive/c/cygwin/nxtOSEK/ecrobot/../ecrobot/libecrobot.a(i2c.oram)
                              build/config/at91sam7s-gnu/irq.oram (i2c_timer_isr_C)
/cygdrive/c/cygwin/nxtOSEK/ecrobot/../ecrobot/libecrobot.a(sound.oram)
                              /cygdrive/c/cygwin/nxtOSEK/ecrobot/../ecrobot/libecrobot.a(ecrobot_interface.o) (sound_get_time)
/cygdrive/c/cygwin/nxtOSEK/ecrobot/../ecrobot/libecrobot.a(bt.oram)
                              build/ecrobot_bluetooth.o (bt_send)
/cygdrive/c/cygwin/nxtOSEK/ecrobot/../ecrobot/libecrobot.a(nxt_avr.oram)
                              build/ecrobot_base.o (nxt_avr_power_down)
/cygdrive/c/cygwin/nxtOSEK/ecrobot/../ecrobot/libecrobot.a(sensors.oram)
                              /cygdrive/c/cygwin/nxtOSEK/ecrobot/../ecrobot/libecrobot.a(ecrobot_interface.o) (unset_digi0)
/cygdrive/c/cygwin/nxtOSEK/ecrobot/../ecrobot/libecrobot.a(sensors1.oram)
                              /cygdrive/c/cygwin/nxtOSEK/ecrobot/../ecrobot/libecrobot.a(colorsensor.o) (sensor_pins)
/cygdrive/c/cygwin/nxtOSEK/ecrobot/../ecrobot/libecrobot.a(nxt_lcd.oram)
                              /cygdrive/c/cygwin/nxtOSEK/ecrobot/../ecrobot/libecrobot.a(display.oram) (nxt_lcd_force_update)
/cygdrive/c/cygwin/nxtOSEK/ecrobot/../ecrobot/libecrobot.a(flash_loader.oram)
                              build/ecrobot_base.o (set_flash_request)
/cygdrive/c/cygwin/nxtOSEK/ecrobot/../ecrobot/libecrobot.a(interrupts.oram)
                              /cygdrive/c/cygwin/nxtOSEK/ecrobot/../ecrobot/libecrobot.a(uart.oram) (interrupts_get_and_disable)
/cygdrive/c/cygwin/nxtOSEK/ecrobot/../ecrobot/libecrobot.a(nxtosek_splash.obmp)
                              build/ecrobot_base.o (nxtosek_splash_bmp_start)
/cygdrive/c/cygwin/nxtOSEK/ecrobot/../ecrobot/libecrobot.a(ecrobot_usb.o)
                              /cygdrive/c/cygwin/nxtOSEK/ecrobot/../ecrobot/libecrobot.a(flash_loader.oram) (ecrobot_init_usb)
/cygdrive/c/cygwin/nxtOSEK/ecrobot/../ecrobot/libecrobot.a(flashprog.oram)
                              /cygdrive/c/cygwin/nxtOSEK/ecrobot/../ecrobot/libecrobot.a(flash_loader.oram) (flash_write_page)
/cygdrive/c/cygwin/GNUARM/bin/../lib/gcc/arm-elf/4.0.2/thumb/interwork/libgcc.a(_udivsi3.o)
                              build/ecrobot_base.o (__udivsi3)
/cygdrive/c/cygwin/GNUARM/bin/../lib/gcc/arm-elf/4.0.2/thumb/interwork/libgcc.a(_divsi3.o)
                              build/sample.o (__divsi3)
/cygdrive/c/cygwin/GNUARM/bin/../lib/gcc/arm-elf/4.0.2/thumb/interwork/libgcc.a(_umodsi3.o)
                              /cygdrive/c/cygwin/nxtOSEK/ecrobot/../ecrobot/libecrobot.a(display.oram) (__umodsi3)
/cygdrive/c/cygwin/GNUARM/bin/../lib/gcc/arm-elf/4.0.2/thumb/interwork/libgcc.a(_modsi3.o)
                              /cygdrive/c/cygwin/nxtOSEK/ecrobot/../ecrobot/libecrobot.a(sound.oram) (__modsi3)
[...]
Memory Configuration

Name             Origin             Length             Attributes
vector_ram       0x00200000         0x00000040
ram              0x00200040         0x0000ffc0
*default*        0x00000000         0xffffffff

Linker script and memory map

LOAD build/kernel/alarm.o
LOAD build/kernel/event.o
LOAD build/kernel/interrupt.o
LOAD build/kernel/osctl.o
LOAD build/kernel/resource.o
LOAD build/kernel/task.o
LOAD build/kernel/task_manage.o
LOAD build/config/at91sam7s-gnu/cpu_config.o
LOAD build/config/at91sam7s-gnu/lego_nxt/sys_config.o
LOAD build/./kernel_cfg.o
LOAD build/syscalls.o
LOAD build/ecrobot_bluetooth.o
LOAD build/ecrobot_base.o
LOAD build/ecrobot.o
LOAD build/balancer_param.o
LOAD build/sample.o
LOAD build/logSend.o
LOAD build/syslib/at91sam7s-gnu/lego_nxt/hw_sys_timer.oram
LOAD build/nxtvm/platform/nxt/vectors.o
LOAD build/config/at91sam7s-gnu/debug.o
LOAD build/config/at91sam7s-gnu/lego_nxt/sys_support.o
LOAD build/nxt_binary_header.o
LOAD build/nxt_entry_point.o
LOAD build/ecrobot_init.o
LOAD build/config/at91sam7s-gnu/cpu_support.oram
LOAD build/config/at91sam7s-gnu/irq.oram
LOAD /cygdrive/c/cygwin/nxtOSEK/ecrobot/../c++/liblejososek.a
LOAD /cygdrive/c/cygwin/nxtOSEK/ecrobot/../ecrobot/libecrobot.a
LOAD /cygdrive/c/cygwin/nxtOSEK/ecrobot/../ecrobot/libnxtway_gs_balancer.a
LOAD /cygdrive/c/cygwin/GNUARM/bin/../lib/gcc/arm-elf/4.0.2/../../../../arm-elf/lib/thumb/interwork/libstdc++.a
LOAD /cygdrive/c/cygwin/GNUARM/bin/../lib/gcc/arm-elf/4.0.2/../../../../arm-elf/lib/thumb/interwork/libm.a
LOAD /cygdrive/c/cygwin/GNUARM/bin/../lib/gcc/arm-elf/4.0.2/thumb/interwork/libgcc.a
LOAD /cygdrive/c/cygwin/GNUARM/bin/../lib/gcc/arm-elf/4.0.2/../../../../arm-elf/lib/thumb/interwork/libc.a
LOAD /cygdrive/c/cygwin/GNUARM/bin/../lib/gcc/arm-elf/4.0.2/thumb/interwork/libgcc.a
                0x00200000                RAM_BASE = 0x200000
                0x00010000                RAM_SIZE = 0x10000

.samba_reserved
                0x00200040     0x1fc0
                0x00202000                . = 0x1fc0
 *fill*         0x00200040     0x1fc0 00
                0x00200040                __samba_ram_start__ = ADDR (.samba_reserved)
                0x00202000                __samba_ram_end__ = (__samba_ram_start__ + SIZEOF (.samba_reserved))

.vectors        0x00200000       0x40 load address 0x00202000
 vectors.o(*.text *.text.*)
 .text          0x00200000       0x38 build/nxtvm/platform/nxt/vectors.o
                0x00200040                . = ALIGN (0x10)
 *fill*         0x00200038        0x8 00
                0x00200000                __vectors_ram_start__ = ADDR (.vectors)
                0x00200040                __vectors_ram_end__ = (ADDR (.vectors) + SIZEOF (.vectors))
                0x00202000                __vectors_load_start__ = LOADADDR (.vectors)
                0x00202040                __vectors_load_end__ = (LOADADDR (.vectors) + SIZEOF (.vectors))

.init           0x00202040      0x280
 *ecrobot_init.o(*.text *.text.*)
 .text          0x00202040      0x280 build/ecrobot_init.o
                0x002021ac                undef_handler
                0x002021b4                prefetch_abort_handler
                0x002021b8                data_abort_handler
                0x002021b0                swi_handler
                0x00202040                start
                0x002021d4                reserved_handler
                0x002022c0                . = ALIGN (0x10)

.ram_text       0x002022c0     0x3480
                0x002022c0                . = ALIGN (0x10)
 *.oram(*.text *.text.* *.glue*)
 .text.systick_isr_C1
                0x002022c0       0x28 build/syslib/at91sam7s-gnu/lego_nxt/hw_sys_timer.oram
                0x002022c0                systick_isr_C1
 *fill*         0x002022e8        0x8 00
 .text          0x002022f0      0x230 build/config/at91sam7s-gnu/cpu_support.oram
                0x002024d0                enable_int
                0x00202370                start_dispatch
                0x00202330                activate_r
                0x002024c8                disable_int
                0x002022f0                dispatch
                0x0020249c                int_return
                0x0020242c                _interrupt
                0x00202360                exit_and_dispatch
                0x002024d8                nop
 .text          0x00202520      0x2c0 build/config/at91sam7s-gnu/irq.oram
                0x00202520                default_isr
                0x002026ac                uart_isr_entry_0
                0x0020262c                twi_isr_entry
                0x002026ec                uart_isr_entry_1
                0x002025ec                spi_isr_entry
                0x0020256c                systick_low_priority_entry
                0x0020272c                nxt_motor_isr_entry
                0x0020276c                i2c_timer_isr_entry
                0x00202520                default_fiq
                0x00202524                systick_isr_entry
                0x00202520                spurious_isr
                0x0020266c                sound_isr_entry
                0x002025ac                udp_isr_entry
 .text.uart_process_isr
                0x002027e0       0x88 /cygdrive/c/cygwin/nxtOSEK/ecrobot/../ecrobot/libecrobot.a(uart.oram)
 .text.uart_isr_C_0
                0x00202868        0xc /cygdrive/c/cygwin/nxtOSEK/ecrobot/../ecrobot/libecrobot.a(uart.oram)
                0x00202868                uart_isr_C_0
 .text.uart_isr_C_1
                0x00202874        0xc /cygdrive/c/cygwin/nxtOSEK/ecrobot/../ecrobot/libecrobot.a(uart.oram)
                0x00202874                uart_isr_C_1
 .text.systick_low_priority_C
                0x00202880       0x1c /cygdrive/c/cygwin/nxtOSEK/ecrobot/../ecrobot/libecrobot.a(systick.oram)
                0x00202880                systick_low_priority_C
 .text.systick_isr_C
                0x0020289c       0x24 /cygdrive/c/cygwin/nxtOSEK/ecrobot/../ecrobot/libecrobot.a(systick.oram)
                0x0020289c                systick_isr_C
 .text.systick_get_ms
                0x002028c0        0xc /cygdrive/c/cygwin/nxtOSEK/ecrobot/../ecrobot/libecrobot.a(systick.oram)
                0x002028c0                systick_get_ms
 .text.systick_wait_ms
                0x002028cc       0x1c /cygdrive/c/cygwin/nxtOSEK/ecrobot/../ecrobot/libecrobot.a(systick.oram)
                0x002028cc                systick_wait_ms
 .text.systick_wait_ns
                0x002028e8       0x1c /cygdrive/c/cygwin/nxtOSEK/ecrobot/../ecrobot/libecrobot.a(systick.oram)
                0x002028e8                systick_wait_ns
 .text.systick_init
                0x00202904       0x58 /cygdrive/c/cygwin/nxtOSEK/ecrobot/../ecrobot/libecrobot.a(systick.oram)
                0x00202904                systick_init
 .text.systick_suspend
                0x0020295c        0xc /cygdrive/c/cygwin/nxtOSEK/ecrobot/../ecrobot/libecrobot.a(systick.oram)
                0x0020295c                systick_suspend
 .text.systick_resume
                0x00202968        0xc /cygdrive/c/cygwin/nxtOSEK/ecrobot/../ecrobot/libecrobot.a(systick.oram)
                0x00202968                systick_resume
 .text.byte_fifo_put
                0x00202974       0x58 /cygdrive/c/cygwin/nxtOSEK/ecrobot/../ecrobot/libecrobot.a(byte_fifo.oram)
                0x00202974                byte_fifo_put
 .text.byte_fifo_get
                0x002029cc       0x2c /cygdrive/c/cygwin/nxtOSEK/ecrobot/../ecrobot/libecrobot.a(byte_fifo.oram)
                0x002029cc                byte_fifo_get
 .text.aic_initialise
                0x002029f8       0x5c /cygdrive/c/cygwin/nxtOSEK/ecrobot/../ecrobot/libecrobot.a(aic.oram)
                0x002029f8                aic_initialise
 .text.aic_set_vector
                0x00202a54       0x30 /cygdrive/c/cygwin/nxtOSEK/ecrobot/../ecrobot/libecrobot.a(aic.oram)
                0x00202a54                aic_set_vector
 .text.aic_mask_on
                0x00202a84       0x24 /cygdrive/c/cygwin/nxtOSEK/ecrobot/../ecrobot/libecrobot.a(aic.oram)
                0x00202a84                aic_mask_on
 .text.aic_mask_off
                0x00202aa8       0x24 /cygdrive/c/cygwin/nxtOSEK/ecrobot/../ecrobot/libecrobot.a(aic.oram)
                0x00202aa8                aic_mask_off
 .text.aic_clear
                0x00202acc       0x24 /cygdrive/c/cygwin/nxtOSEK/ecrobot/../ecrobot/libecrobot.a(aic.oram)
                0x00202acc                aic_clear
 .text.reset    0x00202af0       0x4c /cygdrive/c/cygwin/nxtOSEK/ecrobot/../ecrobot/libecrobot.a(udp.oram)
 .text.udp_send_null
                0x00202b3c       0x2c /cygdrive/c/cygwin/nxtOSEK/ecrobot/../ecrobot/libecrobot.a(udp.oram)
 .text.udp_send_stall
                0x00202b68       0x2c /cygdrive/c/cygwin/nxtOSEK/ecrobot/../ecrobot/libecrobot.a(udp.oram)
 .text.udp_send_control
                0x00202b94       0x60 /cygdrive/c/cygwin/nxtOSEK/ecrobot/../ecrobot/libecrobot.a(udp.oram)
 .text.udp_isr_C
                0x00202bf4      0x7d0 /cygdrive/c/cygwin/nxtOSEK/ecrobot/../ecrobot/libecrobot.a(udp.oram)
                0x00202bf4                udp_isr_C
 .text.twi_status
                0x002033c4       0x20 /cygdrive/c/cygwin/nxtOSEK/ecrobot/../ecrobot/libecrobot.a(twi.oram)
                0x002033c4                twi_status
 .text.twi_isr_C
                0x002033e4       0xc4 /cygdrive/c/cygwin/nxtOSEK/ecrobot/../ecrobot/libecrobot.a(twi.oram)
                0x002033e4                twi_isr_C
 .text.twi_reset
                0x002034a8       0xb4 /cygdrive/c/cygwin/nxtOSEK/ecrobot/../ecrobot/libecrobot.a(twi.oram)
                0x002034a8                twi_reset
 .text.twi_init
                0x0020355c       0x4c /cygdrive/c/cygwin/nxtOSEK/ecrobot/../ecrobot/libecrobot.a(twi.oram)
                0x0020355c                twi_init
 .text.twi_start_read
                0x002035a8       0x60 /cygdrive/c/cygwin/nxtOSEK/ecrobot/../ecrobot/libecrobot.a(twi.oram)
                0x002035a8                twi_start_read
 .text.twi_start_write
                0x00203608       0x64 /cygdrive/c/cygwin/nxtOSEK/ecrobot/../ecrobot/libecrobot.a(twi.oram)
                0x00203608                twi_start_write
 .text.spi_set_mode
                0x0020366c       0x40 /cygdrive/c/cygwin/nxtOSEK/ecrobot/../ecrobot/libecrobot.a(nxt_spi.oram)
 .text.spi_isr_C
                0x002036ac       0x8c /cygdrive/c/cygwin/nxtOSEK/ecrobot/../ecrobot/libecrobot.a(nxt_spi.oram)
                0x002036ac                spi_isr_C
 .text.nxt_spi_init
                0x00203738      0x12c /cygdrive/c/cygwin/nxtOSEK/ecrobot/../ecrobot/libecrobot.a(nxt_spi.oram)
                0x00203738                nxt_spi_init
 .text.nxt_spi_write
                0x00203864       0x44 /cygdrive/c/cygwin/nxtOSEK/ecrobot/../ecrobot/libecrobot.a(nxt_spi.oram)
                0x00203864                nxt_spi_write
 .text.nxt_spi_set_display
                0x002038a8       0x10 /cygdrive/c/cygwin/nxtOSEK/ecrobot/../ecrobot/libecrobot.a(nxt_spi.oram)
                0x002038a8                nxt_spi_set_display
 .text.nxt_spi_refresh
                0x002038b8       0x24 /cygdrive/c/cygwin/nxtOSEK/ecrobot/../ecrobot/libecrobot.a(nxt_spi.oram)
                0x002038b8                nxt_spi_refresh
 .text.nxt_motor_get_count
                0x002038dc       0x14 /cygdrive/c/cygwin/nxtOSEK/ecrobot/../ecrobot/libecrobot.a(nxt_motors.oram)
                0x002038dc                nxt_motor_get_count
 .text.nxt_motor_set_count
                0x002038f0       0x10 /cygdrive/c/cygwin/nxtOSEK/ecrobot/../ecrobot/libecrobot.a(nxt_motors.oram)
                0x002038f0                nxt_motor_set_count
 .text.nxt_motor_1kHz_process
                0x00203900       0x28 /cygdrive/c/cygwin/nxtOSEK/ecrobot/../ecrobot/libecrobot.a(nxt_motors.oram)
                0x00203900                nxt_motor_1kHz_process
 .text.nxt_motor_quad_decode
                0x00203928       0x30 /cygdrive/c/cygwin/nxtOSEK/ecrobot/../ecrobot/libecrobot.a(nxt_motors.oram)
                0x00203928                nxt_motor_quad_decode
 .text.nxt_motor_isr_C
                0x00203958       0x88 /cygdrive/c/cygwin/nxtOSEK/ecrobot/../ecrobot/libecrobot.a(nxt_motors.oram)
                0x00203958                nxt_motor_isr_C
 .text.nxt_motor_init
                0x002039e0       0x68 /cygdrive/c/cygwin/nxtOSEK/ecrobot/../ecrobot/libecrobot.a(nxt_motors.oram)
                0x002039e0                nxt_motor_init
 .text.data_abort_C
                0x00203a48       0x7c /cygdrive/c/cygwin/nxtOSEK/ecrobot/../ecrobot/libecrobot.a(data_abort.oram)
                0x00203a48                data_abort_C
 .text.display_update
                0x00203ac4       0x14 /cygdrive/c/cygwin/nxtOSEK/ecrobot/../ecrobot/libecrobot.a(display.oram)
                0x00203ac4                display_update
 .text.display_force_update
                0x00203ad8        0xc /cygdrive/c/cygwin/nxtOSEK/ecrobot/../ecrobot/libecrobot.a(display.oram)
                0x00203ad8                display_force_update
 .text.display_clear
                0x00203ae4       0x24 /cygdrive/c/cygwin/nxtOSEK/ecrobot/../ecrobot/libecrobot.a(display.oram)
                0x00203ae4                display_clear
 .text.display_goto_xy
                0x00203b08       0x14 /cygdrive/c/cygwin/nxtOSEK/ecrobot/../ecrobot/libecrobot.a(display.oram)
                0x00203b08                display_goto_xy
 .text.display_char
                0x00203b1c       0x60 /cygdrive/c/cygwin/nxtOSEK/ecrobot/../ecrobot/libecrobot.a(display.oram)
                0x00203b1c                display_char
 .text.display_string
                0x00203b7c       0x3c /cygdrive/c/cygwin/nxtOSEK/ecrobot/../ecrobot/libecrobot.a(display.oram)
                0x00203b7c                display_string
 .text.display_hex
                0x00203bb8       0x50 /cygdrive/c/cygwin/nxtOSEK/ecrobot/../ecrobot/libecrobot.a(display.oram)
                0x00203bb8                display_hex
 .text.display_unsigned_worker
                0x00203c08       0x70 /cygdrive/c/cygwin/nxtOSEK/ecrobot/../ecrobot/libecrobot.a(display.oram)
 .text.display_unsigned
                0x00203c78        0xc /cygdrive/c/cygwin/nxtOSEK/ecrobot/../ecrobot/libecrobot.a(display.oram)
                0x00203c78                display_unsigned
 .text.display_bitmap_copy
                0x00203c84       0x5c /cygdrive/c/cygwin/nxtOSEK/ecrobot/../ecrobot/libecrobot.a(display.oram)
                0x00203c84                display_bitmap_copy
 .text.display_init
                0x00203ce0       0x50 /cygdrive/c/cygwin/nxtOSEK/ecrobot/../ecrobot/libecrobot.a(display.oram)
                0x00203ce0                display_init
 .text.i2c_timer_isr_C
                0x00203d30      0x314 /cygdrive/c/cygwin/nxtOSEK/ecrobot/../ecrobot/libecrobot.a(i2c.oram)
                0x00203d30                i2c_timer_isr_C
 .text.i2c_disable
                0x00204044       0x20 /cygdrive/c/cygwin/nxtOSEK/ecrobot/../ecrobot/libecrobot.a(i2c.oram)
                0x00204044                i2c_disable
 .text.i2c_enable
                0x00204064       0x40 /cygdrive/c/cygwin/nxtOSEK/ecrobot/../ecrobot/libecrobot.a(i2c.oram)
                0x00204064                i2c_enable
 .text.i2c_init
                0x002040a4       0xa4 /cygdrive/c/cygwin/nxtOSEK/ecrobot/../ecrobot/libecrobot.a(i2c.oram)
                0x002040a4                i2c_init
 .text.set_vol  0x00204148       0xa4 /cygdrive/c/cygwin/nxtOSEK/ecrobot/../ecrobot/libecrobot.a(sound.oram)
 .text.sound_fill_sample_buffer
                0x002041ec       0xe4 /cygdrive/c/cygwin/nxtOSEK/ecrobot/../ecrobot/libecrobot.a(sound.oram)
                0x002041ec                sound_fill_sample_buffer
 .text.sound_freq_vol
                0x002042d0      0x1e4 /cygdrive/c/cygwin/nxtOSEK/ecrobot/../ecrobot/libecrobot.a(sound.oram)
                0x002042d0                sound_freq_vol
 .text.sound_init
                0x002044b4       0xa0 /cygdrive/c/cygwin/nxtOSEK/ecrobot/../ecrobot/libecrobot.a(sound.oram)
                0x002044b4                sound_init
 .text.sound_isr_C
                0x00204554      0x144 /cygdrive/c/cygwin/nxtOSEK/ecrobot/../ecrobot/libecrobot.a(sound.oram)
                0x00204554                sound_isr_C
 .text.bt_init  0x00204698      0x1c0 /cygdrive/c/cygwin/nxtOSEK/ecrobot/../ecrobot/libecrobot.a(bt.oram)
                0x00204698                bt_init
 .text.bt_send  0x00204858       0x5c /cygdrive/c/cygwin/nxtOSEK/ecrobot/../ecrobot/libecrobot.a(bt.oram)
                0x00204858                bt_send
 .text.bt_clear_arm7_cmd
                0x002048b4       0x10 /cygdrive/c/cygwin/nxtOSEK/ecrobot/../ecrobot/libecrobot.a(bt.oram)
                0x002048b4                bt_clear_arm7_cmd
 .text.bt_set_arm7_cmd
                0x002048c4       0x10 /cygdrive/c/cygwin/nxtOSEK/ecrobot/../ecrobot/libecrobot.a(bt.oram)
                0x002048c4                bt_set_arm7_cmd
 .text.bt_receive
                0x002048d4      0x160 /cygdrive/c/cygwin/nxtOSEK/ecrobot/../ecrobot/libecrobot.a(bt.oram)
                0x002048d4                bt_receive
 .text.bt_reset
                0x00204a34       0x84 /cygdrive/c/cygwin/nxtOSEK/ecrobot/../ecrobot/libecrobot.a(bt.oram)
                0x00204a34                bt_reset
 .text.nxt_avr_power_down
                0x00204ab8       0x10 /cygdrive/c/cygwin/nxtOSEK/ecrobot/../ecrobot/libecrobot.a(nxt_avr.oram)
                0x00204ab8                nxt_avr_power_down
 .text.nxt_avr_link_init
                0x00204ac8       0x20 /cygdrive/c/cygwin/nxtOSEK/ecrobot/../ecrobot/libecrobot.a(nxt_avr.oram)
                0x00204ac8                nxt_avr_link_init
 .text.nxt_avr_init
                0x00204ae8       0x6c /cygdrive/c/cygwin/nxtOSEK/ecrobot/../ecrobot/libecrobot.a(nxt_avr.oram)
                0x00204ae8                nxt_avr_init
 .text.nxt_avr_1kHz_update
                0x00204b54      0x1cc /cygdrive/c/cygwin/nxtOSEK/ecrobot/../ecrobot/libecrobot.a(nxt_avr.oram)
                0x00204b54                nxt_avr_1kHz_update
 .text.buttons_get
                0x00204d20        0xc /cygdrive/c/cygwin/nxtOSEK/ecrobot/../ecrobot/libecrobot.a(nxt_avr.oram)
                0x00204d20                buttons_get
 .text.battery_voltage
                0x00204d2c       0x28 /cygdrive/c/cygwin/nxtOSEK/ecrobot/../ecrobot/libecrobot.a(nxt_avr.oram)
                0x00204d2c                battery_voltage
 .text.nxt_avr_set_input_power
                0x00204d54       0x3c /cygdrive/c/cygwin/nxtOSEK/ecrobot/../ecrobot/libecrobot.a(nxt_avr.oram)
                0x00204d54                nxt_avr_set_input_power
 .text.unset_digi0
                0x00204d90       0x44 /cygdrive/c/cygwin/nxtOSEK/ecrobot/../ecrobot/libecrobot.a(sensors.oram)
                0x00204d90                unset_digi0
 .text.unset_digi1
                0x00204dd4       0x44 /cygdrive/c/cygwin/nxtOSEK/ecrobot/../ecrobot/libecrobot.a(sensors.oram)
                0x00204dd4                unset_digi1
 .text.init_sensors
                0x00204e18       0x4c /cygdrive/c/cygwin/nxtOSEK/ecrobot/../ecrobot/libecrobot.a(sensors.oram)
                0x00204e18                init_sensors
 .text.set_digi0
                0x00204e64       0x44 /cygdrive/c/cygwin/nxtOSEK/ecrobot/../ecrobot/libecrobot.a(sensors.oram)
                0x00204e64                set_digi0
 .text.nxt_lcd_command
                0x00204ea8       0x18 /cygdrive/c/cygwin/nxtOSEK/ecrobot/../ecrobot/libecrobot.a(nxt_lcd.oram)
                0x00204ea8                nxt_lcd_command
 .text.nxt_lcd_set_col
                0x00204ec0       0x24 /cygdrive/c/cygwin/nxtOSEK/ecrobot/../ecrobot/libecrobot.a(nxt_lcd.oram)
                0x00204ec0                nxt_lcd_set_col
 .text.nxt_lcd_set_multiplex_rate
                0x00204ee4       0x18 /cygdrive/c/cygwin/nxtOSEK/ecrobot/../ecrobot/libecrobot.a(nxt_lcd.oram)
                0x00204ee4                nxt_lcd_set_multiplex_rate
 .text.nxt_lcd_set_page_address
                0x00204efc       0x18 /cygdrive/c/cygwin/nxtOSEK/ecrobot/../ecrobot/libecrobot.a(nxt_lcd.oram)
                0x00204efc                nxt_lcd_set_page_address
 .text.nxt_lcd_set_pot
                0x00204f14       0x1c /cygdrive/c/cygwin/nxtOSEK/ecrobot/../ecrobot/libecrobot.a(nxt_lcd.oram)
                0x00204f14                nxt_lcd_set_pot
 .text.nxt_lcd_set_ram_address_control
                0x00204f30       0x18 /cygdrive/c/cygwin/nxtOSEK/ecrobot/../ecrobot/libecrobot.a(nxt_lcd.oram)
                0x00204f30                nxt_lcd_set_ram_address_control
 .text.nxt_lcd_enable
                0x00204f48       0x14 /cygdrive/c/cygwin/nxtOSEK/ecrobot/../ecrobot/libecrobot.a(nxt_lcd.oram)
                0x00204f48                nxt_lcd_enable
 .text.nxt_lcd_set_map_control
                0x00204f5c       0x18 /cygdrive/c/cygwin/nxtOSEK/ecrobot/../ecrobot/libecrobot.a(nxt_lcd.oram)
                0x00204f5c                nxt_lcd_set_map_control
 .text.nxt_lcd_reset
                0x00204f74        0xc /cygdrive/c/cygwin/nxtOSEK/ecrobot/../ecrobot/libecrobot.a(nxt_lcd.oram)
                0x00204f74                nxt_lcd_reset
 .text.nxt_lcd_set_bias_ratio
                0x00204f80       0x18 /cygdrive/c/cygwin/nxtOSEK/ecrobot/../ecrobot/libecrobot.a(nxt_lcd.oram)
                0x00204f80                nxt_lcd_set_bias_ratio
 .text.nxt_lcd_force_update
                0x00204f98       0x30 /cygdrive/c/cygwin/nxtOSEK/ecrobot/../ecrobot/libecrobot.a(nxt_lcd.oram)
                0x00204f98                nxt_lcd_force_update
 .text.nxt_lcd_update
                0x00204fc8        0xc /cygdrive/c/cygwin/nxtOSEK/ecrobot/../ecrobot/libecrobot.a(nxt_lcd.oram)
                0x00204fc8                nxt_lcd_update
 .text.nxt_lcd_power_up
                0x00204fd4       0x48 /cygdrive/c/cygwin/nxtOSEK/ecrobot/../ecrobot/libecrobot.a(nxt_lcd.oram)
                0x00204fd4                nxt_lcd_power_up
 .text.nxt_lcd_power_down
                0x0020501c        0xc /cygdrive/c/cygwin/nxtOSEK/ecrobot/../ecrobot/libecrobot.a(nxt_lcd.oram)
                0x0020501c                nxt_lcd_power_down
 .text.nxt_lcd_init
                0x00205028       0x18 /cygdrive/c/cygwin/nxtOSEK/ecrobot/../ecrobot/libecrobot.a(nxt_lcd.oram)
                0x00205028                nxt_lcd_init
 .text.verify_flash_page
                0x00205040       0x34 /cygdrive/c/cygwin/nxtOSEK/ecrobot/../ecrobot/libecrobot.a(flash_loader.oram)
 .text.set_flash_request
                0x00205074       0x38 /cygdrive/c/cygwin/nxtOSEK/ecrobot/../ecrobot/libecrobot.a(flash_loader.oram)
                0x00205074                set_flash_request
 .text.nxt_device_init
                0x002050ac       0x38 /cygdrive/c/cygwin/nxtOSEK/ecrobot/../ecrobot/libecrobot.a(flash_loader.oram)
                0x002050ac                nxt_device_init
 .text          0x002050e4       0x68 /cygdrive/c/cygwin/nxtOSEK/ecrobot/../ecrobot/libecrobot.a(interrupts.oram)
                0x0020513c                fiq_enable
                0x002050e4                interrupts_get_and_disable
                0x00205118                fiq_get_and_disable
                0x00205108                interrupts_enable
 .text.flash_write_page
                0x0020514c       0xc0 /cygdrive/c/cygwin/nxtOSEK/ecrobot/../ecrobot/libecrobot.a(flashprog.oram)
                0x0020514c                flash_write_page
                0x00205210                . = ALIGN (0x10)
 *fill*         0x0020520c        0x4 00
 *.oram(*.rodata *.rodata.*)
 .rodata.ld     0x00205210        0x4 /cygdrive/c/cygwin/nxtOSEK/ecrobot/../ecrobot/libecrobot.a(udp.oram)
 .rodata.cfd    0x00205214       0x20 /cygdrive/c/cygwin/nxtOSEK/ecrobot/../ecrobot/libecrobot.a(udp.oram)
 .rodata.dd     0x00205234       0x12 /cygdrive/c/cygwin/nxtOSEK/ecrobot/../ecrobot/libecrobot.a(udp.oram)
 *fill*         0x00205246        0x2 00
 .rodata.str1.4
                0x00205248       0x22 /cygdrive/c/cygwin/nxtOSEK/ecrobot/../ecrobot/libecrobot.a(data_abort.oram)
                                 0x24 (size before relaxing)
 .rodata.font   0x0020526a      0x280 /cygdrive/c/cygwin/nxtOSEK/ecrobot/../ecrobot/libecrobot.a(display.oram)
 *fill*         0x002054ea        0x2 00
 .rodata.str1.4
                0x002054ec       0x76 /cygdrive/c/cygwin/nxtOSEK/ecrobot/../ecrobot/libecrobot.a(display.oram)
                                 0x78 (size before relaxing)
 *fill*         0x00205562        0x2 00
 .rodata.i2c_pin
                0x00205564       0x20 /cygdrive/c/cygwin/nxtOSEK/ecrobot/../ecrobot/libecrobot.a(i2c.oram)
 .rodata.i2c_timer_isr_C
                0x00205584       0x38 /cygdrive/c/cygwin/nxtOSEK/ecrobot/../ecrobot/libecrobot.a(i2c.oram)
 .rodata.logvol
                0x002055bc        0xc /cygdrive/c/cygwin/nxtOSEK/ecrobot/../ecrobot/libecrobot.a(sound.oram)
                0x002055bc                logvol
 .rodata.silence
                0x002055c8       0x40 /cygdrive/c/cygwin/nxtOSEK/ecrobot/../ecrobot/libecrobot.a(sound.oram)
                0x002055c8                silence
 .rodata.sine   0x00205608       0x10 /cygdrive/c/cygwin/nxtOSEK/ecrobot/../ecrobot/libecrobot.a(sound.oram)
                0x00205608                sine
 .rodata.sample_pattern
                0x00205618       0x84 /cygdrive/c/cygwin/nxtOSEK/ecrobot/../ecrobot/libecrobot.a(sound.oram)
                0x00205618                sample_pattern
 .rodata        0x0020569c        0xc /cygdrive/c/cygwin/nxtOSEK/ecrobot/../ecrobot/libecrobot.a(sound.oram)
 .rodata.avr_brainwash_string
                0x002056a8       0x30 /cygdrive/c/cygwin/nxtOSEK/ecrobot/../ecrobot/libecrobot.a(nxt_avr.oram)
                0x002056a8                avr_brainwash_string
 .rodata.nxt_avr_1kHz_update
                0x002056d8       0x14 /cygdrive/c/cygwin/nxtOSEK/ecrobot/../ecrobot/libecrobot.a(nxt_avr.oram)
 .rodata.C.33.1823
                0x002056ec       0x10 /cygdrive/c/cygwin/nxtOSEK/ecrobot/../ecrobot/libecrobot.a(sensors.oram)
 .rodata.C.37.1857
                0x002056fc       0x10 /cygdrive/c/cygwin/nxtOSEK/ecrobot/../ecrobot/libecrobot.a(sensors.oram)
 .rodata.C.31.1806
                0x0020570c       0x10 /cygdrive/c/cygwin/nxtOSEK/ecrobot/../ecrobot/libecrobot.a(sensors.oram)
 .rodata.str1.4
                0x0020571c       0x23 /cygdrive/c/cygwin/nxtOSEK/ecrobot/../ecrobot/libecrobot.a(flash_loader.oram)
                                 0x24 (size before relaxing)
                0x00205740                . = ALIGN (0x10)
 *fill*         0x0020573f        0x1 00
                0x002022c0                __ramtext_ram_start__ = ADDR (.ram_text)
                0x00205740                __ramtext_ram_end__ = (ADDR (.ram_text) + SIZEOF (.ram_text))
                0x002022c0                __ramtext_load_start__ = LOADADDR (.ram_text)
                0x00205740                __ramtext_load_end__ = (__ramtext_load_start__ + SIZEOF (.ram_text))

.wav_data       0x00205740        0x0
 *.owav(*.data *.data.*)
                0x00205740                . = ALIGN (0x10)

.bmp_data       0x00205740      0x440
 *.obmp(*.data *.data.*)
 .data          0x00205740      0x43e /cygdrive/c/cygwin/nxtOSEK/ecrobot/../ecrobot/libecrobot.a(nxtosek_splash.obmp)
                0x00205740                nxtosek_splash_bmp_start
                0x00205b7e                nxtosek_splash_bmp_end
                0x00205b80                . = ALIGN (0x10)
 *fill*         0x00205b7e        0x2 00

.spr_data       0x00205b80        0x0
 *.ospr(*.data *.data.*)
                0x00205b80                . = ALIGN (0x10)

.data           0x00205b80      0x890
 *(*.data *.data.*)
 .data.bt_status
                0x00205b80        0x1 build/ecrobot_bluetooth.o
 *fill*         0x00205b81        0x3 00
 .data.distance_state
                0x00205b84       0x10 /cygdrive/c/cygwin/nxtOSEK/ecrobot/../ecrobot/libecrobot.a(ecrobot_interface.o)
 .data.deviceStatus
                0x00205b94        0x1 /cygdrive/c/cygwin/nxtOSEK/ecrobot/../ecrobot/libecrobot.a(ecrobot_interface.o)
 .data.named    0x00205b95       0x22 /cygdrive/c/cygwin/nxtOSEK/ecrobot/../ecrobot/libecrobot.a(udp.oram)
 .data.snd      0x00205bb7       0x1a /cygdrive/c/cygwin/nxtOSEK/ecrobot/../ecrobot/libecrobot.a(udp.oram)
 *fill*         0x00205bd1        0x3 00
 .data.configured
                0x00205bd4        0x4 /cygdrive/c/cygwin/nxtOSEK/ecrobot/../ecrobot/libecrobot.a(udp.oram)
 .data.mode     0x00205bd8        0x1 /cygdrive/c/cygwin/nxtOSEK/ecrobot/../ecrobot/libecrobot.a(nxt_spi.oram)
                0x00205bd8                mode
 *fill*         0x00205bd9        0x3 00
 .bss.data      0x00205bdc        0x4 /cygdrive/c/cygwin/nxtOSEK/ecrobot/../ecrobot/libecrobot.a(nxt_spi.oram)
                0x00205bdc                data
 .data.display_auto_update
                0x00205be0        0x4 /cygdrive/c/cygwin/nxtOSEK/ecrobot/../ecrobot/libecrobot.a(display.oram)
                0x00205be0                display_auto_update
 .data.display_buffer
                0x00205be4        0x4 /cygdrive/c/cygwin/nxtOSEK/ecrobot/../ecrobot/libecrobot.a(display.oram)
 .data          0x00205be8      0x404 /cygdrive/c/cygwin/GNUARM/bin/../lib/gcc/arm-elf/4.0.2/../../../../arm-elf/lib/thumb/interwork/libc.a(impure.o)
                0x00205fe8                _impure_ptr
 .data          0x00205fec       0x14 /cygdrive/c/cygwin/GNUARM/bin/../lib/gcc/arm-elf/4.0.2/../../../../arm-elf/lib/thumb/interwork/libc.a(locale.o)
                0x00205ff8                __mb_cur_max
                0x00205fec                __lc_ctype
 .data          0x00206000      0x410 /cygdrive/c/cygwin/GNUARM/bin/../lib/gcc/arm-elf/4.0.2/../../../../arm-elf/lib/thumb/interwork/libc.a(mallocr.o)
                0x00206000                __malloc_sbrk_base
                0x00206008                __malloc_av_
                0x00206004                __malloc_trim_threshold
                0x00206410                . = ALIGN (0x10)
                0x00205b80                __data_ram_start__ = ADDR (.data)
                0x00206410                __data_ram_end__ = (ADDR (.data) + SIZEOF (.data))
                0x00205b80                __data_load_start__ = LOADADDR (.data)
                0x00206410                __data_load_end__ = (__data_load_start__ + SIZEOF (.data))

.text           0x00206410     0x8020
                0x00206410                . = ALIGN (0x10)
 *(*.text *.text.* *.glue*)
 .text.StartOS  0x00206410       0x58 build/kernel/osctl.o
                0x00206410                StartOS
 .text.call_pretaskhook
                0x00206468       0x24 build/kernel/osctl.o
                0x00206468                call_pretaskhook
 .text.call_posttaskhook
                0x0020648c       0x24 build/kernel/osctl.o
                0x0020648c                call_posttaskhook
 .text.make_runnable
                0x002064b0       0xac build/kernel/task.o
                0x002064b0                make_runnable
 .text.make_active
                0x0020655c       0x78 build/kernel/task.o
                0x0020655c                make_active
 .text.task_initialize
                0x002065d4       0x90 build/kernel/task.o
                0x002065d4                task_initialize
 .text.cpu_initialize
                0x00206664        0x4 build/config/at91sam7s-gnu/cpu_config.o
                0x00206664                cpu_initialize
 .text.sys_initialize
                0x00206668        0x4 build/config/at91sam7s-gnu/lego_nxt/sys_config.o
                0x00206668                sys_initialize
 .text.object_initialize
                0x0020666c        0xc build/./kernel_cfg.o
                0x0020666c                object_initialize
 .text._sbrk_r  0x00206678       0x1c build/syscalls.o
                0x00206678                _sbrk_r
 .text.close_bt_stream
                0x00206694       0x2c build/ecrobot_bluetooth.o
 .text.send_bt_command
                0x002066c0       0x40 build/ecrobot_bluetooth.o
 .text.ecrobot_term_bt_connection
                0x00206700       0x48 build/ecrobot_bluetooth.o
                0x00206700                ecrobot_term_bt_connection
 .text.ecrobot_set_bt_device_name
                0x00206748       0x4c build/ecrobot_bluetooth.o
                0x00206748                ecrobot_set_bt_device_name
 .text.read_bt_command
                0x00206794       0x5c build/ecrobot_bluetooth.o
 .text.open_bt_stream
                0x002067f0       0x50 build/ecrobot_bluetooth.o
 .text.ecrobot_get_bt_device_address
                0x00206840       0x6c build/ecrobot_bluetooth.o
                0x00206840                ecrobot_get_bt_device_address
 .text.ecrobot_init_bt_slave
                0x002068ac      0x12c build/ecrobot_bluetooth.o
                0x002068ac                ecrobot_init_bt_slave
 .text.init_OS_flag
                0x002069d8        0xc build/ecrobot_base.o
                0x002069d8                init_OS_flag
 .text.set_OS_flag
                0x002069e4        0xc build/ecrobot_base.o
                0x002069e4                set_OS_flag
 .text.get_OS_flag
                0x002069f0        0xc build/ecrobot_base.o
                0x002069f0                get_OS_flag
 .text.cpp_constructor
                0x002069fc       0x28 build/ecrobot_base.o
                0x002069fc                cpp_constructor
 .text.cpp_destructor
                0x00206a24       0x28 build/ecrobot_base.o
                0x00206a24                cpp_destructor
 .text.execution_mode
                0x00206a4c       0x24 build/ecrobot_base.o
                0x00206a4c                execution_mode
 .text.show_main_screen
                0x00206a70       0x48 build/ecrobot_base.o
                0x00206a70                show_main_screen
 .text.display_status_bar
                0x00206ab8       0x5c build/ecrobot_base.o
                0x00206ab8                display_status_bar
 .text.restart_NXT
                0x00206b14       0x2c build/ecrobot_base.o
                0x00206b14                restart_NXT
 .text.shutdown_NXT
                0x00206b40       0x2c build/ecrobot_base.o
                0x00206b40                shutdown_NXT
 .text.check_NXT_buttons
                0x00206b6c       0x38 build/ecrobot_base.o
                0x00206b6c                check_NXT_buttons
 .text.show_bd_addr
                0x00206ba4       0x44 build/ecrobot_base.o
                0x00206ba4                show_bd_addr
 .text.show_bd_addr_err
                0x00206be8       0x3c build/ecrobot_base.o
                0x00206be8                show_bd_addr_err
 .text.add_status_info
                0x00206c24       0x68 build/ecrobot_base.o
                0x00206c24                add_status_info
 .text.show_splash_screen
                0x00206c8c       0x90 build/ecrobot_base.o
                0x00206c8c                show_splash_screen
 .text.main     0x00206d1c      0x10c build/ecrobot.o
                0x00206d1c                main
 .text.ecrobot_device_initialize
                0x00206e28       0x24 build/sample.o
                0x00206e28                ecrobot_device_initialize
 .text.ecrobot_device_terminate
                0x00206e4c       0x18 build/sample.o
                0x00206e4c                ecrobot_device_terminate
 .text.user_1ms_isr_type2
                0x00206e64        0x4 build/sample.o
                0x00206e64                user_1ms_isr_type2
 .text.change_float_param
                0x00206e68       0x68 build/sample.o
                0x00206e68                change_float_param
 .text.change_int_param
                0x00206ed0       0x44 build/sample.o
                0x00206ed0                change_int_param
 .text.display_show_string
                0x00206f14       0x1c build/sample.o
                0x00206f14                display_show_string
 .text.get_int_digit
                0x00206f30       0x28 build/sample.o
                0x00206f30                get_int_digit
 .text.make_printf_string
                0x00206f58       0x1c build/sample.o
                0x00206f58                make_printf_string
 .text.int_to_string
                0x00206f74       0x20 build/sample.o
                0x00206f74                int_to_string
 .text.float_to_string
                0x00206f94       0x80 build/sample.o
                0x00206f94                float_to_string
 .text.TaskMainTaskMain
                0x00207014      0x18c build/sample.o
                0x00207014                TaskMainTaskMain
 .text.ecrobot_set_light_sensor_active
                0x002071a0       0x10 /cygdrive/c/cygwin/nxtOSEK/ecrobot/../ecrobot/libecrobot.a(ecrobot_interface.o)
                0x002071a0                ecrobot_set_light_sensor_active
 .text.ecrobot_set_light_sensor_inactive
                0x002071b0       0x10 /cygdrive/c/cygwin/nxtOSEK/ecrobot/../ecrobot/libecrobot.a(ecrobot_interface.o)
                0x002071b0                ecrobot_set_light_sensor_inactive
 .text.ecrobot_init_i2c
                0x002071c0       0x2c /cygdrive/c/cygwin/nxtOSEK/ecrobot/../ecrobot/libecrobot.a(ecrobot_interface.o)
                0x002071c0                ecrobot_init_i2c
 .text.ecrobot_init_sonar_sensor
                0x002071ec       0x10 /cygdrive/c/cygwin/nxtOSEK/ecrobot/../ecrobot/libecrobot.a(ecrobot_interface.o)
                0x002071ec                ecrobot_init_sonar_sensor
 .text.ecrobot_term_sonar_sensor
                0x002071fc       0x20 /cygdrive/c/cygwin/nxtOSEK/ecrobot/../ecrobot/libecrobot.a(ecrobot_interface.o)
                0x002071fc                ecrobot_term_sonar_sensor
 .text.ecrobot_get_battery_voltage
                0x0020721c        0xc /cygdrive/c/cygwin/nxtOSEK/ecrobot/../ecrobot/libecrobot.a(ecrobot_interface.o)
                0x0020721c                ecrobot_get_battery_voltage
 .text.ecrobot_get_button_state
                0x00207228        0xc /cygdrive/c/cygwin/nxtOSEK/ecrobot/../ecrobot/libecrobot.a(ecrobot_interface.o)
                0x00207228                ecrobot_get_button_state
 .text.ecrobot_init_nxtstate
                0x00207234       0x28 /cygdrive/c/cygwin/nxtOSEK/ecrobot/../ecrobot/libecrobot.a(ecrobot_interface.o)
                0x00207234                ecrobot_init_nxtstate
 .text.ecrobot_poll_nxtstate
                0x0020725c       0x64 /cygdrive/c/cygwin/nxtOSEK/ecrobot/../ecrobot/libecrobot.a(ecrobot_interface.o)
                0x0020725c                ecrobot_poll_nxtstate
 .text.ecrobot_setDeviceInitialized
                0x002072c0       0x18 /cygdrive/c/cygwin/nxtOSEK/ecrobot/../ecrobot/libecrobot.a(ecrobot_interface.o)
                0x002072c0                ecrobot_setDeviceInitialized
 .text.ecrobot_initDeviceStatus
                0x002072d8        0xc /cygdrive/c/cygwin/nxtOSEK/ecrobot/../ecrobot/libecrobot.a(ecrobot_interface.o)
                0x002072d8                ecrobot_initDeviceStatus
 .text.ecrobot_bmp2lcd
                0x002072e4      0x1c8 /cygdrive/c/cygwin/nxtOSEK/ecrobot/../ecrobot/libecrobot.a(ecrobot_interface.o)
                0x002072e4                ecrobot_bmp2lcd
 .text.ecrobot_sound_tone
                0x002074ac        0xc /cygdrive/c/cygwin/nxtOSEK/ecrobot/../ecrobot/libecrobot.a(ecrobot_interface.o)
                0x002074ac                ecrobot_sound_tone
 .text.ecrobot_is_RUN_button_pressed
                0x002074b8       0x10 /cygdrive/c/cygwin/nxtOSEK/ecrobot/../ecrobot/libecrobot.a(ecrobot_interface.o)
                0x002074b8                ecrobot_is_RUN_button_pressed
 .text.StartupHook
                0x002074c8        0x4 /cygdrive/c/cygwin/nxtOSEK/ecrobot/../ecrobot/libecrobot.a(osek_hook.o)
                0x002074c8                StartupHook
 .text.PreTaskHook
                0x002074cc        0x4 /cygdrive/c/cygwin/nxtOSEK/ecrobot/../ecrobot/libecrobot.a(osek_hook.o)
                0x002074cc                PreTaskHook
 .text.PostTaskHook
                0x002074d0        0x4 /cygdrive/c/cygwin/nxtOSEK/ecrobot/../ecrobot/libecrobot.a(osek_hook.o)
                0x002074d0                PostTaskHook
 .text          0x002074d4       0x8c /cygdrive/c/cygwin/GNUARM/bin/../lib/gcc/arm-elf/4.0.2/thumb/interwork/libgcc.a(_udivsi3.o)
                0x002074d4                __udivsi3
                0x00207550                __aeabi_uidivmod
 .text          0x00207560       0xa4 /cygdrive/c/cygwin/GNUARM/bin/../lib/gcc/arm-elf/4.0.2/thumb/interwork/libgcc.a(_divsi3.o)
                0x00207560                __divsi3
                0x002075f4                __aeabi_idivmod
 .text          0x00207604       0xc8 /cygdrive/c/cygwin/GNUARM/bin/../lib/gcc/arm-elf/4.0.2/thumb/interwork/libgcc.a(_umodsi3.o)
                0x00207604                __umodsi3
 .text          0x002076cc       0xd8 /cygdrive/c/cygwin/GNUARM/bin/../lib/gcc/arm-elf/4.0.2/thumb/interwork/libgcc.a(_modsi3.o)
                0x002076cc                __modsi3
 .text          0x002077a4        0x4 /cygdrive/c/cygwin/GNUARM/bin/../lib/gcc/arm-elf/4.0.2/thumb/interwork/libgcc.a(_dvmd_tls.o)
                0x002077a4                __aeabi_ldiv0
                0x002077a4                __div0
                0x002077a4                __aeabi_idiv0
 .text          0x002077a8      0x430 /cygdrive/c/cygwin/GNUARM/bin/../lib/gcc/arm-elf/4.0.2/thumb/interwork/libgcc.a(_addsubdf3.o)
                0x00207b6c                __floatdidf
                0x00207aec                __floatsidf
                0x00207ac4                __aeabi_ui2d
                0x002077a8                __aeabi_drsub
                0x00207b18                __extendsfdf2
                0x002077b4                __adddf3
                0x00207ac4                __floatunsidf
                0x002077b4                __aeabi_dadd
                0x00207b58                __aeabi_ul2d
                0x002077b0                __aeabi_dsub
                0x00207b58                __floatundidf
                0x00207aec                __aeabi_i2d
                0x00207b6c                __aeabi_l2d
                0x00207b18                __aeabi_f2d
                0x002077b0                __subdf3
 .text          0x00207bd8      0x49c /cygdrive/c/cygwin/GNUARM/bin/../lib/gcc/arm-elf/4.0.2/thumb/interwork/libgcc.a(_muldivdf3.o)
                0x00207e68                __aeabi_ddiv
                0x00207bd8                __aeabi_dmul
                0x00207e68                __divdf3
                0x00207bd8                __muldf3
 .text          0x00208074      0x140 /cygdrive/c/cygwin/GNUARM/bin/../lib/gcc/arm-elf/4.0.2/thumb/interwork/libgcc.a(_cmpdf2.o)
                0x0020816c                __aeabi_dcmple
                0x00208084                __cmpdf2
                0x00208084                __eqdf2
                0x00208074                __gtdf2
                0x00208124                __aeabi_cdcmple
                0x00208108                __aeabi_cdrcmple
                0x0020807c                __ltdf2
                0x00208154                __aeabi_dcmplt
                0x0020807c                __ledf2
                0x0020819c                __aeabi_dcmpgt
                0x00208184                __aeabi_dcmpge
                0x00208084                __nedf2
                0x0020813c                __aeabi_dcmpeq
                0x00208124                __aeabi_cdcmpeq
                0x00208074                __gedf2
 .text          0x002081b4       0xa0 /cygdrive/c/cygwin/GNUARM/bin/../lib/gcc/arm-elf/4.0.2/thumb/interwork/libgcc.a(_truncdfsf2.o)
                0x002081b4                __aeabi_d2f
                0x002081b4                __truncdfsf2
 .text          0x00208254      0x2ac /cygdrive/c/cygwin/GNUARM/bin/../lib/gcc/arm-elf/4.0.2/thumb/interwork/libgcc.a(_addsubsf3.o)
                0x00208260                __aeabi_fadd
                0x0020825c                __subsf3
                0x00208424                __aeabi_i2f
                0x0020825c                __aeabi_fsub
                0x00208454                __floatdisf
                0x00208424                __floatsisf
                0x00208444                __floatundisf
                0x0020841c                __aeabi_ui2f
                0x00208454                __aeabi_l2f
                0x00208444                __aeabi_ul2f
                0x00208254                __aeabi_frsub
                0x0020841c                __floatunsisf
                0x00208260                __addsf3
 .text          0x00208500      0x2f8 /cygdrive/c/cygwin/GNUARM/bin/../lib/gcc/arm-elf/4.0.2/thumb/interwork/libgcc.a(_muldivsf3.o)
                0x00208698                __divsf3
                0x00208698                __aeabi_fdiv
                0x00208500                __mulsf3
                0x00208500                __aeabi_fmul
 .text          0x002087f8      0x110 /cygdrive/c/cygwin/GNUARM/bin/../lib/gcc/arm-elf/4.0.2/thumb/interwork/libgcc.a(_cmpsf2.o)
                0x002088f0                __aeabi_fcmpgt
                0x00208800                __lesf2
                0x00208808                __nesf2
                0x002088d8                __aeabi_fcmpge
                0x002087f8                __gtsf2
                0x002088c0                __aeabi_fcmple
                0x00208808                __eqsf2
                0x00208808                __cmpsf2
                0x00208800                __ltsf2
                0x00208878                __aeabi_cfcmple
                0x002087f8                __gesf2
                0x00208890                __aeabi_fcmpeq
                0x00208868                __aeabi_cfrcmple
                0x002088a8                __aeabi_fcmplt
                0x00208878                __aeabi_cfcmpeq
 .text          0x00208908       0x5c /cygdrive/c/cygwin/GNUARM/bin/../lib/gcc/arm-elf/4.0.2/thumb/interwork/libgcc.a(_fixsfsi.o)
                0x00208908                __fixsfsi
                0x00208908                __aeabi_f2iz
 .text          0x00208964        0xc /cygdrive/c/cygwin/GNUARM/bin/../lib/gcc/arm-elf/4.0.2/../../../../arm-elf/lib/thumb/interwork/libc.a(abs.o)
                0x00208964                abs
 .text          0x00208970       0x68 /cygdrive/c/cygwin/GNUARM/bin/../lib/gcc/arm-elf/4.0.2/../../../../arm-elf/lib/thumb/interwork/libc.a(memcpy.o)
                0x00208970                memcpy
 .text          0x002089d8       0x68 /cygdrive/c/cygwin/GNUARM/bin/../lib/gcc/arm-elf/4.0.2/../../../../arm-elf/lib/thumb/interwork/libc.a(memset.o)
                0x002089d8                memset
 .text          0x00208a40       0x84 /cygdrive/c/cygwin/GNUARM/bin/../lib/gcc/arm-elf/4.0.2/../../../../arm-elf/lib/thumb/interwork/libc.a(sprintf.o)
                0x00208a40                _sprintf_r
                0x00208a80                sprintf
 .text          0x00208ac4       0x88 /cygdrive/c/cygwin/GNUARM/bin/../lib/gcc/arm-elf/4.0.2/../../../../arm-elf/lib/thumb/interwork/libc.a(strcmp.o)
                0x00208ac4                strcmp
 .text          0x00208b4c       0x60 /cygdrive/c/cygwin/GNUARM/bin/../lib/gcc/arm-elf/4.0.2/../../../../arm-elf/lib/thumb/interwork/libc.a(strcpy.o)
                0x00208b4c                strcpy
 .text          0x00208bac       0x48 /cygdrive/c/cygwin/GNUARM/bin/../lib/gcc/arm-elf/4.0.2/../../../../arm-elf/lib/thumb/interwork/libc.a(strlen.o)
                0x00208bac                strlen
 .text          0x00208bf4       0x84 /cygdrive/c/cygwin/GNUARM/bin/../lib/gcc/arm-elf/4.0.2/../../../../arm-elf/lib/thumb/interwork/libc.a(strncpy.o)
                0x00208bf4                strncpy
 .text          0x00208c78     0x1914 /cygdrive/c/cygwin/GNUARM/bin/../lib/gcc/arm-elf/4.0.2/../../../../arm-elf/lib/thumb/interwork/libc.a(vfprintf.o)
                0x00208c98                _vfprintf_r
                0x0020a56c                vfprintf
 .text          0x0020a58c       0x54 /cygdrive/c/cygwin/GNUARM/bin/../lib/gcc/arm-elf/4.0.2/../../../../arm-elf/lib/thumb/interwork/libc.a(wcrtomb.o)
                0x0020a58c                _wcrtomb_r
                0x0020a5c0                wcrtomb
 .text          0x0020a5e0      0x100 /cygdrive/c/cygwin/GNUARM/bin/../lib/gcc/arm-elf/4.0.2/../../../../arm-elf/lib/thumb/interwork/libc.a(wcsrtombs.o)
                0x0020a5e0                _wcsrtombs_r
                0x0020a6b8                wcsrtombs
 .text          0x0020a6e0      0x2a8 /cygdrive/c/cygwin/GNUARM/bin/../lib/gcc/arm-elf/4.0.2/../../../../arm-elf/lib/thumb/interwork/libc.a(wctomb_r.o)
                0x0020a6e0                _wctomb_r
 .text          0x0020a988       0xa8 /cygdrive/c/cygwin/GNUARM/bin/../lib/gcc/arm-elf/4.0.2/../../../../arm-elf/lib/thumb/interwork/libc.a(wsetup.o)
                0x0020a988                __swsetup
 .text          0x0020aa30      0xf08 /cygdrive/c/cygwin/GNUARM/bin/../lib/gcc/arm-elf/4.0.2/../../../../arm-elf/lib/thumb/interwork/libc.a(dtoa.o)
                0x0020ab80                _dtoa_r
 .text          0x0020b938       0x90 /cygdrive/c/cygwin/GNUARM/bin/../lib/gcc/arm-elf/4.0.2/../../../../arm-elf/lib/thumb/interwork/libc.a(fflush.o)
                0x0020b938                fflush
 .text          0x0020b9c8      0x1c0 /cygdrive/c/cygwin/GNUARM/bin/../lib/gcc/arm-elf/4.0.2/../../../../arm-elf/lib/thumb/interwork/libc.a(findfp.o)
                0x0020ba68                __sinit
                0x0020ba00                __sfmoreglue
                0x0020ba4c                _cleanup
                0x0020ba3c                _cleanup_r
                0x0020bb58                __fp_lock_all
                0x0020ba34                __sfp_lock_acquire
                0x0020bac4                __sfp
                0x0020ba64                __sinit_lock_release
                0x0020bb70                __fp_unlock_all
                0x0020ba38                __sfp_lock_release
                0x0020ba60                __sinit_lock_acquire
 .text          0x0020bb88      0x260 /cygdrive/c/cygwin/GNUARM/bin/../lib/gcc/arm-elf/4.0.2/../../../../arm-elf/lib/thumb/interwork/libc.a(freer.o)
                0x0020bc28                _free_r
                0x0020bb88                _malloc_trim_r
 .text          0x0020bde8      0x2a8 /cygdrive/c/cygwin/GNUARM/bin/../lib/gcc/arm-elf/4.0.2/../../../../arm-elf/lib/thumb/interwork/libc.a(fvwrite.o)
                0x0020bde8                __sfvwrite
 .text          0x0020c090       0xe0 /cygdrive/c/cygwin/GNUARM/bin/../lib/gcc/arm-elf/4.0.2/../../../../arm-elf/lib/thumb/interwork/libc.a(fwalk.o)
                0x0020c090                _fwalk
                0x0020c0fc                _fwalk_reent
 .text          0x0020c170       0x80 /cygdrive/c/cygwin/GNUARM/bin/../lib/gcc/arm-elf/4.0.2/../../../../arm-elf/lib/thumb/interwork/libc.a(locale.o)
                0x0020c170                _setlocale_r
                0x0020c1ac                __locale_charset
                0x0020c1b8                _localeconv_r
                0x0020c1c0                setlocale
                0x0020c1dc                localeconv
 .text          0x0020c1f0       0xe0 /cygdrive/c/cygwin/GNUARM/bin/../lib/gcc/arm-elf/4.0.2/../../../../arm-elf/lib/thumb/interwork/libc.a(makebuf.o)
                0x0020c1f0                __smakebuf
 .text          0x0020c2d0      0x548 /cygdrive/c/cygwin/GNUARM/bin/../lib/gcc/arm-elf/4.0.2/../../../../arm-elf/lib/thumb/interwork/libc.a(mallocr.o)
                0x0020c2d0                _malloc_r
 .text          0x0020c818       0x90 /cygdrive/c/cygwin/GNUARM/bin/../lib/gcc/arm-elf/4.0.2/../../../../arm-elf/lib/thumb/interwork/libc.a(memchr.o)
                0x0020c818                memchr
 .text          0x0020c8a8       0x90 /cygdrive/c/cygwin/GNUARM/bin/../lib/gcc/arm-elf/4.0.2/../../../../arm-elf/lib/thumb/interwork/libc.a(memmove.o)
                0x0020c8a8                memmove
 .text          0x0020c938        0x8 /cygdrive/c/cygwin/GNUARM/bin/../lib/gcc/arm-elf/4.0.2/../../../../arm-elf/lib/thumb/interwork/libc.a(mlock.o)
                0x0020c93c                __malloc_unlock
                0x0020c938                __malloc_lock
 .text          0x0020c940      0x8ec /cygdrive/c/cygwin/GNUARM/bin/../lib/gcc/arm-elf/4.0.2/../../../../arm-elf/lib/thumb/interwork/libc.a(mprec.o)
                0x0020d1e8                _mprec_log10
                0x0020caec                _hi0bits
                0x0020c940                _Balloc
                0x0020d0ac                _d2b
                0x0020cbb8                _multiply
                0x0020d194                _ratio
                0x0020ca4c                _s2b
                0x0020cba0                _i2b
                0x0020cb34                _lo0bits
                0x0020ce58                __mcmp
                0x0020cd04                _pow5mult
                0x0020cf94                _ulp
                0x0020cfe8                _b2d
                0x0020c9b0                _multadd
                0x0020ce9c                __mdiff
                0x0020cda4                _lshift
                0x0020c998                _Bfree
 .text          0x0020d22c      0x3ac /cygdrive/c/cygwin/GNUARM/bin/../lib/gcc/arm-elf/4.0.2/../../../../arm-elf/lib/thumb/interwork/libc.a(reallocr.o)
                0x0020d22c                _realloc_r
 .text          0x0020d5d8       0x24 /cygdrive/c/cygwin/GNUARM/bin/../lib/gcc/arm-elf/4.0.2/../../../../arm-elf/lib/thumb/interwork/libc.a(s_isinf.o)
                0x0020d5d8                isinf
 .text          0x0020d5fc       0x1c /cygdrive/c/cygwin/GNUARM/bin/../lib/gcc/arm-elf/4.0.2/../../../../arm-elf/lib/thumb/interwork/libc.a(s_isnan.o)
                0x0020d5fc                isnan
 .text          0x0020d618       0xe4 /cygdrive/c/cygwin/GNUARM/bin/../lib/gcc/arm-elf/4.0.2/../../../../arm-elf/lib/thumb/interwork/libc.a(stdio.o)
                0x0020d6a0                __sseek
                0x0020d618                __sread
                0x0020d6e0                __sclose
                0x0020d654                __swrite
 .text          0x0020d6fc      0x504 /cygdrive/c/cygwin/GNUARM/bin/../lib/gcc/arm-elf/4.0.2/../../../../arm-elf/lib/thumb/interwork/libc.a(syscalls.o)
                0x0020d768                _getpid
                0x0020d830                initialise_monitor_handles
                0x0020d800                isatty
                0x0020d7a4                _fstat
                0x0020dab4                _open
                0x0020d76c                _sbrk
                0x0020d7d8                _raise
                0x0020d7dc                _times
                0x0020dac8                _stat
                0x0020da18                _lseek
                0x0020d7c8                _link
                0x0020d96c                _swiwrite
                0x0020d81c                _rename
                0x0020d8e0                _swilseek
                0x0020d994                _swiclose
                0x0020da28                _swiopen
                0x0020d7d0                _unlink
                0x0020db04                _write
                0x0020dbb8                _kill
                0x0020dbd4                _gettimeofday
                0x0020db54                _read
                0x0020dba0                _exit
                0x0020d804                _system
                0x0020d8b8                _swiread
                0x0020da08                _close
 .text          0x0020dc00       0x2c /cygdrive/c/cygwin/GNUARM/bin/../lib/gcc/arm-elf/4.0.2/../../../../arm-elf/lib/thumb/interwork/libc.a(writer.o)
                0x0020dc00                _write_r
 .text          0x0020dc2c       0x64 /cygdrive/c/cygwin/GNUARM/bin/../lib/gcc/arm-elf/4.0.2/../../../../arm-elf/lib/thumb/interwork/libc.a(callocr.o)
                0x0020dc2c                _calloc_r
 .text          0x0020dc90       0x28 /cygdrive/c/cygwin/GNUARM/bin/../lib/gcc/arm-elf/4.0.2/../../../../arm-elf/lib/thumb/interwork/libc.a(closer.o)
                0x0020dc90                _close_r
 .text          0x0020dcb8        0xc /cygdrive/c/cygwin/GNUARM/bin/../lib/gcc/arm-elf/4.0.2/../../../../arm-elf/lib/thumb/interwork/libc.a(errno.o)
                0x0020dcb8                __errno
 .text          0x0020dcc4       0xbc /cygdrive/c/cygwin/GNUARM/bin/../lib/gcc/arm-elf/4.0.2/../../../../arm-elf/lib/thumb/interwork/libc.a(fclose.o)
                0x0020dcc4                _fclose_r
                0x0020dd68                fclose
 .text          0x0020dd80       0x2c /cygdrive/c/cygwin/GNUARM/bin/../lib/gcc/arm-elf/4.0.2/../../../../arm-elf/lib/thumb/interwork/libc.a(fstatr.o)
                0x0020dd80                _fstat_r
 .text          0x0020ddac       0x2c /cygdrive/c/cygwin/GNUARM/bin/../lib/gcc/arm-elf/4.0.2/../../../../arm-elf/lib/thumb/interwork/libc.a(lseekr.o)
                0x0020ddac                _lseek_r
 .text          0x0020ddd8       0x2c /cygdrive/c/cygwin/GNUARM/bin/../lib/gcc/arm-elf/4.0.2/../../../../arm-elf/lib/thumb/interwork/libc.a(readr.o)
                0x0020ddd8                _read_r
 .text          0x0020de04       0x5c /cygdrive/c/cygwin/GNUARM/bin/../lib/gcc/arm-elf/4.0.2/thumb/interwork/libgcc.a(_fixdfsi.o)
                0x0020de04                __fixdfsi
                0x0020de04                __aeabi_d2iz
 .glue_7        0x0020de60       0x30 /cygdrive/c/cygwin/GNUARM/bin/../lib/gcc/arm-elf/4.0.2/thumb/interwork/libgcc.a(_fixdfsi.o)
                0x0020de78                __call_posttaskhook_from_arm
                0x0020de61                __ecrobot_debug1_from_arm
                0x0020de6d                __ecrobot_debug2_from_arm
                0x0020de84                __call_pretaskhook_from_arm
 .glue_7t       0x0020de90       0xe8 /cygdrive/c/cygwin/GNUARM/bin/../lib/gcc/arm-elf/4.0.2/thumb/interwork/libgcc.a(_fixdfsi.o)
                0x0020debc                __start_change_to_arm
                0x0020df30                __interrupts_get_and_disable_from_thumb
                0x0020df28                ____gtdf2_from_thumb
                0x0020deb1                __exit_and_dispatch_from_thumb
                0x0020df14                ____gesf2_change_to_arm
                0x0020ded0                ____subdf3_from_thumb
                0x0020df5c                ____ltdf2_change_to_arm
                0x0020df04                ____fixsfsi_change_to_arm
                0x0020ded4                ____subdf3_change_to_arm
                0x0020df00                ____fixsfsi_from_thumb
                0x0020dee0                ____floatsisf_from_thumb
                0x0020dec0                ____extendsfdf2_from_thumb
                0x0020df74                ____gedf2_change_to_arm
                0x0020deb4                __exit_and_dispatch_change_to_arm
                0x0020df48                ____eqdf2_from_thumb
                0x0020de90                __disable_int_from_thumb
                0x0020df10                ____gesf2_from_thumb
                0x0020dea8                __start_dispatch_from_thumb
                0x0020def9                ____ltsf2_from_thumb
                0x0020df60                ____fixdfsi_from_thumb
                0x0020df6c                ____divdf3_change_to_arm
                0x0020df70                ____gedf2_from_thumb
                0x0020deb8                __start_from_thumb
                0x0020ded8                ____truncdfsf2_from_thumb
                0x0020df24                ____muldf3_change_to_arm
                0x0020df64                ____fixdfsi_change_to_arm
                0x0020df68                ____divdf3_from_thumb
                0x0020de98                __enable_int_from_thumb
                0x0020dea1                __dispatch_from_thumb
                0x0020df3c                __interrupts_enable_change_to_arm
                0x0020def1                ____gtsf2_from_thumb
                0x0020df34                __interrupts_get_and_disable_change_to_arm
                0x0020dea4                __dispatch_change_to_arm
                0x0020deec                ____mulsf3_change_to_arm
                0x0020decc                ____adddf3_change_to_arm
                0x0020df2c                ____gtdf2_change_to_arm
                0x0020dedc                ____truncdfsf2_change_to_arm
                0x0020dec4                ____extendsfdf2_change_to_arm
                0x0020df18                ____floatsidf_from_thumb
                0x0020df58                ____ltdf2_from_thumb
                0x0020dee4                ____floatsisf_change_to_arm
                0x0020df41                __display_bios_status_from_thumb
                0x0020df54                ____nedf2_change_to_arm
                0x0020df08                ____subsf3_from_thumb
                0x0020dec8                ____adddf3_from_thumb
                0x0020def4                ____gtsf2_change_to_arm
                0x0020df4c                ____eqdf2_change_to_arm
                0x0020de94                __disable_int_change_to_arm
                0x0020defc                ____ltsf2_change_to_arm
                0x0020dee8                ____mulsf3_from_thumb
                0x0020df20                ____muldf3_from_thumb
                0x0020df0c                ____subsf3_change_to_arm
                0x0020df50                ____nedf2_from_thumb
                0x0020de9c                __enable_int_change_to_arm
                0x0020df1c                ____floatsidf_change_to_arm
                0x0020df38                __interrupts_enable_from_thumb
                0x0020df44                __display_bios_status_change_to_arm
                0x0020deac                __start_dispatch_change_to_arm
                0x0020df80                . = ALIGN (0x10)
 *fill*         0x0020df78        0x8 00
 *(*.rodata *.rodata.*)
 .rodata.tinib_stksz
                0x0020df80        0x2 build/./kernel_cfg.o
                0x0020df80                tinib_stksz
 *fill*         0x0020df82        0x2 00
 .rodata.tinib_stk
                0x0020df84        0x4 build/./kernel_cfg.o
                0x0020df84                tinib_stk
 .rodata.tinib_task
                0x0020df88        0x4 build/./kernel_cfg.o
                0x0020df88                tinib_task
 .rodata.tinib_autoact
                0x0020df8c        0x1 build/./kernel_cfg.o
                0x0020df8c                tinib_autoact
 .rodata.tinib_exepri
                0x0020df8d        0x1 build/./kernel_cfg.o
                0x0020df8d                tinib_exepri
 .rodata.tinib_inipri
                0x0020df8e        0x1 build/./kernel_cfg.o
                0x0020df8e                tinib_inipri
 .rodata.tnum_exttask
                0x0020df8f        0x1 build/./kernel_cfg.o
                0x0020df8f                tnum_exttask
 .rodata.tnum_task
                0x0020df90        0x1 build/./kernel_cfg.o
                0x0020df90                tnum_task
 *fill*         0x0020df91        0x3 00
 .rodata.exec_addr
                0x0020df94        0x4 build/ecrobot_base.o
                0x0020df94                exec_addr
 .rodata.str1.4
                0x0020df98       0x80 build/ecrobot_base.o
 .rodata.str1.4
                0x0020e018       0x58 build/sample.o
 .rodata.TaskMainTaskMain
                0x0020e070       0x14 build/sample.o
 .rodata        0x0020e084      0x18c /cygdrive/c/cygwin/GNUARM/bin/../lib/gcc/arm-elf/4.0.2/../../../../arm-elf/lib/thumb/interwork/libc.a(vfprintf.o)
 .rodata.str1.4
                0x0020e210       0x62 /cygdrive/c/cygwin/GNUARM/bin/../lib/gcc/arm-elf/4.0.2/../../../../arm-elf/lib/thumb/interwork/libc.a(vfprintf.o)
                                 0x64 (size before relaxing)
 *fill*         0x0020e272        0x2 00
 .rodata.str1.4
                0x0020e274       0x1e /cygdrive/c/cygwin/GNUARM/bin/../lib/gcc/arm-elf/4.0.2/../../../../arm-elf/lib/thumb/interwork/libc.a(wctomb_r.o)
                                 0x20 (size before relaxing)
 *fill*         0x0020e292        0x2 00
 .rodata.str1.4
                0x0020e294       0x10 /cygdrive/c/cygwin/GNUARM/bin/../lib/gcc/arm-elf/4.0.2/../../../../arm-elf/lib/thumb/interwork/libc.a(dtoa.o)
                                 0x14 (size before relaxing)
 .rodata        0x0020e2a4       0x18 /cygdrive/c/cygwin/GNUARM/bin/../lib/gcc/arm-elf/4.0.2/../../../../arm-elf/lib/thumb/interwork/libc.a(dtoa.o)
 .rodata        0x0020e2bc        0x4 /cygdrive/c/cygwin/GNUARM/bin/../lib/gcc/arm-elf/4.0.2/../../../../arm-elf/lib/thumb/interwork/libc.a(impure.o)
                0x0020e2bc                _global_impure_ptr
 .rodata.str1.4
                0x0020e2c0        0x2 /cygdrive/c/cygwin/GNUARM/bin/../lib/gcc/arm-elf/4.0.2/../../../../arm-elf/lib/thumb/interwork/libc.a(impure.o)
                                  0x4 (size before relaxing)
 *fill*         0x0020e2c2        0x2 00
 .rodata.str1.4
                0x0020e2c4        0xb /cygdrive/c/cygwin/GNUARM/bin/../lib/gcc/arm-elf/4.0.2/../../../../arm-elf/lib/thumb/interwork/libc.a(locale.o)
                                 0x18 (size before relaxing)
 *fill*         0x0020e2cf        0x1 00
 .rodata        0x0020e2d0       0x30 /cygdrive/c/cygwin/GNUARM/bin/../lib/gcc/arm-elf/4.0.2/../../../../arm-elf/lib/thumb/interwork/libc.a(locale.o)
 .rodata        0x0020e300      0x124 /cygdrive/c/cygwin/GNUARM/bin/../lib/gcc/arm-elf/4.0.2/../../../../arm-elf/lib/thumb/interwork/libc.a(mprec.o)
                0x0020e300                __mprec_tinytens
                0x0020e350                __mprec_tens
                0x0020e328                __mprec_bigtens
 .rodata.str1.4
                0x0020e424        0x4 /cygdrive/c/cygwin/GNUARM/bin/../lib/gcc/arm-elf/4.0.2/../../../../arm-elf/lib/thumb/interwork/libc.a(syscalls.o)
                0x0020e430                . = ALIGN (0x10)
 *fill*         0x0020e428        0x8 00
 *(*.gnu.linkonce.* .gcc_except_table)
                0x0020e430                . = ALIGN (0x10)

.tors           0x0020e430        0x0
                0x0020e430                . = ALIGN (0x10)
                0x0020e430                __ctor_begin = .
 *(*.ctors*)
                0x0020e430                __ctor_end = .
                0x0020e430                . = ALIGN (0x10)
                0x0020e430                __dtor_begin = .
 *(*.dtors*)
                0x0020e430                __dtor_end = .
                0x0020e430                . = ALIGN (0x10)

.bss            0x0020e430     0x1494
 *(*.bss *.bss.*)
 .bss.ready_primap
                0x0020e430        0x2 build/kernel/task.o
 .bss.ready_queue_last
                0x0020e432       0x10 build/kernel/task.o
 .bss.ready_queue_first
                0x0020e442       0x10 build/kernel/task.o
 *fill*         0x0020e452        0x2 00
 .bss._stack_TaskMain
                0x0020e454      0x200 build/./kernel_cfg.o
 .bss.heap_ptr  0x0020e654        0x4 build/syscalls.o
 .bss.receiveBuf
                0x0020e658       0x80 build/ecrobot_bluetooth.o
 .bss.sendBuf   0x0020e6d8      0x100 build/ecrobot_bluetooth.o
 .bss.handle    0x0020e7d8        0x1 build/ecrobot_bluetooth.o
 *fill*         0x0020e7d9        0x3 00
 .bss.status_bar_position
                0x0020e7dc        0x4 build/ecrobot_base.o
 .bss.last_act_time.2742
                0x0020e7e0        0x4 build/ecrobot_base.o
 .bss.lcd.2671  0x0020e7e4      0x320 build/ecrobot_base.o
 .bss.OS_flag   0x0020eb04        0x4 build/ecrobot_base.o
 .bss.status_bar
                0x0020eb08       0x10 build/ecrobot_base.o
 .bss.temp.3717
                0x0020eb18        0x4 build/sample.o
 .bss.temp.3706
                0x0020eb1c        0x4 build/sample.o
 .bss.adjust_param_state
                0x0020eb20        0x4 build/sample.o
 .bss.buttons_i
                0x0020eb24        0x4 /cygdrive/c/cygwin/nxtOSEK/ecrobot/../ecrobot/libecrobot.a(ecrobot_interface.o)
 .bss.buttons_states
                0x0020eb28       0x14 /cygdrive/c/cygwin/nxtOSEK/ecrobot/../ecrobot/libecrobot.a(ecrobot_interface.o)
 .bss.ecrobot_inputs
                0x0020eb3c        0x8 /cygdrive/c/cygwin/nxtOSEK/ecrobot/../ecrobot/libecrobot.a(ecrobot_interface.o)
 .bss.systick_ms
                0x0020eb44        0x4 /cygdrive/c/cygwin/nxtOSEK/ecrobot/../ecrobot/libecrobot.a(systick.oram)
 .bss.delayedEnable
                0x0020eb48        0x1 /cygdrive/c/cygwin/nxtOSEK/ecrobot/../ecrobot/libecrobot.a(udp.oram)
 *fill*         0x0020eb49        0x3 00
 .bss.outCnt    0x0020eb4c        0x4 /cygdrive/c/cygwin/nxtOSEK/ecrobot/../ecrobot/libecrobot.a(udp.oram)
 .bss.outPtr    0x0020eb50        0x4 /cygdrive/c/cygwin/nxtOSEK/ecrobot/../ecrobot/libecrobot.a(udp.oram)
 .bss.newAddress
                0x0020eb54        0x4 /cygdrive/c/cygwin/nxtOSEK/ecrobot/../ecrobot/libecrobot.a(udp.oram)
 .bss.currentRxBank
                0x0020eb58        0x4 /cygdrive/c/cygwin/nxtOSEK/ecrobot/../ecrobot/libecrobot.a(udp.oram)
 .bss.currentFeatures
                0x0020eb5c        0x4 /cygdrive/c/cygwin/nxtOSEK/ecrobot/../ecrobot/libecrobot.a(udp.oram)
 .bss.currentConfig
                0x0020eb60        0x1 /cygdrive/c/cygwin/nxtOSEK/ecrobot/../ecrobot/libecrobot.a(udp.oram)
 *fill*         0x0020eb61        0x3 00
 .bss.twi_mask  0x0020eb64        0x4 /cygdrive/c/cygwin/nxtOSEK/ecrobot/../ecrobot/libecrobot.a(twi.oram)
 .bss.twi_ptr   0x0020eb68        0x4 /cygdrive/c/cygwin/nxtOSEK/ecrobot/../ecrobot/libecrobot.a(twi.oram)
 .bss.twi_pending
                0x0020eb6c        0x4 /cygdrive/c/cygwin/nxtOSEK/ecrobot/../ecrobot/libecrobot.a(twi.oram)
 .bss.twi_state
                0x0020eb70        0x4 /cygdrive/c/cygwin/nxtOSEK/ecrobot/../ecrobot/libecrobot.a(twi.oram)
 .bss.page      0x0020eb74        0x1 /cygdrive/c/cygwin/nxtOSEK/ecrobot/../ecrobot/libecrobot.a(nxt_spi.oram)
                0x0020eb74                page
 .bss.dirty     0x0020eb75        0x1 /cygdrive/c/cygwin/nxtOSEK/ecrobot/../ecrobot/libecrobot.a(nxt_spi.oram)
                0x0020eb75                dirty
 *fill*         0x0020eb76        0x2 00
 .bss.display   0x0020eb78        0x4 /cygdrive/c/cygwin/nxtOSEK/ecrobot/../ecrobot/libecrobot.a(nxt_spi.oram)
                0x0020eb78                display
 .bss.interrupts_this_period
                0x0020eb7c        0x4 /cygdrive/c/cygwin/nxtOSEK/ecrobot/../ecrobot/libecrobot.a(nxt_motors.oram)
 .bss.nxt_motor_initialised
                0x0020eb80        0x4 /cygdrive/c/cygwin/nxtOSEK/ecrobot/../ecrobot/libecrobot.a(nxt_motors.oram)
 .bss.motor     0x0020eb84       0x30 /cygdrive/c/cygwin/nxtOSEK/ecrobot/../ecrobot/libecrobot.a(nxt_motors.oram)
 .bss.display_tick
                0x0020ebb4        0x4 /cygdrive/c/cygwin/nxtOSEK/ecrobot/../ecrobot/libecrobot.a(display.oram)
                0x0020ebb4                display_tick
 .bss.display_array
                0x0020ebb8      0x388 /cygdrive/c/cygwin/nxtOSEK/ecrobot/../ecrobot/libecrobot.a(display.oram)
 .bss.i2c_int_count
                0x0020ef40        0x4 /cygdrive/c/cygwin/nxtOSEK/ecrobot/../ecrobot/libecrobot.a(i2c.oram)
 .bss.i2c_port  0x0020ef44      0x170 /cygdrive/c/cygwin/nxtOSEK/ecrobot/../ecrobot/libecrobot.a(i2c.oram)
 .bss.sound_mode
                0x0020f0b4        0x1 /cygdrive/c/cygwin/nxtOSEK/ecrobot/../ecrobot/libecrobot.a(sound.oram)
                0x0020f0b4                sound_mode
 *fill*         0x0020f0b5        0x3 00
 .bss.in_buf_idx
                0x0020f0b8        0x4 /cygdrive/c/cygwin/nxtOSEK/ecrobot/../ecrobot/libecrobot.a(bt.oram)
 .bss.buf_ptr   0x0020f0bc        0x4 /cygdrive/c/cygwin/nxtOSEK/ecrobot/../ecrobot/libecrobot.a(bt.oram)
 .bss.out_buf   0x0020f0c0      0x200 /cygdrive/c/cygwin/nxtOSEK/ecrobot/../ecrobot/libecrobot.a(bt.oram)
 .bss.out_buf_ptr
                0x0020f2c0        0x1 /cygdrive/c/cygwin/nxtOSEK/ecrobot/../ecrobot/libecrobot.a(bt.oram)
 .bss.in_buf_in_ptr
                0x0020f2c1        0x1 /cygdrive/c/cygwin/nxtOSEK/ecrobot/../ecrobot/libecrobot.a(bt.oram)
 .bss.in_buf    0x0020f2c2      0x100 /cygdrive/c/cygwin/nxtOSEK/ecrobot/../ecrobot/libecrobot.a(bt.oram)
 *fill*         0x0020f3c2        0x2 00
 .bss.link_state
                0x0020f3c4        0x4 /cygdrive/c/cygwin/nxtOSEK/ecrobot/../ecrobot/libecrobot.a(nxt_avr.oram)
 .bss.update_count
                0x0020f3c8        0x4 /cygdrive/c/cygwin/nxtOSEK/ecrobot/../ecrobot/libecrobot.a(nxt_avr.oram)
 .bss.nxt_avr_stats
                0x0020f3cc       0x14 /cygdrive/c/cygwin/nxtOSEK/ecrobot/../ecrobot/libecrobot.a(nxt_avr.oram)
 .bss.debounce_cnt
                0x0020f3e0        0x2 /cygdrive/c/cygwin/nxtOSEK/ecrobot/../ecrobot/libecrobot.a(nxt_avr.oram)
 .bss.debounce_state
                0x0020f3e2        0x2 /cygdrive/c/cygwin/nxtOSEK/ecrobot/../ecrobot/libecrobot.a(nxt_avr.oram)
 .bss.button_state
                0x0020f3e4        0x2 /cygdrive/c/cygwin/nxtOSEK/ecrobot/../ecrobot/libecrobot.a(nxt_avr.oram)
 .bss.prev_buttons
                0x0020f3e6        0x2 /cygdrive/c/cygwin/nxtOSEK/ecrobot/../ecrobot/libecrobot.a(nxt_avr.oram)
 .bss.from_buf  0x0020f3e8        0x4 /cygdrive/c/cygwin/nxtOSEK/ecrobot/../ecrobot/libecrobot.a(nxt_avr.oram)
 .bss.io_from_avr
                0x0020f3ec        0x4 /cygdrive/c/cygwin/nxtOSEK/ecrobot/../ecrobot/libecrobot.a(nxt_avr.oram)
 .bss.data_from_avr
                0x0020f3f0       0x1a /cygdrive/c/cygwin/nxtOSEK/ecrobot/../ecrobot/libecrobot.a(nxt_avr.oram)
 .bss.data_to_avr
                0x0020f40a        0x9 /cygdrive/c/cygwin/nxtOSEK/ecrobot/../ecrobot/libecrobot.a(nxt_avr.oram)
 .bss.io_to_avr
                0x0020f413        0x8 /cygdrive/c/cygwin/nxtOSEK/ecrobot/../ecrobot/libecrobot.a(nxt_avr.oram)
 *fill*         0x0020f41b        0x1 00
 .bss.display   0x0020f41c        0x4 /cygdrive/c/cygwin/nxtOSEK/ecrobot/../ecrobot/libecrobot.a(nxt_lcd.oram)
 .bss           0x0020f420       0x34 /cygdrive/c/cygwin/GNUARM/bin/../lib/gcc/arm-elf/4.0.2/../../../../arm-elf/lib/thumb/interwork/libc.a(mallocr.o)
                0x0020f450                __malloc_top_pad
                0x0020f44c                __malloc_max_sbrked_mem
                0x0020f420                __malloc_current_mallinfo
                0x0020f448                __malloc_max_total_mem
 .bss           0x0020f454       0xb0 /cygdrive/c/cygwin/GNUARM/bin/../lib/gcc/arm-elf/4.0.2/../../../../arm-elf/lib/thumb/interwork/libc.a(syscalls.o)
                0x0020f510                . = ALIGN (0x10)
 *fill*         0x0020f504        0xc 00
                0x0020f510                __bss_end__ = .
 COMMON         0x0020f510        0x2 build/kernel/interrupt.o
                0x0020f510                runisr
                0x0020f511                sus_all_cnt
 *fill*         0x0020f512        0x2 00
 COMMON         0x0020f514       0x10 build/kernel/osctl.o
                0x0020f514                callevel
                0x0020f515                _errorhook_svcid
                0x0020f516                appmode
                0x0020f518                _errorhook_par1
                0x0020f51c                _errorhook_par3
                0x0020f520                _errorhook_par2
 COMMON         0x0020f524        0x3 build/kernel/task.o
                0x0020f524                runtsk
                0x0020f525                schedtsk
                0x0020f526                nextpri
 *fill*         0x0020f527        0x1 00
 COMMON         0x0020f528       0x2c build/./kernel_cfg.o
                0x0020f528                tcb_waievt
                0x0020f52c                rescb_prevpri
                0x0020f52d                almcb_prev
                0x0020f52e                tcb_lastres
                0x0020f530                almcb_almval
                0x0020f534                tcxb_pc
                0x0020f538                tcb_next
                0x0020f539                tcb_curpri
                0x0020f53a                tcb_tstat
                0x0020f53b                isrcb_lastres
                0x0020f53c                cntcb_almque
                0x0020f53d                rescb_prevres
                0x0020f53e                tcb_actcnt
                0x0020f540                tcb_curevt
                0x0020f544                almcb_cycle
                0x0020f548                tcxb_sp
                0x0020f54c                almcb_next
                0x0020f550                cntcb_curval
 COMMON         0x0020f554       0x44 /cygdrive/c/cygwin/nxtOSEK/ecrobot/../ecrobot/libecrobot.a(uart.oram)
                0x0020f554                uart
 COMMON         0x0020f598        0x4 /cygdrive/c/cygwin/nxtOSEK/ecrobot/../ecrobot/libecrobot.a(data_abort.oram)
                0x0020f598                data_abort_pc
 COMMON         0x0020f59c        0x8 /cygdrive/c/cygwin/nxtOSEK/ecrobot/../ecrobot/libecrobot.a(display.oram)
                0x0020f59c                display_x
                0x0020f5a0                display_y
 COMMON         0x0020f5a4      0x31c /cygdrive/c/cygwin/nxtOSEK/ecrobot/../ecrobot/libecrobot.a(sound.oram)
                0x0020f5a4                sample
 COMMON         0x0020f8c0        0x4 /cygdrive/c/cygwin/GNUARM/bin/../lib/gcc/arm-elf/4.0.2/../../../../arm-elf/lib/thumb/interwork/libc.a(reent.o)
                0x0020f8c0                errno
                0x0020e430                __bss_start__ = ADDR (.bss)
                0x0020f8c4                __bss_end__ = (ADDR (.bss) + SIZEOF (.bss))
                0x0020f8c4                PROVIDE (end, .)

.heap_area      0x0020f8c4      0x2b4
                0x0020fb78                . = (. + (0x20fb78 - end))
 *fill*         0x0020f8c4      0x2b4 00

.stack          0x0020fb78      0x488
                0x0020fbf8                . = (. + 0x80)
 *fill*         0x0020fb78       0x80 00
                0x0020fc00                . = ALIGN (0x10)
 *fill*         0x0020fbf8        0x8 00
                0x0020fc00                __irq_stack__ = .
                0x0020fc00                __system_stack_bottom__ = .
                0x00210000                . = (. + 0x400)
 *fill*         0x0020fc00      0x400 00
                0x00210000                . = ALIGN (0x10)
                0x00210000                __system_stack__ = .
                0x00210000                __system_stack_top__ = .
                0x0020fb78                __stack_start__ = ADDR (.stack)
                0x00210000                __stack_end__ = (ADDR (.stack) + SIZEOF (.stack))
OUTPUT(tyreal_ram.elf elf32-littlearm)

.comment        0x00000000      0x5fa
 .comment       0x00000000       0x12 build/kernel/alarm.o
 .comment       0x00000012       0x12 build/kernel/event.o
 .comment       0x00000024       0x12 build/kernel/interrupt.o
 .comment       0x00000036       0x12 build/kernel/osctl.o
 .comment       0x00000048       0x12 build/kernel/resource.o
 .comment       0x0000005a       0x12 build/kernel/task.o
 .comment       0x0000006c       0x12 build/kernel/task_manage.o
 .comment       0x0000007e       0x12 build/config/at91sam7s-gnu/cpu_config.o
 .comment       0x00000090       0x12 build/config/at91sam7s-gnu/lego_nxt/sys_config.o
 .comment       0x000000a2       0x12 build/./kernel_cfg.o
 .comment       0x000000b4       0x12 build/syscalls.o
 .comment       0x000000c6       0x12 build/ecrobot_bluetooth.o
 .comment       0x000000d8       0x12 build/ecrobot_base.o
 .comment       0x000000ea       0x12 build/ecrobot.o
 .comment       0x000000fc       0x12 build/balancer_param.o
 .comment       0x0000010e       0x12 build/sample.o
 .comment       0x00000120       0x12 build/logSend.o
 .comment       0x00000132       0x12 build/syslib/at91sam7s-gnu/lego_nxt/hw_sys_timer.oram
 .comment       0x00000144       0x12 /cygdrive/c/cygwin/nxtOSEK/ecrobot/../ecrobot/libecrobot.a(ecrobot_interface.o)
 .comment       0x00000156       0x12 /cygdrive/c/cygwin/nxtOSEK/ecrobot/../ecrobot/libecrobot.a(colorsensor.o)
 .comment       0x00000168       0x12 /cygdrive/c/cygwin/nxtOSEK/ecrobot/../ecrobot/libecrobot.a(osek_hook.o)
 .comment       0x0000017a       0x12 /cygdrive/c/cygwin/nxtOSEK/ecrobot/../ecrobot/libecrobot.a(uart.oram)
 .comment       0x0000018c       0x12 /cygdrive/c/cygwin/nxtOSEK/ecrobot/../ecrobot/libecrobot.a(systick.oram)
 .comment       0x0000019e       0x12 /cygdrive/c/cygwin/nxtOSEK/ecrobot/../ecrobot/libecrobot.a(byte_fifo.oram)
 .comment       0x000001b0       0x12 /cygdrive/c/cygwin/nxtOSEK/ecrobot/../ecrobot/libecrobot.a(aic.oram)
 .comment       0x000001c2       0x12 /cygdrive/c/cygwin/nxtOSEK/ecrobot/../ecrobot/libecrobot.a(udp.oram)
 .comment       0x000001d4       0x12 /cygdrive/c/cygwin/nxtOSEK/ecrobot/../ecrobot/libecrobot.a(twi.oram)
 .comment       0x000001e6       0x12 /cygdrive/c/cygwin/nxtOSEK/ecrobot/../ecrobot/libecrobot.a(nxt_spi.oram)
 .comment       0x000001f8       0x12 /cygdrive/c/cygwin/nxtOSEK/ecrobot/../ecrobot/libecrobot.a(nxt_motors.oram)
 .comment       0x0000020a       0x12 /cygdrive/c/cygwin/nxtOSEK/ecrobot/../ecrobot/libecrobot.a(data_abort.oram)
 .comment       0x0000021c       0x12 /cygdrive/c/cygwin/nxtOSEK/ecrobot/../ecrobot/libecrobot.a(display.oram)
 .comment       0x0000022e       0x12 /cygdrive/c/cygwin/nxtOSEK/ecrobot/../ecrobot/libecrobot.a(i2c.oram)
 .comment       0x00000240       0x12 /cygdrive/c/cygwin/nxtOSEK/ecrobot/../ecrobot/libecrobot.a(sound.oram)
 .comment       0x00000252       0x12 /cygdrive/c/cygwin/nxtOSEK/ecrobot/../ecrobot/libecrobot.a(bt.oram)
 .comment       0x00000264       0x12 /cygdrive/c/cygwin/nxtOSEK/ecrobot/../ecrobot/libecrobot.a(nxt_avr.oram)
 .comment       0x00000276       0x12 /cygdrive/c/cygwin/nxtOSEK/ecrobot/../ecrobot/libecrobot.a(sensors.oram)
 .comment       0x00000288       0x12 /cygdrive/c/cygwin/nxtOSEK/ecrobot/../ecrobot/libecrobot.a(sensors1.oram)
 .comment       0x0000029a       0x12 /cygdrive/c/cygwin/nxtOSEK/ecrobot/../ecrobot/libecrobot.a(nxt_lcd.oram)
 .comment       0x000002ac       0x12 /cygdrive/c/cygwin/nxtOSEK/ecrobot/../ecrobot/libecrobot.a(flash_loader.oram)
 .comment       0x000002be       0x12 /cygdrive/c/cygwin/nxtOSEK/ecrobot/../ecrobot/libecrobot.a(ecrobot_usb.o)
 .comment       0x000002d0       0x12 /cygdrive/c/cygwin/nxtOSEK/ecrobot/../ecrobot/libecrobot.a(flashprog.oram)
 .comment       0x000002e2       0x12 /cygdrive/c/cygwin/GNUARM/bin/../lib/gcc/arm-elf/4.0.2/thumb/interwork/libgcc.a(_muldi3.o)
 .comment       0x000002f4       0x12 /cygdrive/c/cygwin/GNUARM/bin/../lib/gcc/arm-elf/4.0.2/thumb/interwork/libgcc.a(_divdi3.o)
 .comment       0x00000306       0x12 /cygdrive/c/cygwin/GNUARM/bin/../lib/gcc/arm-elf/4.0.2/thumb/interwork/libgcc.a(_clz.o)
 .comment       0x00000318       0x12 /cygdrive/c/cygwin/GNUARM/bin/../lib/gcc/arm-elf/4.0.2/../../../../arm-elf/lib/thumb/interwork/libc.a(abs.o)
 .comment       0x0000032a       0x12 /cygdrive/c/cygwin/GNUARM/bin/../lib/gcc/arm-elf/4.0.2/../../../../arm-elf/lib/thumb/interwork/libc.a(memcpy.o)
 .comment       0x0000033c       0x12 /cygdrive/c/cygwin/GNUARM/bin/../lib/gcc/arm-elf/4.0.2/../../../../arm-elf/lib/thumb/interwork/libc.a(memset.o)
 .comment       0x0000034e       0x12 /cygdrive/c/cygwin/GNUARM/bin/../lib/gcc/arm-elf/4.0.2/../../../../arm-elf/lib/thumb/interwork/libc.a(sprintf.o)
 .comment       0x00000360       0x12 /cygdrive/c/cygwin/GNUARM/bin/../lib/gcc/arm-elf/4.0.2/../../../../arm-elf/lib/thumb/interwork/libc.a(strcmp.o)
 .comment       0x00000372       0x12 /cygdrive/c/cygwin/GNUARM/bin/../lib/gcc/arm-elf/4.0.2/../../../../arm-elf/lib/thumb/interwork/libc.a(strcpy.o)
 .comment       0x00000384       0x12 /cygdrive/c/cygwin/GNUARM/bin/../lib/gcc/arm-elf/4.0.2/../../../../arm-elf/lib/thumb/interwork/libc.a(strlen.o)
 .comment       0x00000396       0x12 /cygdrive/c/cygwin/GNUARM/bin/../lib/gcc/arm-elf/4.0.2/../../../../arm-elf/lib/thumb/interwork/libc.a(strncpy.o)
 .comment       0x000003a8       0x12 /cygdrive/c/cygwin/GNUARM/bin/../lib/gcc/arm-elf/4.0.2/../../../../arm-elf/lib/thumb/interwork/libc.a(vfprintf.o)
 .comment       0x000003ba       0x12 /cygdrive/c/cygwin/GNUARM/bin/../lib/gcc/arm-elf/4.0.2/../../../../arm-elf/lib/thumb/interwork/libc.a(wcrtomb.o)
 .comment       0x000003cc       0x12 /cygdrive/c/cygwin/GNUARM/bin/../lib/gcc/arm-elf/4.0.2/../../../../arm-elf/lib/thumb/interwork/libc.a(wcsrtombs.o)
 .comment       0x000003de       0x12 /cygdrive/c/cygwin/GNUARM/bin/../lib/gcc/arm-elf/4.0.2/../../../../arm-elf/lib/thumb/interwork/libc.a(wctomb_r.o)
 .comment       0x000003f0       0x12 /cygdrive/c/cygwin/GNUARM/bin/../lib/gcc/arm-elf/4.0.2/../../../../arm-elf/lib/thumb/interwork/libc.a(wsetup.o)
 .comment       0x00000402       0x12 /cygdrive/c/cygwin/GNUARM/bin/../lib/gcc/arm-elf/4.0.2/../../../../arm-elf/lib/thumb/interwork/libc.a(dtoa.o)
 .comment       0x00000414       0x12 /cygdrive/c/cygwin/GNUARM/bin/../lib/gcc/arm-elf/4.0.2/../../../../arm-elf/lib/thumb/interwork/libc.a(fflush.o)
 .comment       0x00000426       0x12 /cygdrive/c/cygwin/GNUARM/bin/../lib/gcc/arm-elf/4.0.2/../../../../arm-elf/lib/thumb/interwork/libc.a(findfp.o)
 .comment       0x00000438       0x12 /cygdrive/c/cygwin/GNUARM/bin/../lib/gcc/arm-elf/4.0.2/../../../../arm-elf/lib/thumb/interwork/libc.a(freer.o)
 .comment       0x0000044a       0x12 /cygdrive/c/cygwin/GNUARM/bin/../lib/gcc/arm-elf/4.0.2/../../../../arm-elf/lib/thumb/interwork/libc.a(fvwrite.o)
 .comment       0x0000045c       0x12 /cygdrive/c/cygwin/GNUARM/bin/../lib/gcc/arm-elf/4.0.2/../../../../arm-elf/lib/thumb/interwork/libc.a(fwalk.o)
 .comment       0x0000046e       0x12 /cygdrive/c/cygwin/GNUARM/bin/../lib/gcc/arm-elf/4.0.2/../../../../arm-elf/lib/thumb/interwork/libc.a(impure.o)
 .comment       0x00000480       0x12 /cygdrive/c/cygwin/GNUARM/bin/../lib/gcc/arm-elf/4.0.2/../../../../arm-elf/lib/thumb/interwork/libc.a(locale.o)
 .comment       0x00000492       0x12 /cygdrive/c/cygwin/GNUARM/bin/../lib/gcc/arm-elf/4.0.2/../../../../arm-elf/lib/thumb/interwork/libc.a(makebuf.o)
 .comment       0x000004a4       0x12 /cygdrive/c/cygwin/GNUARM/bin/../lib/gcc/arm-elf/4.0.2/../../../../arm-elf/lib/thumb/interwork/libc.a(mallocr.o)
 .comment       0x000004b6       0x12 /cygdrive/c/cygwin/GNUARM/bin/../lib/gcc/arm-elf/4.0.2/../../../../arm-elf/lib/thumb/interwork/libc.a(memchr.o)
 .comment       0x000004c8       0x12 /cygdrive/c/cygwin/GNUARM/bin/../lib/gcc/arm-elf/4.0.2/../../../../arm-elf/lib/thumb/interwork/libc.a(memmove.o)
 .comment       0x000004da       0x12 /cygdrive/c/cygwin/GNUARM/bin/../lib/gcc/arm-elf/4.0.2/../../../../arm-elf/lib/thumb/interwork/libc.a(mlock.o)
 .comment       0x000004ec       0x12 /cygdrive/c/cygwin/GNUARM/bin/../lib/gcc/arm-elf/4.0.2/../../../../arm-elf/lib/thumb/interwork/libc.a(mprec.o)
 .comment       0x000004fe       0x12 /cygdrive/c/cygwin/GNUARM/bin/../lib/gcc/arm-elf/4.0.2/../../../../arm-elf/lib/thumb/interwork/libc.a(reallocr.o)
 .comment       0x00000510       0x12 /cygdrive/c/cygwin/GNUARM/bin/../lib/gcc/arm-elf/4.0.2/../../../../arm-elf/lib/thumb/interwork/libc.a(s_isinf.o)
 .comment       0x00000522       0x12 /cygdrive/c/cygwin/GNUARM/bin/../lib/gcc/arm-elf/4.0.2/../../../../arm-elf/lib/thumb/interwork/libc.a(s_isnan.o)
 .comment       0x00000534       0x12 /cygdrive/c/cygwin/GNUARM/bin/../lib/gcc/arm-elf/4.0.2/../../../../arm-elf/lib/thumb/interwork/libc.a(stdio.o)
 .comment       0x00000546       0x12 /cygdrive/c/cygwin/GNUARM/bin/../lib/gcc/arm-elf/4.0.2/../../../../arm-elf/lib/thumb/interwork/libc.a(syscalls.o)
 .comment       0x00000558       0x12 /cygdrive/c/cygwin/GNUARM/bin/../lib/gcc/arm-elf/4.0.2/../../../../arm-elf/lib/thumb/interwork/libc.a(writer.o)
 .comment       0x0000056a       0x12 /cygdrive/c/cygwin/GNUARM/bin/../lib/gcc/arm-elf/4.0.2/../../../../arm-elf/lib/thumb/interwork/libc.a(callocr.o)
 .comment       0x0000057c       0x12 /cygdrive/c/cygwin/GNUARM/bin/../lib/gcc/arm-elf/4.0.2/../../../../arm-elf/lib/thumb/interwork/libc.a(closer.o)
 .comment       0x0000058e       0x12 /cygdrive/c/cygwin/GNUARM/bin/../lib/gcc/arm-elf/4.0.2/../../../../arm-elf/lib/thumb/interwork/libc.a(errno.o)
 .comment       0x000005a0       0x12 /cygdrive/c/cygwin/GNUARM/bin/../lib/gcc/arm-elf/4.0.2/../../../../arm-elf/lib/thumb/interwork/libc.a(fclose.o)
 .comment       0x000005b2       0x12 /cygdrive/c/cygwin/GNUARM/bin/../lib/gcc/arm-elf/4.0.2/../../../../arm-elf/lib/thumb/interwork/libc.a(fstatr.o)
 .comment       0x000005c4       0x12 /cygdrive/c/cygwin/GNUARM/bin/../lib/gcc/arm-elf/4.0.2/../../../../arm-elf/lib/thumb/interwork/libc.a(lseekr.o)
 .comment       0x000005d6       0x12 /cygdrive/c/cygwin/GNUARM/bin/../lib/gcc/arm-elf/4.0.2/../../../../arm-elf/lib/thumb/interwork/libc.a(readr.o)
 .comment       0x000005e8       0x12 /cygdrive/c/cygwin/GNUARM/bin/../lib/gcc/arm-elf/4.0.2/../../../../arm-elf/lib/thumb/interwork/libc.a(reent.o)

.debug_line     0x00000000     0x4488
 .debug_line    0x00000000       0x70 /cygdrive/c/cygwin/GNUARM/bin/../lib/gcc/arm-elf/4.0.2/thumb/interwork/libgcc.a(_udivsi3.o)
 .debug_line    0x00000070       0x7c /cygdrive/c/cygwin/GNUARM/bin/../lib/gcc/arm-elf/4.0.2/thumb/interwork/libgcc.a(_divsi3.o)
 .debug_line    0x000000ec       0x68 /cygdrive/c/cygwin/GNUARM/bin/../lib/gcc/arm-elf/4.0.2/thumb/interwork/libgcc.a(_umodsi3.o)
 .debug_line    0x00000154       0x71 /cygdrive/c/cygwin/GNUARM/bin/../lib/gcc/arm-elf/4.0.2/thumb/interwork/libgcc.a(_modsi3.o)
 .debug_line    0x000001c5       0x5a /cygdrive/c/cygwin/GNUARM/bin/../lib/gcc/arm-elf/4.0.2/thumb/interwork/libgcc.a(_dvmd_tls.o)
 .debug_line    0x0000021f      0x162 /cygdrive/c/cygwin/GNUARM/bin/../lib/gcc/arm-elf/4.0.2/thumb/interwork/libgcc.a(_addsubdf3.o)
 .debug_line    0x00000381      0x177 /cygdrive/c/cygwin/GNUARM/bin/../lib/gcc/arm-elf/4.0.2/thumb/interwork/libgcc.a(_muldivdf3.o)
 .debug_line    0x000004f8       0xa4 /cygdrive/c/cygwin/GNUARM/bin/../lib/gcc/arm-elf/4.0.2/thumb/interwork/libgcc.a(_cmpdf2.o)
 .debug_line    0x0000059c       0x80 /cygdrive/c/cygwin/GNUARM/bin/../lib/gcc/arm-elf/4.0.2/thumb/interwork/libgcc.a(_truncdfsf2.o)
 .debug_line    0x0000061c      0x110 /cygdrive/c/cygwin/GNUARM/bin/../lib/gcc/arm-elf/4.0.2/thumb/interwork/libgcc.a(_addsubsf3.o)
 .debug_line    0x0000072c      0x11a /cygdrive/c/cygwin/GNUARM/bin/../lib/gcc/arm-elf/4.0.2/thumb/interwork/libgcc.a(_muldivsf3.o)
 .debug_line    0x00000846       0x98 /cygdrive/c/cygwin/GNUARM/bin/../lib/gcc/arm-elf/4.0.2/thumb/interwork/libgcc.a(_cmpsf2.o)
 .debug_line    0x000008de       0x6f /cygdrive/c/cygwin/GNUARM/bin/../lib/gcc/arm-elf/4.0.2/thumb/interwork/libgcc.a(_fixsfsi.o)
 .debug_line    0x0000094d       0x61 /cygdrive/c/cygwin/GNUARM/bin/../lib/gcc/arm-elf/4.0.2/thumb/interwork/libgcc.a(_muldi3.o)
 .debug_line    0x000009ae      0x122 /cygdrive/c/cygwin/GNUARM/bin/../lib/gcc/arm-elf/4.0.2/thumb/interwork/libgcc.a(_divdi3.o)
 .debug_line    0x00000ad0       0x48 /cygdrive/c/cygwin/GNUARM/bin/../lib/gcc/arm-elf/4.0.2/thumb/interwork/libgcc.a(_clz.o)
 .debug_line    0x00000b18       0x6a /cygdrive/c/cygwin/GNUARM/bin/../lib/gcc/arm-elf/4.0.2/../../../../arm-elf/lib/thumb/interwork/libc.a(abs.o)
 .debug_line    0x00000b82       0xc3 /cygdrive/c/cygwin/GNUARM/bin/../lib/gcc/arm-elf/4.0.2/../../../../arm-elf/lib/thumb/interwork/libc.a(memcpy.o)
 .debug_line    0x00000c45       0xd4 /cygdrive/c/cygwin/GNUARM/bin/../lib/gcc/arm-elf/4.0.2/../../../../arm-elf/lib/thumb/interwork/libc.a(memset.o)
 .debug_line    0x00000d19      0x16a /cygdrive/c/cygwin/GNUARM/bin/../lib/gcc/arm-elf/4.0.2/../../../../arm-elf/lib/thumb/interwork/libc.a(sprintf.o)
 .debug_line    0x00000e83       0x88 /cygdrive/c/cygwin/GNUARM/bin/../lib/gcc/arm-elf/4.0.2/../../../../arm-elf/lib/thumb/interwork/libc.a(strcmp.o)
 .debug_line    0x00000f0b       0x80 /cygdrive/c/cygwin/GNUARM/bin/../lib/gcc/arm-elf/4.0.2/../../../../arm-elf/lib/thumb/interwork/libc.a(strcpy.o)
 .debug_line    0x00000f8b       0xaf /cygdrive/c/cygwin/GNUARM/bin/../lib/gcc/arm-elf/4.0.2/../../../../arm-elf/lib/thumb/interwork/libc.a(strlen.o)
 .debug_line    0x0000103a       0xc2 /cygdrive/c/cygwin/GNUARM/bin/../lib/gcc/arm-elf/4.0.2/../../../../arm-elf/lib/thumb/interwork/libc.a(strncpy.o)
 .debug_line    0x000010fc      0x560 /cygdrive/c/cygwin/GNUARM/bin/../lib/gcc/arm-elf/4.0.2/../../../../arm-elf/lib/thumb/interwork/libc.a(vfprintf.o)
 .debug_line    0x0000165c      0x13c /cygdrive/c/cygwin/GNUARM/bin/../lib/gcc/arm-elf/4.0.2/../../../../arm-elf/lib/thumb/interwork/libc.a(wcrtomb.o)
 .debug_line    0x00001798      0x16a /cygdrive/c/cygwin/GNUARM/bin/../lib/gcc/arm-elf/4.0.2/../../../../arm-elf/lib/thumb/interwork/libc.a(wcsrtombs.o)
 .debug_line    0x00001902      0x1b2 /cygdrive/c/cygwin/GNUARM/bin/../lib/gcc/arm-elf/4.0.2/../../../../arm-elf/lib/thumb/interwork/libc.a(wctomb_r.o)
 .debug_line    0x00001ab4      0x14c /cygdrive/c/cygwin/GNUARM/bin/../lib/gcc/arm-elf/4.0.2/../../../../arm-elf/lib/thumb/interwork/libc.a(wsetup.o)
 .debug_line    0x00001c00      0x41d /cygdrive/c/cygwin/GNUARM/bin/../lib/gcc/arm-elf/4.0.2/../../../../arm-elf/lib/thumb/interwork/libc.a(dtoa.o)
 .debug_line    0x0000201d      0x146 /cygdrive/c/cygwin/GNUARM/bin/../lib/gcc/arm-elf/4.0.2/../../../../arm-elf/lib/thumb/interwork/libc.a(fflush.o)
 .debug_line    0x00002163      0x19e /cygdrive/c/cygwin/GNUARM/bin/../lib/gcc/arm-elf/4.0.2/../../../../arm-elf/lib/thumb/interwork/libc.a(findfp.o)
 .debug_line    0x00002301      0x164 /cygdrive/c/cygwin/GNUARM/bin/../lib/gcc/arm-elf/4.0.2/../../../../arm-elf/lib/thumb/interwork/libc.a(freer.o)
 .debug_line    0x00002465      0x1cf /cygdrive/c/cygwin/GNUARM/bin/../lib/gcc/arm-elf/4.0.2/../../../../arm-elf/lib/thumb/interwork/libc.a(fvwrite.o)
 .debug_line    0x00002634      0x158 /cygdrive/c/cygwin/GNUARM/bin/../lib/gcc/arm-elf/4.0.2/../../../../arm-elf/lib/thumb/interwork/libc.a(fwalk.o)
 .debug_line    0x0000278c       0xe3 /cygdrive/c/cygwin/GNUARM/bin/../lib/gcc/arm-elf/4.0.2/../../../../arm-elf/lib/thumb/interwork/libc.a(impure.o)
 .debug_line    0x0000286f      0x145 /cygdrive/c/cygwin/GNUARM/bin/../lib/gcc/arm-elf/4.0.2/../../../../arm-elf/lib/thumb/interwork/libc.a(locale.o)
 .debug_line    0x000029b4      0x166 /cygdrive/c/cygwin/GNUARM/bin/../lib/gcc/arm-elf/4.0.2/../../../../arm-elf/lib/thumb/interwork/libc.a(makebuf.o)
 .debug_line    0x00002b1a      0x23d /cygdrive/c/cygwin/GNUARM/bin/../lib/gcc/arm-elf/4.0.2/../../../../arm-elf/lib/thumb/interwork/libc.a(mallocr.o)